#
# There is insufficient memory for the Java Runtime Environment to continue.
# Native memory allocation (mmap) failed to map 41943040 bytes. Error detail: G1 virtual space
# Possible reasons:
#   The system is out of physical RAM or swap space
#   This process is running with CompressedOops enabled, and the Java Heap may be blocking the growth of the native heap
# Possible solutions:
#   Reduce memory load on the system
#   Increase physical memory or swap space
#   Check if swap backing store is full
#   Decrease Java heap size (-Xmx/-Xms)
#   Decrease number of Java threads
#   Decrease Java thread stack sizes (-Xss)
#   Set larger code cache with -XX:ReservedCodeCacheSize=
#   JVM is running with Unscaled Compressed Oops mode in which the Java heap is
#     placed in the first 4GB address space. The Java Heap base address is the
#     maximum limit for the native heap growth. Please use -XX:HeapBaseMinAddress
#     to set the Java Heap base and to place the Java Heap above 4GB virtual address.
# This output file may be truncated or incomplete.
#
#  Out of Memory Error (os_windows.cpp:3564), pid=20136, tid=184
#
# JRE version: Java(TM) SE Runtime Environment (24.0.1+9) (build 24.0.1+9-30)
# Java VM: Java HotSpot(TM) 64-Bit Server VM (24.0.1+9-30, mixed mode, sharing, tiered, compressed oops, compressed class ptrs, g1 gc, windows-amd64)
# No core dump will be written. Minidumps are not enabled by default on client versions of Windows
#

---------------  S U M M A R Y ------------

Command Line: --add-opens=java.base/java.lang=ALL-UNNAMED --add-opens=java.base/java.lang.invoke=ALL-UNNAMED --add-opens=java.base/java.util=ALL-UNNAMED --add-opens=java.prefs/java.util.prefs=ALL-UNNAMED --add-exports=jdk.compiler/com.sun.tools.javac.api=ALL-UNNAMED --add-exports=jdk.compiler/com.sun.tools.javac.util=ALL-UNNAMED --add-opens=java.base/java.nio.charset=ALL-UNNAMED --add-opens=java.base/java.net=ALL-UNNAMED --add-opens=java.base/java.util.concurrent=ALL-UNNAMED --add-opens=java.base/java.util.concurrent.atomic=ALL-UNNAMED --add-opens=java.xml/javax.xml.namespace=ALL-UNNAMED --add-opens=java.base/java.time=ALL-UNNAMED --enable-native-access=ALL-UNNAMED -Xmx2048m -Dfile.encoding=UTF-8 -Duser.country=US -Duser.language=en -Duser.variant -javaagent:C:\Users\user\.gradle\wrapper\dists\gradle-9.6.0-bin\42k10rwplmzkhuboz9kdazi7s\gradle-9.6.0\lib\agents\gradle-instrumentation-agent-9.6.0.jar org.gradle.launcher.daemon.bootstrap.GradleDaemon 9.6.0

Host: AMD Ryzen 3 7320U with Radeon Graphics         , 8 cores, 3G,  Windows 11 , 64 bit Build 26100 (10.0.26100.9444)
Time: Thu Sep 24 20:50:41 2026 South Africa Standard Time elapsed time: 18.070799 seconds (0d 0h 0m 18s)

---------------  T H R E A D  ---------------

Current thread (0x000001bfbc32f9c0):  VMThread "VM Thread"          [id=184, stack(0x0000006fd0b00000,0x0000006fd0c00000) (1024K)]

Stack: [0x0000006fd0b00000,0x0000006fd0c00000]
Native frames: (J=compiled Java code, j=interpreted, Vv=VM code, C=native code)
V  [jvm.dll+0x730739]  (no source info available)
V  [jvm.dll+0x8d9b23]  (no source info available)
V  [jvm.dll+0x8dc00d]  (no source info available)
V  [jvm.dll+0x8dc683]  (no source info available)
V  [jvm.dll+0x2aa086]  (no source info available)
V  [jvm.dll+0x72cc65]  (no source info available)
V  [jvm.dll+0x72059a]  (no source info available)
V  [jvm.dll+0x390cea]  (no source info available)
V  [jvm.dll+0x3989f6]  (no source info available)
V  [jvm.dll+0x38523e]  (no source info available)
V  [jvm.dll+0x3854f8]  (no source info available)
V  [jvm.dll+0x35d0cc]  (no source info available)
V  [jvm.dll+0x35d15a]  (no source info available)
V  [jvm.dll+0x3aa702]  (no source info available)
V  [jvm.dll+0x3a8d82]  (no source info available)
V  [jvm.dll+0x35c897]  (no source info available)
V  [jvm.dll+0x3a8848]  (no source info available)
V  [jvm.dll+0x8e2742]  (no source info available)
V  [jvm.dll+0x8e3a8c]  (no source info available)
V  [jvm.dll+0x8e3ff8]  (no source info available)
V  [jvm.dll+0x8e4293]  (no source info available)
V  [jvm.dll+0x87d76b]  (no source info available)
V  [jvm.dll+0x72ee55]  (no source info available)
C  [ucrtbase.dll+0x2cd30]  (no source info available)
C  [KERNEL32.DLL+0x2cd87]  (no source info available)
C  [ntdll.dll+0xacaec]  (no source info available)

VM_Operation (0x0000006fd1fefea8): G1TryInitiateConcMark, mode: safepoint, requested by thread 0x000001bfff688cf0


---------------  P R O C E S S  ---------------

Threads class SMR info:
_java_thread_list=0x000001bf86236a80, length=48, elements={
0x000001bf9f463650, 0x000001bfbc33ecc0, 0x000001bfbc33f400, 0x000001bfbc343230,
0x000001bfbc345c20, 0x000001bfbc34c790, 0x000001bfbc34da40, 0x000001bfbc35c3a0,
0x000001bfbc37cb40, 0x000001bfbc4fc0f0, 0x000001bfbc5efb60, 0x000001bffe5a8080,
0x000001bffe5a87d0, 0x000001bffe5aa510, 0x000001bffe5aac60, 0x000001bfff689b90,
0x000001bfff686fb0, 0x000001bfff688cf0, 0x000001bfff689440, 0x000001bfff686860,
0x000001bfff68a2e0, 0x000001bfff6885a0, 0x000001bfff68aa30, 0x000001bfff687700,
0x000001bfff68b180, 0x000001bfff687e50, 0x000001bfff68d610, 0x000001bfff68cec0,
0x000001bfff68dd60, 0x000001bfff68b8d0, 0x000001bfff68c020, 0x000001bfff68c770,
0x000001bffe5ab3b0, 0x000001bf85a13c80, 0x000001bf85a10950, 0x000001bf85a143d0,
0x000001bf85a110a0, 0x000001bf85a14b20, 0x000001bf85a12690, 0x000001bf85a117f0,
0x000001bf85a12de0, 0x000001bf85a15270, 0x000001bf85a159c0, 0x000001bf85a16110,
0x000001bf85a16860, 0x000001bf85a13530, 0x000001bf85a17e50, 0x000001bf85a16fb0
}

Java Threads: ( => current thread )
  0x000001bf9f463650 JavaThread "main"                              [_thread_blocked, id=12672, stack(0x0000006fd0400000,0x0000006fd0500000) (1024K)]
  0x000001bfbc33ecc0 JavaThread "Reference Handler"          daemon [_thread_blocked, id=7308, stack(0x0000006fd0c00000,0x0000006fd0d00000) (1024K)]
  0x000001bfbc33f400 JavaThread "Finalizer"                  daemon [_thread_blocked, id=10764, stack(0x0000006fd0d00000,0x0000006fd0e00000) (1024K)]
  0x000001bfbc343230 JavaThread "Signal Dispatcher"          daemon [_thread_blocked, id=17976, stack(0x0000006fd0e00000,0x0000006fd0f00000) (1024K)]
  0x000001bfbc345c20 JavaThread "Attach Listener"            daemon [_thread_blocked, id=19504, stack(0x0000006fd0f00000,0x0000006fd1000000) (1024K)]
  0x000001bfbc34c790 JavaThread "Service Thread"             daemon [_thread_blocked, id=14644, stack(0x0000006fd1000000,0x0000006fd1100000) (1024K)]
  0x000001bfbc34da40 JavaThread "Monitor Deflation Thread"   daemon [_thread_blocked, id=9388, stack(0x0000006fd1100000,0x0000006fd1200000) (1024K)]
  0x000001bfbc35c3a0 JavaThread "C2 CompilerThread0"         daemon [_thread_blocked, id=10436, stack(0x0000006fd1200000,0x0000006fd1300000) (1024K)]
  0x000001bfbc37cb40 JavaThread "C1 CompilerThread0"         daemon [_thread_blocked, id=20300, stack(0x0000006fd1300000,0x0000006fd1400000) (1024K)]
  0x000001bfbc4fc0f0 JavaThread "Common-Cleaner"             daemon [_thread_blocked, id=15636, stack(0x0000006fd1400000,0x0000006fd1500000) (1024K)]
  0x000001bfbc5efb60 JavaThread "Notification Thread"        daemon [_thread_blocked, id=2324, stack(0x0000006fd1500000,0x0000006fd1600000) (1024K)]
  0x000001bffe5a8080 JavaThread "Daemon health stats"               [_thread_blocked, id=14816, stack(0x0000006fd1700000,0x0000006fd1800000) (1024K)]
  0x000001bffe5a87d0 JavaThread "Incoming local TCP Connector on port 53906"        [_thread_in_native, id=10152, stack(0x0000006fd1a00000,0x0000006fd1b00000) (1024K)]
  0x000001bffe5aa510 JavaThread "Daemon periodic checks"            [_thread_blocked, id=4396, stack(0x0000006fd1b00000,0x0000006fd1c00000) (1024K)]
  0x000001bffe5aac60 JavaThread "Daemon"                            [_thread_blocked, id=13612, stack(0x0000006fd1c00000,0x0000006fd1d00000) (1024K)]
  0x000001bfff689b90 JavaThread "Handler for socket connection from /127.0.0.1:53906 to /127.0.0.1:53907"        [_thread_in_native, id=14192, stack(0x0000006fd1d00000,0x0000006fd1e00000) (1024K)]
  0x000001bfff686fb0 JavaThread "Cancel handler"                    [_thread_blocked, id=4648, stack(0x0000006fd1e00000,0x0000006fd1f00000) (1024K)]
  0x000001bfff688cf0 JavaThread "Daemon worker"                     [_thread_blocked, id=15016, stack(0x0000006fd1f00000,0x0000006fd2000000) (1024K)]
  0x000001bfff689440 JavaThread "Asynchronous log dispatcher for DefaultDaemonConnection: socket connection from /127.0.0.1:53906 to /127.0.0.1:53907"        [_thread_blocked, id=9128, stack(0x0000006fd2000000,0x0000006fd2100000) (1024K)]
  0x000001bfff686860 JavaThread "Stdin handler"                     [_thread_blocked, id=12036, stack(0x0000006fd2100000,0x0000006fd2200000) (1024K)]
  0x000001bfff68a2e0 JavaThread "Daemon client event forwarder"        [_thread_blocked, id=15568, stack(0x0000006fd2200000,0x0000006fd2300000) (1024K)]
  0x000001bfff6885a0 JavaThread "Cache worker for journal cache (C:\Users\user\.gradle\caches\journal-1)"        [_thread_blocked, id=6760, stack(0x0000006fd2700000,0x0000006fd2800000) (1024K)]
  0x000001bfff68aa30 JavaThread "File lock request listener"        [_thread_in_native, id=4128, stack(0x0000006fd2800000,0x0000006fd2900000) (1024K)]
  0x000001bfff687700 JavaThread "Cache worker for file hash cache (C:\Users\user\.gradle\caches\9.6.0\fileHashes)"        [_thread_blocked, id=12660, stack(0x0000006fd2900000,0x0000006fd2a00000) (1024K)]
  0x000001bfff68b180 JavaThread "Cache worker for file hash cache (C:\Users\user\AndroidStudioProjects\SmartPantryManager\.gradle\9.6.0\fileHashes)"        [_thread_blocked, id=19616, stack(0x0000006fd2b00000,0x0000006fd2c00000) (1024K)]
  0x000001bfff687e50 JavaThread "Cache worker for checksums cache (C:\Users\user\AndroidStudioProjects\SmartPantryManager\.gradle\9.6.0\checksums)"        [_thread_blocked, id=14544, stack(0x0000006fd2c00000,0x0000006fd2d00000) (1024K)]
  0x000001bfff68d610 JavaThread "Cache worker for Build Output Cleanup Cache (C:\Users\user\AndroidStudioProjects\SmartPantryManager\.gradle\buildOutputCleanup)"        [_thread_blocked, id=11596, stack(0x0000006fd2d00000,0x0000006fd2e00000) (1024K)]
  0x000001bfff68cec0 JavaThread "Cache worker for file content cache (C:\Users\user\.gradle\caches\9.6.0\fileContent)"        [_thread_blocked, id=10780, stack(0x0000006fd2e00000,0x0000006fd2f00000) (1024K)]
  0x000001bfff68dd60 JavaThread "File watcher server"        daemon [_thread_blocked, id=20872, stack(0x0000006fd2f00000,0x0000006fd3000000) (1024K)]
  0x000001bfff68b8d0 JavaThread "File watcher consumer"      daemon [_thread_blocked, id=4136, stack(0x0000006fd3000000,0x0000006fd3100000) (1024K)]
  0x000001bfff68c020 JavaThread "Cache worker for cache directory md-supplier (C:\Users\user\.gradle\caches\9.6.0\md-supplier)"        [_thread_blocked, id=17952, stack(0x0000006fd3100000,0x0000006fd3200000) (1024K)]
  0x000001bfff68c770 JavaThread "Cache worker for cache directory md-rule (C:\Users\user\.gradle\caches\9.6.0\md-rule)"        [_thread_blocked, id=4716, stack(0x0000006fd3200000,0x0000006fd3300000) (1024K)]
  0x000001bffe5ab3b0 JavaThread "jar transforms"                    [_thread_blocked, id=18648, stack(0x0000006fd3300000,0x0000006fd3400000) (1024K)]
  0x000001bf85a13c80 JavaThread "jar transforms Thread 2"           [_thread_blocked, id=5248, stack(0x0000006fd3400000,0x0000006fd3500000) (1024K)]
  0x000001bf85a10950 JavaThread "jar transforms Thread 3"           [_thread_blocked, id=21248, stack(0x0000006fd3600000,0x0000006fd3700000) (1024K)]
  0x000001bf85a143d0 JavaThread "Build operations"                  [_thread_blocked, id=15536, stack(0x0000006fd3700000,0x0000006fd3800000) (1024K)]
  0x000001bf85a110a0 JavaThread "Build operations Thread 2"         [_thread_blocked, id=3348, stack(0x0000006fd3800000,0x0000006fd3900000) (1024K)]
  0x000001bf85a14b20 JavaThread "Build operations Thread 3"         [_thread_blocked, id=5788, stack(0x0000006fd3900000,0x0000006fd3a00000) (1024K)]
  0x000001bf85a12690 JavaThread "Build operations Thread 4"         [_thread_blocked, id=16656, stack(0x0000006fd3a00000,0x0000006fd3b00000) (1024K)]
  0x000001bf85a117f0 JavaThread "Build operations Thread 5"         [_thread_blocked, id=6672, stack(0x0000006fd3b00000,0x0000006fd3c00000) (1024K)]
  0x000001bf85a12de0 JavaThread "Build operations Thread 6"         [_thread_blocked, id=10060, stack(0x0000006fd3c00000,0x0000006fd3d00000) (1024K)]
  0x000001bf85a15270 JavaThread "Build operations Thread 7"         [_thread_blocked, id=8144, stack(0x0000006fd3d00000,0x0000006fd3e00000) (1024K)]
  0x000001bf85a159c0 JavaThread "Build operations Thread 8"         [_thread_blocked, id=16220, stack(0x0000006fd3e00000,0x0000006fd3f00000) (1024K)]
  0x000001bf85a16110 JavaThread "jar transforms Thread 4"           [_thread_blocked, id=12984, stack(0x0000006fd3f00000,0x0000006fd4000000) (1024K)]
  0x000001bf85a16860 JavaThread "jar transforms Thread 5"           [_thread_blocked, id=7356, stack(0x0000006fd4000000,0x0000006fd4100000) (1024K)]
  0x000001bf85a13530 JavaThread "jar transforms Thread 6"           [_thread_blocked, id=10128, stack(0x0000006fd4100000,0x0000006fd4200000) (1024K)]
  0x000001bf85a17e50 JavaThread "jar transforms Thread 7"           [_thread_blocked, id=15580, stack(0x0000006fd4200000,0x0000006fd4300000) (1024K)]
  0x000001bf85a16fb0 JavaThread "jar transforms Thread 8"           [_thread_blocked, id=19060, stack(0x0000006fd4300000,0x0000006fd4400000) (1024K)]
Total: 48

Other Threads:
=>0x000001bfbc32f9c0 VMThread "VM Thread"                           [id=184, stack(0x0000006fd0b00000,0x0000006fd0c00000) (1024K)]
  0x000001bfbc1fd150 WatcherThread "VM Periodic Task Thread"        [id=2568, stack(0x0000006fd0a00000,0x0000006fd0b00000) (1024K)]
  0x000001bf9f4b6840 WorkerThread "GC Thread#0"                     [id=20448, stack(0x0000006fd0500000,0x0000006fd0600000) (1024K)]
  0x000001bffe4d33a0 WorkerThread "GC Thread#1"                     [id=11920, stack(0x0000006fd1600000,0x0000006fd1700000) (1024K)]
  0x000001bfff69e850 WorkerThread "GC Thread#2"                     [id=12748, stack(0x0000006fd1800000,0x0000006fd1900000) (1024K)]
  0x000001bfff67f830 WorkerThread "GC Thread#3"                     [id=9864, stack(0x0000006fd1900000,0x0000006fd1a00000) (1024K)]
  0x000001bfff8fd800 WorkerThread "GC Thread#4"                     [id=10628, stack(0x0000006fd2300000,0x0000006fd2400000) (1024K)]
  0x000001bfff8a3860 WorkerThread "GC Thread#5"                     [id=10644, stack(0x0000006fd2400000,0x0000006fd2500000) (1024K)]
  0x000001bfff8b32e0 WorkerThread "GC Thread#6"                     [id=12216, stack(0x0000006fd2500000,0x0000006fd2600000) (1024K)]
  0x000001bfff8b2420 WorkerThread "GC Thread#7"                     [id=13260, stack(0x0000006fd2600000,0x0000006fd2700000) (1024K)]
  0x000001bf9f4cb0d0 ConcurrentGCThread "G1 Main Marker"            [id=12804, stack(0x0000006fd0600000,0x0000006fd0700000) (1024K)]
  0x000001bf9f4cd7f0 WorkerThread "G1 Conc#0"                       [id=11792, stack(0x0000006fd0700000,0x0000006fd0800000) (1024K)]
  0x000001bfff8b2b80 WorkerThread "G1 Conc#1"                       [id=12292, stack(0x0000006fd2a00000,0x0000006fd2b00000) (1024K)]
  0x000001bf9f519aa0 ConcurrentGCThread "G1 Refine#0"               [id=18036, stack(0x0000006fd0800000,0x0000006fd0900000) (1024K)]
  0x000001bfbc1e10a0 ConcurrentGCThread "G1 Service"                [id=11684, stack(0x0000006fd0900000,0x0000006fd0a00000) (1024K)]
Total: 15

Threads with active compile tasks:
C2 CompilerThread0  18178 10208 %     4       org.jetbrains.kotlin.cli.jvm.index.JvmDependenciesIndexImpl::searchClasses @ 205 (520 bytes)
C1 CompilerThread0  18178 10249       3       org.jetbrains.kotlin.metadata.jvm.JvmProtoBuf$StringTableTypes$1::parsePartialFrom (7 bytes)
Total: 2

VM state: at safepoint (normal execution)

VM Mutex/Monitor currently owned by a thread:  ([mutex/lock_event])
[0x00007fff6dff44b0] Threads_lock - owner thread: 0x000001bfbc32f9c0
[0x00007fff6dff45b0] Heap_lock - owner thread: 0x000001bfff688cf0

Heap address: 0x0000000080000000, size: 2048 MB, Compressed Oops mode: 32-bit

CDS archive(s) mapped at: [0x000001bfbd000000-0x000001bfbdd40000-0x000001bfbdd40000), size 13893632, SharedBaseAddress: 0x000001bfbd000000, ArchiveRelocationMode: 1.
Compressed class space mapped at: 0x000001bfbe000000-0x000001bffe000000, reserved size: 1073741824
UseCompressedClassPointers 1, UseCompactObjectHeaders 0
Narrow klass pointer bits 32, Max shift 3
Narrow klass base: 0x000001bfbd000000, Narrow klass shift: 0
Encoding Range: [0x000001bfbd000000 - 0x000001c0bd000000), (4294967296 bytes)
Klass Range:    [0x000001bfbd000000 - 0x000001bffe000000), (1090519040 bytes)
Klass ID Range:  [8 - 1090519033) (1090519025)

GC Precious Log:
 CardTable entry size: 512
 Card Set container configuration: InlinePtr #cards 5 size 8 Array Of Cards #cards 10 size 36 Howl #buckets 4 coarsen threshold 1843 Howl Bitmap #cards 512 size 80 coarsen threshold 460 Card regions per heap region 1 cards per card region 2048
 CPUs: 8 total, 8 available
 Memory: 3317M
 Large Page Support: Disabled
 NUMA Support: Disabled
 Compressed Oops: Enabled (32-bit)
 Heap Region Size: 1M
 Heap Min Capacity: 8M
 Heap Initial Capacity: 52M
 Heap Max Capacity: 2G
 Pre-touch: Disabled
 Parallel Workers: 8
 Concurrent Workers: 2
 Concurrent Refinement Workers: 8
 Periodic GC: Disabled

Heap:
 garbage-first heap   total reserved 2097152K, committed 176128K, used 127524K [0x0000000080000000, 0x0000000100000000)
  region size 1024K, 6 young (6144K), 6 survivors (6144K)
 Metaspace       used 116182K, committed 118400K, reserved 1179648K
  class space    used 12478K, committed 13504K, reserved 1048576K

Heap Regions: E=young(eden), S=young(survivor), O=old, HS=humongous(starts), HC=humongous(continues), CS=collection set, F=free, TAMS=top-at-mark-start, PB=parsable bottom
|   0|0x0000000080000000, 0x0000000080100000, 0x0000000080100000|100%|HS|  |TAMS 0x0000000080100000| PB 0x0000000080000000| Complete |  0
|   1|0x0000000080100000, 0x0000000080200000, 0x0000000080200000|100%|HC|  |TAMS 0x0000000080200000| PB 0x0000000080100000| Complete |  0
|   2|0x0000000080200000, 0x0000000080300000, 0x0000000080300000|100%|HC|  |TAMS 0x0000000080300000| PB 0x0000000080200000| Complete |  0
|   3|0x0000000080300000, 0x0000000080400000, 0x0000000080400000|100%|HC|  |TAMS 0x0000000080400000| PB 0x0000000080300000| Complete |  0
|   4|0x0000000080400000, 0x0000000080500000, 0x0000000080500000|100%| O|  |TAMS 0x0000000080500000| PB 0x0000000080400000| Untracked |  0
|   5|0x0000000080500000, 0x0000000080600000, 0x0000000080600000|100%| O|  |TAMS 0x0000000080600000| PB 0x0000000080500000| Untracked |  0
|   6|0x0000000080600000, 0x0000000080700000, 0x0000000080700000|100%| O|  |TAMS 0x0000000080700000| PB 0x0000000080600000| Untracked |  0
|   7|0x0000000080700000, 0x0000000080800000, 0x0000000080800000|100%| O|  |TAMS 0x0000000080800000| PB 0x0000000080700000| Untracked |  0
|   8|0x0000000080800000, 0x0000000080900000, 0x0000000080900000|100%| O|  |TAMS 0x0000000080900000| PB 0x0000000080800000| Untracked |  0
|   9|0x0000000080900000, 0x0000000080a00000, 0x0000000080a00000|100%| O|  |TAMS 0x0000000080a00000| PB 0x0000000080900000| Untracked |  0
|  10|0x0000000080a00000, 0x0000000080b00000, 0x0000000080b00000|100%| O|  |TAMS 0x0000000080b00000| PB 0x0000000080a00000| Untracked |  0
|  11|0x0000000080b00000, 0x0000000080c00000, 0x0000000080c00000|100%| O|  |TAMS 0x0000000080c00000| PB 0x0000000080b00000| Untracked |  0
|  12|0x0000000080c00000, 0x0000000080d00000, 0x0000000080d00000|100%|HS|  |TAMS 0x0000000080d00000| PB 0x0000000080c00000| Complete |  0
|  13|0x0000000080d00000, 0x0000000080e00000, 0x0000000080e00000|100%| O|  |TAMS 0x0000000080e00000| PB 0x0000000080d00000| Untracked |  0
|  14|0x0000000080e00000, 0x0000000080f00000, 0x0000000080f00000|100%| O|  |TAMS 0x0000000080f00000| PB 0x0000000080e00000| Untracked |  0
|  15|0x0000000080f00000, 0x0000000081000000, 0x0000000081000000|100%| O|  |TAMS 0x0000000081000000| PB 0x0000000080f00000| Untracked |  0
|  16|0x0000000081000000, 0x0000000081100000, 0x0000000081100000|100%| O|  |TAMS 0x0000000081100000| PB 0x0000000081000000| Untracked |  0
|  17|0x0000000081100000, 0x0000000081200000, 0x0000000081200000|100%| O|  |TAMS 0x0000000081200000| PB 0x0000000081100000| Untracked |  0
|  18|0x0000000081200000, 0x0000000081300000, 0x0000000081300000|100%| O|  |TAMS 0x0000000081300000| PB 0x0000000081200000| Untracked |  0
|  19|0x0000000081300000, 0x0000000081400000, 0x0000000081400000|100%| O|  |TAMS 0x0000000081400000| PB 0x0000000081300000| Untracked |  0
|  20|0x0000000081400000, 0x0000000081500000, 0x0000000081500000|100%| O|  |TAMS 0x0000000081500000| PB 0x0000000081400000| Untracked |  0
|  21|0x0000000081500000, 0x0000000081600000, 0x0000000081600000|100%| O|  |TAMS 0x0000000081600000| PB 0x0000000081500000| Untracked |  0
|  22|0x0000000081600000, 0x0000000081700000, 0x0000000081700000|100%| O|  |TAMS 0x0000000081700000| PB 0x0000000081600000| Untracked |  0
|  23|0x0000000081700000, 0x0000000081800000, 0x0000000081800000|100%| O|  |TAMS 0x0000000081800000| PB 0x0000000081700000| Untracked |  0
|  24|0x0000000081800000, 0x0000000081900000, 0x0000000081900000|100%| O|  |TAMS 0x0000000081900000| PB 0x0000000081800000| Untracked |  0
|  25|0x0000000081900000, 0x0000000081a00000, 0x0000000081a00000|100%| O|  |TAMS 0x0000000081a00000| PB 0x0000000081900000| Untracked |  0
|  26|0x0000000081a00000, 0x0000000081b00000, 0x0000000081b00000|100%| O|  |TAMS 0x0000000081b00000| PB 0x0000000081a00000| Untracked |  0
|  27|0x0000000081b00000, 0x0000000081c00000, 0x0000000081c00000|100%| O|  |TAMS 0x0000000081c00000| PB 0x0000000081b00000| Untracked |  0
|  28|0x0000000081c00000, 0x0000000081d00000, 0x0000000081d00000|100%| O|  |TAMS 0x0000000081d00000| PB 0x0000000081c00000| Untracked |  0
|  29|0x0000000081d00000, 0x0000000081e00000, 0x0000000081e00000|100%| O|  |TAMS 0x0000000081e00000| PB 0x0000000081d00000| Untracked |  0
|  30|0x0000000081e00000, 0x0000000081f00000, 0x0000000081f00000|100%| O|  |TAMS 0x0000000081f00000| PB 0x0000000081e00000| Untracked |  0
|  31|0x0000000081f00000, 0x0000000082000000, 0x0000000082000000|100%| O|  |TAMS 0x0000000082000000| PB 0x0000000081f00000| Untracked |  0
|  32|0x0000000082000000, 0x0000000082100000, 0x0000000082100000|100%| O|  |TAMS 0x0000000082100000| PB 0x0000000082000000| Untracked |  0
|  33|0x0000000082100000, 0x0000000082200000, 0x0000000082200000|100%| O|  |TAMS 0x0000000082200000| PB 0x0000000082100000| Untracked |  0
|  34|0x0000000082200000, 0x0000000082300000, 0x0000000082300000|100%| O|  |TAMS 0x0000000082300000| PB 0x0000000082200000| Untracked |  0
|  35|0x0000000082300000, 0x0000000082400000, 0x0000000082400000|100%| O|  |TAMS 0x0000000082400000| PB 0x0000000082300000| Untracked |  0
|  36|0x0000000082400000, 0x0000000082500000, 0x0000000082500000|100%| O|  |TAMS 0x0000000082500000| PB 0x0000000082400000| Untracked |  0
|  37|0x0000000082500000, 0x0000000082600000, 0x0000000082600000|100%| O|  |TAMS 0x0000000082600000| PB 0x0000000082500000| Untracked |  0
|  38|0x0000000082600000, 0x0000000082700000, 0x0000000082700000|100%| O|  |TAMS 0x0000000082700000| PB 0x0000000082600000| Untracked |  0
|  39|0x0000000082700000, 0x0000000082800000, 0x0000000082800000|100%| O|  |TAMS 0x0000000082800000| PB 0x0000000082700000| Untracked |  0
|  40|0x0000000082800000, 0x0000000082900000, 0x0000000082900000|100%| O|  |TAMS 0x0000000082900000| PB 0x0000000082800000| Untracked |  0
|  41|0x0000000082900000, 0x0000000082a00000, 0x0000000082a00000|100%| O|  |TAMS 0x0000000082a00000| PB 0x0000000082900000| Untracked |  0
|  42|0x0000000082a00000, 0x0000000082b00000, 0x0000000082b00000|100%| O|  |TAMS 0x0000000082b00000| PB 0x0000000082a00000| Untracked |  0
|  43|0x0000000082b00000, 0x0000000082c00000, 0x0000000082c00000|100%| O|  |TAMS 0x0000000082c00000| PB 0x0000000082b00000| Untracked |  0
|  44|0x0000000082c00000, 0x0000000082d00000, 0x0000000082d00000|100%| O|  |TAMS 0x0000000082d00000| PB 0x0000000082c00000| Untracked |  0
|  45|0x0000000082d00000, 0x0000000082e00000, 0x0000000082e00000|100%| O|  |TAMS 0x0000000082e00000| PB 0x0000000082d00000| Untracked |  0
|  46|0x0000000082e00000, 0x0000000082f00000, 0x0000000082f00000|100%| O|  |TAMS 0x0000000082f00000| PB 0x0000000082e00000| Untracked |  0
|  47|0x0000000082f00000, 0x0000000083000000, 0x0000000083000000|100%| O|  |TAMS 0x0000000083000000| PB 0x0000000082f00000| Untracked |  0
|  48|0x0000000083000000, 0x0000000083100000, 0x0000000083100000|100%| O|  |TAMS 0x0000000083100000| PB 0x0000000083000000| Untracked |  0
|  49|0x0000000083100000, 0x0000000083200000, 0x0000000083200000|100%| O|  |TAMS 0x0000000083200000| PB 0x0000000083100000| Untracked |  0
|  50|0x0000000083200000, 0x0000000083300000, 0x0000000083300000|100%| O|  |TAMS 0x0000000083300000| PB 0x0000000083200000| Untracked |  0
|  51|0x0000000083300000, 0x0000000083400000, 0x0000000083400000|100%| O|  |TAMS 0x0000000083400000| PB 0x0000000083300000| Untracked |  0
|  52|0x0000000083400000, 0x0000000083500000, 0x0000000083500000|100%| O|  |TAMS 0x0000000083500000| PB 0x0000000083400000| Untracked |  0
|  53|0x0000000083500000, 0x0000000083600000, 0x0000000083600000|100%| O|  |TAMS 0x0000000083600000| PB 0x0000000083500000| Untracked |  0
|  54|0x0000000083600000, 0x0000000083700000, 0x0000000083700000|100%| O|  |TAMS 0x0000000083700000| PB 0x0000000083600000| Untracked |  0
|  55|0x0000000083700000, 0x0000000083800000, 0x0000000083800000|100%| O|  |TAMS 0x0000000083800000| PB 0x0000000083700000| Untracked |  0
|  56|0x0000000083800000, 0x0000000083900000, 0x0000000083900000|100%| O|  |TAMS 0x0000000083900000| PB 0x0000000083800000| Untracked |  0
|  57|0x0000000083900000, 0x0000000083a00000, 0x0000000083a00000|100%| O|  |TAMS 0x0000000083a00000| PB 0x0000000083900000| Untracked |  0
|  58|0x0000000083a00000, 0x0000000083b00000, 0x0000000083b00000|100%| O|  |TAMS 0x0000000083b00000| PB 0x0000000083a00000| Untracked |  0
|  59|0x0000000083b00000, 0x0000000083c00000, 0x0000000083c00000|100%|HS|  |TAMS 0x0000000083c00000| PB 0x0000000083b00000| Complete |  0
|  60|0x0000000083c00000, 0x0000000083d00000, 0x0000000083d00000|100%| O|  |TAMS 0x0000000083d00000| PB 0x0000000083c00000| Untracked |  0
|  61|0x0000000083d00000, 0x0000000083e00000, 0x0000000083e00000|100%| O|  |TAMS 0x0000000083e00000| PB 0x0000000083d00000| Untracked |  0
|  62|0x0000000083e00000, 0x0000000083f00000, 0x0000000083f00000|100%| O|  |TAMS 0x0000000083f00000| PB 0x0000000083e00000| Untracked |  0
|  63|0x0000000083f00000, 0x0000000084000000, 0x0000000084000000|100%| O|  |TAMS 0x0000000084000000| PB 0x0000000083f00000| Untracked |  0
|  64|0x0000000084000000, 0x0000000084100000, 0x0000000084100000|100%| O|  |TAMS 0x0000000084100000| PB 0x0000000084000000| Untracked |  0
|  65|0x0000000084100000, 0x0000000084200000, 0x0000000084200000|100%| O|  |TAMS 0x0000000084200000| PB 0x0000000084100000| Untracked |  0
|  66|0x0000000084200000, 0x0000000084300000, 0x0000000084300000|100%| O|  |TAMS 0x0000000084300000| PB 0x0000000084200000| Untracked |  0
|  67|0x0000000084300000, 0x0000000084400000, 0x0000000084400000|100%| O|  |TAMS 0x0000000084400000| PB 0x0000000084300000| Untracked |  0
|  68|0x0000000084400000, 0x0000000084500000, 0x0000000084500000|100%| O|  |TAMS 0x0000000084500000| PB 0x0000000084400000| Untracked |  0
|  69|0x0000000084500000, 0x0000000084600000, 0x0000000084600000|100%| O|  |TAMS 0x0000000084600000| PB 0x0000000084500000| Untracked |  0
|  70|0x0000000084600000, 0x0000000084700000, 0x0000000084700000|100%| O|  |TAMS 0x0000000084700000| PB 0x0000000084600000| Untracked |  0
|  71|0x0000000084700000, 0x0000000084800000, 0x0000000084800000|100%| O|  |TAMS 0x0000000084800000| PB 0x0000000084700000| Untracked |  0
|  72|0x0000000084800000, 0x0000000084900000, 0x0000000084900000|100%| O|  |TAMS 0x0000000084900000| PB 0x0000000084800000| Untracked |  0
|  73|0x0000000084900000, 0x0000000084a00000, 0x0000000084a00000|100%| O|  |TAMS 0x0000000084a00000| PB 0x0000000084900000| Untracked |  0
|  74|0x0000000084a00000, 0x0000000084b00000, 0x0000000084b00000|100%| O|  |TAMS 0x0000000084b00000| PB 0x0000000084a00000| Untracked |  0
|  75|0x0000000084b00000, 0x0000000084c00000, 0x0000000084c00000|100%| O|  |TAMS 0x0000000084c00000| PB 0x0000000084b00000| Untracked |  0
|  76|0x0000000084c00000, 0x0000000084d00000, 0x0000000084d00000|100%| O|  |TAMS 0x0000000084d00000| PB 0x0000000084c00000| Untracked |  0
|  77|0x0000000084d00000, 0x0000000084e00000, 0x0000000084e00000|100%| O|  |TAMS 0x0000000084d00000| PB 0x0000000084d00000| Untracked |  0
|  78|0x0000000084e00000, 0x0000000084f00000, 0x0000000084f00000|100%| O|  |TAMS 0x0000000084f00000| PB 0x0000000084e00000| Untracked |  0
|  79|0x0000000084f00000, 0x0000000085000000, 0x0000000085000000|100%| O|  |TAMS 0x0000000085000000| PB 0x0000000084f00000| Untracked |  0
|  80|0x0000000085000000, 0x0000000085100000, 0x0000000085100000|100%| O|  |TAMS 0x0000000085100000| PB 0x0000000085000000| Untracked |  0
|  81|0x0000000085100000, 0x0000000085200000, 0x0000000085200000|100%| O|  |TAMS 0x0000000085200000| PB 0x0000000085100000| Untracked |  0
|  82|0x0000000085200000, 0x0000000085300000, 0x0000000085300000|100%| O|  |TAMS 0x0000000085200000| PB 0x0000000085200000| Untracked |  0
|  83|0x0000000085300000, 0x0000000085400000, 0x0000000085400000|100%| O|  |TAMS 0x0000000085400000| PB 0x0000000085300000| Untracked |  0
|  84|0x0000000085400000, 0x0000000085500000, 0x0000000085500000|100%| O|  |TAMS 0x0000000085500000| PB 0x0000000085400000| Untracked |  0
|  85|0x0000000085500000, 0x0000000085600000, 0x0000000085600000|100%| O|  |TAMS 0x0000000085600000| PB 0x0000000085500000| Untracked |  0
|  86|0x0000000085600000, 0x0000000085700000, 0x0000000085700000|100%| O|  |TAMS 0x0000000085700000| PB 0x0000000085600000| Untracked |  0
|  87|0x0000000085700000, 0x0000000085800000, 0x0000000085800000|100%| O|  |TAMS 0x0000000085800000| PB 0x0000000085700000| Untracked |  0
|  88|0x0000000085800000, 0x0000000085900000, 0x0000000085900000|100%| O|  |TAMS 0x0000000085900000| PB 0x0000000085800000| Untracked |  0
|  89|0x0000000085900000, 0x0000000085a00000, 0x0000000085a00000|100%| O|  |TAMS 0x0000000085a00000| PB 0x0000000085900000| Untracked |  0
|  90|0x0000000085a00000, 0x0000000085b00000, 0x0000000085b00000|100%| O|  |TAMS 0x0000000085b00000| PB 0x0000000085a00000| Untracked |  0
|  91|0x0000000085b00000, 0x0000000085c00000, 0x0000000085c00000|100%| O|  |TAMS 0x0000000085c00000| PB 0x0000000085b00000| Untracked |  0
|  92|0x0000000085c00000, 0x0000000085d00000, 0x0000000085d00000|100%| O|  |TAMS 0x0000000085d00000| PB 0x0000000085c00000| Untracked |  0
|  93|0x0000000085d00000, 0x0000000085e00000, 0x0000000085e00000|100%| O|  |TAMS 0x0000000085e00000| PB 0x0000000085d00000| Untracked |  0
|  94|0x0000000085e00000, 0x0000000085f00000, 0x0000000085f00000|100%| O|  |TAMS 0x0000000085f00000| PB 0x0000000085e00000| Untracked |  0
|  95|0x0000000085f00000, 0x0000000086000000, 0x0000000086000000|100%| O|  |TAMS 0x0000000086000000| PB 0x0000000085f00000| Untracked |  0
|  96|0x0000000086000000, 0x0000000086100000, 0x0000000086100000|100%| O|  |TAMS 0x0000000086100000| PB 0x0000000086000000| Untracked |  0
|  97|0x0000000086100000, 0x0000000086100000, 0x0000000086200000|  0%| F|  |TAMS 0x0000000086100000| PB 0x0000000086100000| Untracked |  0
|  98|0x0000000086200000, 0x0000000086200000, 0x0000000086300000|  0%| F|  |TAMS 0x0000000086200000| PB 0x0000000086200000| Untracked |  0
|  99|0x0000000086300000, 0x0000000086300000, 0x0000000086400000|  0%| F|  |TAMS 0x0000000086300000| PB 0x0000000086300000| Untracked |  0
| 100|0x0000000086400000, 0x0000000086400000, 0x0000000086500000|  0%| F|  |TAMS 0x0000000086400000| PB 0x0000000086400000| Untracked |  0
| 101|0x0000000086500000, 0x0000000086500000, 0x0000000086600000|  0%| F|  |TAMS 0x0000000086500000| PB 0x0000000086500000| Untracked |  0
| 102|0x0000000086600000, 0x0000000086600000, 0x0000000086700000|  0%| F|  |TAMS 0x0000000086600000| PB 0x0000000086600000| Untracked |  0
| 103|0x0000000086700000, 0x0000000086700000, 0x0000000086800000|  0%| F|  |TAMS 0x0000000086700000| PB 0x0000000086700000| Untracked |  0
| 104|0x0000000086800000, 0x0000000086900000, 0x0000000086900000|100%| O|  |TAMS 0x0000000086800000| PB 0x0000000086800000| Untracked |  0
| 105|0x0000000086900000, 0x0000000086a00000, 0x0000000086a00000|100%| O|  |TAMS 0x0000000086900000| PB 0x0000000086900000| Untracked |  0
| 106|0x0000000086a00000, 0x0000000086b00000, 0x0000000086b00000|100%| O|  |TAMS 0x0000000086a00000| PB 0x0000000086a00000| Untracked |  0
| 107|0x0000000086b00000, 0x0000000086c00000, 0x0000000086c00000|100%| O|  |TAMS 0x0000000086b00000| PB 0x0000000086b00000| Untracked |  0
| 108|0x0000000086c00000, 0x0000000086d00000, 0x0000000086d00000|100%| O|  |TAMS 0x0000000086c00000| PB 0x0000000086c00000| Untracked |  0
| 109|0x0000000086d00000, 0x0000000086e00000, 0x0000000086e00000|100%| O|  |TAMS 0x0000000086d00000| PB 0x0000000086d00000| Untracked |  0
| 110|0x0000000086e00000, 0x0000000086f00000, 0x0000000086f00000|100%| O|  |TAMS 0x0000000086e00000| PB 0x0000000086e00000| Untracked |  0
| 111|0x0000000086f00000, 0x0000000086f89130, 0x0000000087000000| 53%| O|  |TAMS 0x0000000086f00000| PB 0x0000000086f00000| Untracked |  0
| 112|0x0000000087000000, 0x0000000087000000, 0x0000000087100000|  0%| F|  |TAMS 0x0000000087000000| PB 0x0000000087000000| Untracked |  0
| 113|0x0000000087100000, 0x0000000087100000, 0x0000000087200000|  0%| F|  |TAMS 0x0000000087100000| PB 0x0000000087100000| Untracked |  0
| 114|0x0000000087200000, 0x0000000087200000, 0x0000000087300000|  0%| F|  |TAMS 0x0000000087200000| PB 0x0000000087200000| Untracked |  0
| 115|0x0000000087300000, 0x0000000087300000, 0x0000000087400000|  0%| F|  |TAMS 0x0000000087300000| PB 0x0000000087300000| Untracked |  0
| 116|0x0000000087400000, 0x0000000087400000, 0x0000000087500000|  0%| F|  |TAMS 0x0000000087400000| PB 0x0000000087400000| Untracked |  0
| 117|0x0000000087500000, 0x0000000087500000, 0x0000000087600000|  0%| F|  |TAMS 0x0000000087500000| PB 0x0000000087500000| Untracked |  0
| 118|0x0000000087600000, 0x0000000087600000, 0x0000000087700000|  0%| F|  |TAMS 0x0000000087600000| PB 0x0000000087600000| Untracked |  0
| 119|0x0000000087700000, 0x0000000087700000, 0x0000000087800000|  0%| F|  |TAMS 0x0000000087700000| PB 0x0000000087700000| Untracked |  0
| 120|0x0000000087800000, 0x0000000087800000, 0x0000000087900000|  0%| F|  |TAMS 0x0000000087800000| PB 0x0000000087800000| Untracked |  0
| 121|0x0000000087900000, 0x0000000087900000, 0x0000000087a00000|  0%| F|  |TAMS 0x0000000087900000| PB 0x0000000087900000| Untracked |  0
| 122|0x0000000087a00000, 0x0000000087a00000, 0x0000000087b00000|  0%| F|  |TAMS 0x0000000087a00000| PB 0x0000000087a00000| Untracked |  0
| 123|0x0000000087b00000, 0x0000000087b00000, 0x0000000087c00000|  0%| F|  |TAMS 0x0000000087b00000| PB 0x0000000087b00000| Untracked |  0
| 124|0x0000000087c00000, 0x0000000087c00000, 0x0000000087d00000|  0%| F|  |TAMS 0x0000000087c00000| PB 0x0000000087c00000| Untracked |  0
| 125|0x0000000087d00000, 0x0000000087e00000, 0x0000000087e00000|100%| S|CS|TAMS 0x0000000087d00000| PB 0x0000000087d00000| Complete |  0
| 126|0x0000000087e00000, 0x0000000087f00000, 0x0000000087f00000|100%| S|CS|TAMS 0x0000000087e00000| PB 0x0000000087e00000| Complete |  0
| 127|0x0000000087f00000, 0x0000000088000000, 0x0000000088000000|100%| S|CS|TAMS 0x0000000087f00000| PB 0x0000000087f00000| Complete |  0
| 128|0x0000000088000000, 0x0000000088100000, 0x0000000088100000|100%| S|CS|TAMS 0x0000000088000000| PB 0x0000000088000000| Complete |  0
| 129|0x0000000088100000, 0x0000000088200000, 0x0000000088200000|100%| S|CS|TAMS 0x0000000088100000| PB 0x0000000088100000| Complete |  0
| 130|0x0000000088200000, 0x0000000088300000, 0x0000000088300000|100%| S|CS|TAMS 0x0000000088200000| PB 0x0000000088200000| Complete |  0
| 131|0x0000000088300000, 0x0000000088300000, 0x0000000088400000|  0%| F|  |TAMS 0x0000000088300000| PB 0x0000000088300000| Untracked |  0
| 132|0x0000000088400000, 0x0000000088400000, 0x0000000088500000|  0%| F|  |TAMS 0x0000000088400000| PB 0x0000000088400000| Untracked |  0
| 133|0x0000000088500000, 0x0000000088500000, 0x0000000088600000|  0%| F|  |TAMS 0x0000000088500000| PB 0x0000000088500000| Untracked |  0
| 134|0x0000000088600000, 0x0000000088600000, 0x0000000088700000|  0%| F|  |TAMS 0x0000000088600000| PB 0x0000000088600000| Untracked |  0
| 135|0x0000000088700000, 0x0000000088700000, 0x0000000088800000|  0%| F|  |TAMS 0x0000000088700000| PB 0x0000000088700000| Untracked |  0
| 136|0x0000000088800000, 0x0000000088800000, 0x0000000088900000|  0%| F|  |TAMS 0x0000000088800000| PB 0x0000000088800000| Untracked |  0
| 137|0x0000000088900000, 0x0000000088900000, 0x0000000088a00000|  0%| F|  |TAMS 0x0000000088900000| PB 0x0000000088900000| Untracked |  0
| 138|0x0000000088a00000, 0x0000000088a00000, 0x0000000088b00000|  0%| F|  |TAMS 0x0000000088a00000| PB 0x0000000088a00000| Untracked |  0
| 139|0x0000000088b00000, 0x0000000088b00000, 0x0000000088c00000|  0%| F|  |TAMS 0x0000000088b00000| PB 0x0000000088b00000| Untracked |  0
| 140|0x0000000088c00000, 0x0000000088c00000, 0x0000000088d00000|  0%| F|  |TAMS 0x0000000088c00000| PB 0x0000000088c00000| Untracked |  0
| 141|0x0000000088d00000, 0x0000000088d00000, 0x0000000088e00000|  0%| F|  |TAMS 0x0000000088d00000| PB 0x0000000088d00000| Untracked |  0
| 142|0x0000000088e00000, 0x0000000088e00000, 0x0000000088f00000|  0%| F|  |TAMS 0x0000000088e00000| PB 0x0000000088e00000| Untracked |  0
| 143|0x0000000088f00000, 0x0000000088f00000, 0x0000000089000000|  0%| F|  |TAMS 0x0000000088f00000| PB 0x0000000088f00000| Untracked |  0
| 144|0x0000000089000000, 0x0000000089000000, 0x0000000089100000|  0%| F|  |TAMS 0x0000000089000000| PB 0x0000000089000000| Untracked |  0
| 145|0x0000000089100000, 0x0000000089100000, 0x0000000089200000|  0%| F|  |TAMS 0x0000000089100000| PB 0x0000000089100000| Untracked |  0
| 146|0x0000000089200000, 0x0000000089200000, 0x0000000089300000|  0%| F|  |TAMS 0x0000000089200000| PB 0x0000000089200000| Untracked |  0
| 147|0x0000000089300000, 0x0000000089300000, 0x0000000089400000|  0%| F|  |TAMS 0x0000000089300000| PB 0x0000000089300000| Untracked |  0
| 148|0x0000000089400000, 0x0000000089400000, 0x0000000089500000|  0%| F|  |TAMS 0x0000000089400000| PB 0x0000000089400000| Untracked |  0
| 149|0x0000000089500000, 0x0000000089500000, 0x0000000089600000|  0%| F|  |TAMS 0x0000000089500000| PB 0x0000000089500000| Untracked |  0
| 150|0x0000000089600000, 0x0000000089600000, 0x0000000089700000|  0%| F|  |TAMS 0x0000000089600000| PB 0x0000000089600000| Untracked |  0
| 151|0x0000000089700000, 0x0000000089700000, 0x0000000089800000|  0%| F|  |TAMS 0x0000000089700000| PB 0x0000000089700000| Untracked |  0
| 152|0x0000000089800000, 0x0000000089800000, 0x0000000089900000|  0%| F|  |TAMS 0x0000000089800000| PB 0x0000000089800000| Untracked |  0
| 153|0x0000000089900000, 0x0000000089900000, 0x0000000089a00000|  0%| F|  |TAMS 0x0000000089900000| PB 0x0000000089900000| Untracked |  0
| 154|0x0000000089a00000, 0x0000000089a00000, 0x0000000089b00000|  0%| F|  |TAMS 0x0000000089a00000| PB 0x0000000089a00000| Untracked |  0
|2031|0x00000000fef00000, 0x00000000ff000000, 0x00000000ff000000|100%| O|  |TAMS 0x00000000fefc5be0| PB 0x00000000fef00000| Untracked |  0
|2032|0x00000000ff000000, 0x00000000ff100000, 0x00000000ff100000|100%| O|  |TAMS 0x00000000ff100000| PB 0x00000000ff000000| Untracked |  0
|2033|0x00000000ff100000, 0x00000000ff200000, 0x00000000ff200000|100%| O|  |TAMS 0x00000000ff200000| PB 0x00000000ff100000| Untracked |  0
|2034|0x00000000ff200000, 0x00000000ff300000, 0x00000000ff300000|100%| O|  |TAMS 0x00000000ff300000| PB 0x00000000ff200000| Untracked |  0
|2035|0x00000000ff300000, 0x00000000ff400000, 0x00000000ff400000|100%| O|  |TAMS 0x00000000ff400000| PB 0x00000000ff300000| Untracked |  0
|2036|0x00000000ff400000, 0x00000000ff400000, 0x00000000ff500000|  0%| F|  |TAMS 0x00000000ff400000| PB 0x00000000ff400000| Untracked |  0
|2037|0x00000000ff500000, 0x00000000ff500000, 0x00000000ff600000|  0%| F|  |TAMS 0x00000000ff500000| PB 0x00000000ff500000| Untracked |  0
|2038|0x00000000ff600000, 0x00000000ff700000, 0x00000000ff700000|100%| O|  |TAMS 0x00000000ff700000| PB 0x00000000ff600000| Untracked |  0
|2039|0x00000000ff700000, 0x00000000ff800000, 0x00000000ff800000|100%| O|  |TAMS 0x00000000ff800000| PB 0x00000000ff700000| Untracked |  0
|2040|0x00000000ff800000, 0x00000000ff900000, 0x00000000ff900000|100%| O|  |TAMS 0x00000000ff900000| PB 0x00000000ff800000| Untracked |  0
|2041|0x00000000ff900000, 0x00000000ffa00000, 0x00000000ffa00000|100%| O|  |TAMS 0x00000000ffa00000| PB 0x00000000ff900000| Untracked |  0
|2042|0x00000000ffa00000, 0x00000000ffb00000, 0x00000000ffb00000|100%| O|  |TAMS 0x00000000ffb00000| PB 0x00000000ffa00000| Untracked |  0
|2043|0x00000000ffb00000, 0x00000000ffc00000, 0x00000000ffc00000|100%| O|  |TAMS 0x00000000ffc00000| PB 0x00000000ffb00000| Untracked |  0
|2044|0x00000000ffc00000, 0x00000000ffd00000, 0x00000000ffd00000|100%| O|  |TAMS 0x00000000ffd00000| PB 0x00000000ffc00000| Untracked |  0
|2045|0x00000000ffd00000, 0x00000000ffe00000, 0x00000000ffe00000|100%| O|  |TAMS 0x00000000ffe00000| PB 0x00000000ffd00000| Untracked |  0
|2046|0x00000000ffe00000, 0x00000000fff00000, 0x00000000fff00000|100%| O|  |TAMS 0x00000000fff00000| PB 0x00000000ffe00000| Untracked |  0
|2047|0x00000000fff00000, 0x00000000fff00000, 0x0000000100000000|  0%| F|  |TAMS 0x00000000fff00000| PB 0x00000000fff00000| Untracked |  0

Card table byte_map: [0x000001bfb7540000,0x000001bfb7940000] _byte_map_base: 0x000001bfb7140000

Marking Bits: (CMBitMap*) 0x000001bf9d08e820
 Bits: [0x000001bfb7940000, 0x000001bfb9940000)

Polling page: 0x000001bf9d290000

Metaspace:

Usage:
  Non-class:    101.27 MB used.
      Class:     12.19 MB used.
       Both:    113.46 MB used.

Virtual space:
  Non-class space:      128.00 MB reserved,     102.44 MB ( 80%) committed,  2 nodes.
      Class space:        1.00 GB reserved,      13.19 MB (  1%) committed,  1 nodes.
             Both:        1.12 GB reserved,     115.62 MB ( 10%) committed. 

Chunk freelists:
   Non-Class:  8.86 MB
       Class:  2.72 MB
        Both:  11.58 MB

MaxMetaspaceSize: unlimited
CompressedClassSpaceSize: 1.00 GB
Initial GC threshold: 21.00 MB
Current GC threshold: 183.12 MB
CDS: on
 - commit_granule_bytes: 65536.
 - commit_granule_words: 8192.
 - virtual_space_node_default_size: 8388608.
 - enlarge_chunks_in_place: 1.
UseCompressedClassPointers 1, UseCompactObjectHeaders 0
Narrow klass pointer bits 32, Max shift 3
Narrow klass base: 0x000001bfbd000000, Narrow klass shift: 0
Encoding Range: [0x000001bfbd000000 - 0x000001c0bd000000), (4294967296 bytes)
Klass Range:    [0x000001bfbd000000 - 0x000001bffe000000), (1090519040 bytes)
Klass ID Range:  [8 - 1090519033) (1090519025)


Internal statistics:

num_allocs_failed_limit: 3.
num_arena_births: 3774.
num_arena_deaths: 0.
num_vsnodes_births: 3.
num_vsnodes_deaths: 0.
num_space_committed: 1849.
num_space_uncommitted: 0.
num_chunks_returned_to_freelist: 3.
num_chunks_taken_from_freelist: 8365.
num_chunk_merges: 3.
num_chunk_splits: 6008.
num_chunks_enlarged: 4426.
num_inconsistent_stats: 0.

CodeHeap 'non-profiled nmethods': size=120064Kb used=3868Kb max_used=3868Kb free=116195Kb
 bounds [0x000001bfaf7c0000, 0x000001bfafb90000, 0x000001bfb6d00000]
CodeHeap 'profiled nmethods': size=120000Kb used=15565Kb max_used=15565Kb free=104434Kb
 bounds [0x000001bfa7d00000, 0x000001bfa8c40000, 0x000001bfaf230000]
CodeHeap 'non-nmethods': size=5696Kb used=2217Kb max_used=2291Kb free=3479Kb
 bounds [0x000001bfaf230000, 0x000001bfaf4a0000, 0x000001bfaf7c0000]
CodeCache: size=245760Kb, used=21650Kb, max_used=21724Kb, free=224108Kb
 total_blobs=9906, nmethods=8813, adapters=995, full_count=0
Compilation: enabled, stopped_count=0, restarted_count=0

Compilation events (20 events):
Event: 18.049 Thread 0x000001bfbc37cb40 nmethod 10230 0x000001bfa8c2ea08 code [0x000001bfa8c2ebc0, 0x000001bfa8c2f470]
Event: 18.049 Thread 0x000001bfbc37cb40 10233       1       kotlin.collections.EmptySet::getSize (2 bytes)
Event: 18.049 Thread 0x000001bfbc37cb40 nmethod 10233 0x000001bfafb86a88 code [0x000001bfafb86b80, 0x000001bfafb86c48]
Event: 18.049 Thread 0x000001bfbc37cb40 10235       1       org.jetbrains.kotlin.fir.java.enhancement.EnhancementSignatureParts::getEnableImprovementsInStrictMode (2 bytes)
Event: 18.049 Thread 0x000001bfbc37cb40 nmethod 10235 0x000001bfafb86d88 code [0x000001bfafb86e80, 0x000001bfafb86f48]
Event: 18.050 Thread 0x000001bfbc37cb40 10242       3       org.jetbrains.kotlin.fir.deserialization.MultipleModuleDataProvider::getModuleData (89 bytes)
Event: 18.051 Thread 0x000001bfbc37cb40 nmethod 10242 0x000001bfa8c2f508 code [0x000001bfa8c2f6e0, 0x000001bfa8c30230]
Event: 18.051 Thread 0x000001bfbc37cb40 10243       3       org.jetbrains.kotlin.metadata.jvm.JvmProtoBuf$StringTableTypes::parseDelimitedFrom (14 bytes)
Event: 18.051 Thread 0x000001bfbc37cb40 nmethod 10243 0x000001bfa8c30288 code [0x000001bfa8c303e0, 0x000001bfa8c308b8]
Event: 18.051 Thread 0x000001bfbc37cb40 10244       3       org.jetbrains.kotlin.protobuf.AbstractParser::parseDelimitedFrom (7 bytes)
Event: 18.051 Thread 0x000001bfbc37cb40 nmethod 10244 0x000001bfa8c30908 code [0x000001bfa8c30ac0, 0x000001bfa8c31598]
Event: 18.051 Thread 0x000001bfbc37cb40 10245       3       org.jetbrains.kotlin.protobuf.AbstractParser::parseDelimitedFrom (11 bytes)
Event: 18.051 Thread 0x000001bfbc37cb40 nmethod 10245 0x000001bfa8c31608 code [0x000001bfa8c317c0, 0x000001bfa8c321a8]
Event: 18.051 Thread 0x000001bfbc37cb40 10246   !   3       org.jetbrains.kotlin.protobuf.AbstractParser::parsePartialDelimitedFrom (58 bytes)
Event: 18.052 Thread 0x000001bfbc37cb40 nmethod 10246 0x000001bfa8c32208 code [0x000001bfa8c323a0, 0x000001bfa8c32b10]
Event: 18.052 Thread 0x000001bfbc37cb40 10247       3       org.jetbrains.kotlin.protobuf.CodedInputStream::readRawVarint32 (110 bytes)
Event: 18.052 Thread 0x000001bfbc37cb40 nmethod 10247 0x000001bfa8c32b88 code [0x000001bfa8c32d20, 0x000001bfa8c332d8]
Event: 18.052 Thread 0x000001bfbc37cb40 10248       3       org.jetbrains.kotlin.protobuf.AbstractMessageLite$Builder$LimitedInputStream::<init> (11 bytes)
Event: 18.052 Thread 0x000001bfbc37cb40 nmethod 10248 0x000001bfa8c33308 code [0x000001bfa8c33440, 0x000001bfa8c336c8]
Event: 18.052 Thread 0x000001bfbc37cb40 10249       3       org.jetbrains.kotlin.metadata.jvm.JvmProtoBuf$StringTableTypes$1::parsePartialFrom (7 bytes)

GC Heap History (20 events):
Event: 13.120 GC heap after
{Heap after GC invocations=38 (full 0):
 garbage-first heap   total reserved 2097152K, committed 111616K, used 70035K [0x0000000080000000, 0x0000000100000000)
  region size 1024K, 2 young (2048K), 2 survivors (2048K)
 Metaspace       used 78682K, committed 80768K, reserved 1179648K
  class space    used 8755K, committed 9728K, reserved 1048576K
}
Event: 13.492 GC heap before
{Heap before GC invocations=38 (full 0):
 garbage-first heap   total reserved 2097152K, committed 111616K, used 99731K [0x0000000080000000, 0x0000000100000000)
  region size 1024K, 31 young (31744K), 2 survivors (2048K)
 Metaspace       used 82901K, committed 84992K, reserved 1179648K
  class space    used 9146K, committed 10112K, reserved 1048576K
}
Event: 13.498 GC heap after
{Heap after GC invocations=39 (full 0):
 garbage-first heap   total reserved 2097152K, committed 147456K, used 71896K [0x0000000080000000, 0x0000000100000000)
  region size 1024K, 4 young (4096K), 4 survivors (4096K)
 Metaspace       used 82901K, committed 84992K, reserved 1179648K
  class space    used 9146K, committed 10112K, reserved 1048576K
}
Event: 14.113 GC heap before
{Heap before GC invocations=40 (full 0):
 garbage-first heap   total reserved 2097152K, committed 147456K, used 124120K [0x0000000080000000, 0x0000000100000000)
  region size 1024K, 55 young (56320K), 4 survivors (4096K)
 Metaspace       used 88327K, committed 90496K, reserved 1179648K
  class space    used 9738K, committed 10752K, reserved 1048576K
}
Event: 14.122 GC heap after
{Heap after GC invocations=41 (full 0):
 garbage-first heap   total reserved 2097152K, committed 147456K, used 76710K [0x0000000080000000, 0x0000000100000000)
  region size 1024K, 7 young (7168K), 7 survivors (7168K)
 Metaspace       used 88327K, committed 90496K, reserved 1179648K
  class space    used 9738K, committed 10752K, reserved 1048576K
}
Event: 14.494 GC heap before
{Heap before GC invocations=41 (full 0):
 garbage-first heap   total reserved 2097152K, committed 147456K, used 123814K [0x0000000080000000, 0x0000000100000000)
  region size 1024K, 52 young (53248K), 7 survivors (7168K)
 Metaspace       used 91090K, committed 93248K, reserved 1179648K
  class space    used 10012K, committed 11008K, reserved 1048576K
}
Event: 14.506 GC heap after
{Heap after GC invocations=42 (full 0):
 garbage-first heap   total reserved 2097152K, committed 147456K, used 86846K [0x0000000080000000, 0x0000000100000000)
  region size 1024K, 7 young (7168K), 7 survivors (7168K)
 Metaspace       used 91090K, committed 93248K, reserved 1179648K
  class space    used 10012K, committed 11008K, reserved 1048576K
}
Event: 15.048 GC heap before
{Heap before GC invocations=42 (full 0):
 garbage-first heap   total reserved 2097152K, committed 147456K, used 126782K [0x0000000080000000, 0x0000000100000000)
  region size 1024K, 46 young (47104K), 7 survivors (7168K)
 Metaspace       used 94837K, committed 96960K, reserved 1179648K
  class space    used 10285K, committed 11264K, reserved 1048576K
}
Event: 15.056 GC heap after
{Heap after GC invocations=43 (full 0):
 garbage-first heap   total reserved 2097152K, committed 147456K, used 94127K [0x0000000080000000, 0x0000000100000000)
  region size 1024K, 6 young (6144K), 6 survivors (6144K)
 Metaspace       used 94837K, committed 96960K, reserved 1179648K
  class space    used 10285K, committed 11264K, reserved 1048576K
}
Event: 15.562 GC heap before
{Heap before GC invocations=44 (full 0):
 garbage-first heap   total reserved 2097152K, committed 157696K, used 128943K [0x0000000080000000, 0x0000000100000000)
  region size 1024K, 41 young (41984K), 6 survivors (6144K)
 Metaspace       used 99440K, committed 101568K, reserved 1179648K
  class space    used 10638K, committed 11648K, reserved 1048576K
}
Event: 15.569 GC heap after
{Heap after GC invocations=45 (full 0):
 garbage-first heap   total reserved 2097152K, committed 157696K, used 96252K [0x0000000080000000, 0x0000000100000000)
  region size 1024K, 2 young (2048K), 2 survivors (2048K)
 Metaspace       used 99440K, committed 101568K, reserved 1179648K
  class space    used 10638K, committed 11648K, reserved 1048576K
}
Event: 16.234 GC heap before
{Heap before GC invocations=45 (full 0):
 garbage-first heap   total reserved 2097152K, committed 157696K, used 139260K [0x0000000080000000, 0x0000000100000000)
  region size 1024K, 44 young (45056K), 2 survivors (2048K)
 Metaspace       used 104463K, committed 106560K, reserved 1179648K
  class space    used 11230K, committed 12224K, reserved 1048576K
}
Event: 16.241 GC heap after
{Heap after GC invocations=46 (full 0):
 garbage-first heap   total reserved 2097152K, committed 157696K, used 99053K [0x0000000080000000, 0x0000000100000000)
  region size 1024K, 5 young (5120K), 5 survivors (5120K)
 Metaspace       used 104463K, committed 106560K, reserved 1179648K
  class space    used 11230K, committed 12224K, reserved 1048576K
}
Event: 16.912 GC heap before
{Heap before GC invocations=46 (full 0):
 garbage-first heap   total reserved 2097152K, committed 157696K, used 141037K [0x0000000080000000, 0x0000000100000000)
  region size 1024K, 46 young (47104K), 5 survivors (5120K)
 Metaspace       used 110263K, committed 112448K, reserved 1179648K
  class space    used 11781K, committed 12800K, reserved 1048576K
}
Event: 16.920 GC heap after
{Heap after GC invocations=47 (full 0):
 garbage-first heap   total reserved 2097152K, committed 157696K, used 101192K [0x0000000080000000, 0x0000000100000000)
  region size 1024K, 6 young (6144K), 6 survivors (6144K)
 Metaspace       used 110263K, committed 112448K, reserved 1179648K
  class space    used 11781K, committed 12800K, reserved 1048576K
}
Event: 17.713 GC heap before
{Heap before GC invocations=48 (full 0):
 garbage-first heap   total reserved 2097152K, committed 171008K, used 141128K [0x0000000080000000, 0x0000000100000000)
  region size 1024K, 45 young (46080K), 6 survivors (6144K)
 Metaspace       used 114816K, committed 116992K, reserved 1179648K
  class space    used 12351K, committed 13376K, reserved 1048576K
}
Event: 17.718 GC heap after
{Heap after GC invocations=49 (full 0):
 garbage-first heap   total reserved 2097152K, committed 171008K, used 102839K [0x0000000080000000, 0x0000000100000000)
  region size 1024K, 4 young (4096K), 4 survivors (4096K)
 Metaspace       used 114816K, committed 116992K, reserved 1179648K
  class space    used 12351K, committed 13376K, reserved 1048576K
}
Event: 17.930 GC heap before
{Heap before GC invocations=49 (full 0):
 garbage-first heap   total reserved 2097152K, committed 171008K, used 154039K [0x0000000080000000, 0x0000000100000000)
  region size 1024K, 54 young (55296K), 4 survivors (4096K)
 Metaspace       used 115906K, committed 118144K, reserved 1179648K
  class space    used 12471K, committed 13504K, reserved 1048576K
}
Event: 17.943 GC heap after
{Heap after GC invocations=50 (full 0):
 garbage-first heap   total reserved 2097152K, committed 176128K, used 118550K [0x0000000080000000, 0x0000000100000000)
  region size 1024K, 7 young (7168K), 7 survivors (7168K)
 Metaspace       used 115906K, committed 118144K, reserved 1179648K
  class space    used 12471K, committed 13504K, reserved 1048576K
}
Event: 18.052 GC heap before
{Heap before GC invocations=50 (full 0):
 garbage-first heap   total reserved 2097152K, committed 176128K, used 145174K [0x0000000080000000, 0x0000000100000000)
  region size 1024K, 34 young (34816K), 7 survivors (7168K)
 Metaspace       used 116182K, committed 118400K, reserved 1179648K
  class space    used 12478K, committed 13504K, reserved 1048576K
}

Dll operation events (15 events):
Event: 0.016 Loaded shared library C:\Program Files\Java\jdk-24\bin\java.dll
Event: 0.045 Loaded shared library C:\Program Files\Java\jdk-24\bin\jsvml.dll
Event: 0.085 Loaded shared library C:\Program Files\Java\jdk-24\bin\zip.dll
Event: 0.090 Loaded shared library C:\Program Files\Java\jdk-24\bin\instrument.dll
Event: 0.095 Loaded shared library C:\Program Files\Java\jdk-24\bin\net.dll
Event: 0.100 Loaded shared library C:\Program Files\Java\jdk-24\bin\nio.dll
Event: 0.104 Loaded shared library C:\Program Files\Java\jdk-24\bin\zip.dll
Event: 0.598 Loaded shared library C:\Program Files\Java\jdk-24\bin\jimage.dll
Event: 1.065 Loaded shared library C:\Program Files\Java\jdk-24\bin\verify.dll
Event: 1.109 Loaded shared library C:\Users\user\.gradle\native\660c5614fbf4a5f2a75b1949f50a0caf5cd603558e7d8a26e50b933a0cfb79d1\windows-amd64\native-platform.dll
Event: 1.130 Loaded shared library C:\Users\user\.gradle\native\0.2.8\x86_64-windows-gnu\gradle-fileevents.dll
Event: 2.197 Loaded shared library C:\Program Files\Java\jdk-24\bin\management.dll
Event: 2.202 Loaded shared library C:\Program Files\Java\jdk-24\bin\management_ext.dll
Event: 2.350 Loaded shared library C:\Program Files\Java\jdk-24\bin\extnet.dll
Event: 2.628 Loaded shared library C:\Program Files\Java\jdk-24\bin\sunmscapi.dll

Deoptimization events (20 events):
Event: 17.995 Thread 0x000001bfff688cf0 Uncommon trap: trap_request=0xffffffc6 fr.pc=0x000001bfaf978118 relative=0x0000000000000158
Event: 17.995 Thread 0x000001bfff688cf0 Uncommon trap: reason=bimorphic_or_optimized_type_check action=maybe_recompile pc=0x000001bfaf978118 method=org.jetbrains.kotlin.com.intellij.openapi.vfs.VirtualFile.getNameSequence()Ljava/lang/CharSequence; @ 1 c2
Event: 17.995 Thread 0x000001bfff688cf0 DEOPT PACKING pc=0x000001bfaf978118 sp=0x0000006fd1ff3e90
Event: 17.995 Thread 0x000001bfff688cf0 DEOPT UNPACKING pc=0x000001bfaf346e82 sp=0x0000006fd1ff3e28 mode 2
Event: 17.995 Thread 0x000001bfff688cf0 Uncommon trap: trap_request=0xffffffc6 fr.pc=0x000001bfaf978118 relative=0x0000000000000158
Event: 17.995 Thread 0x000001bfff688cf0 Uncommon trap: reason=bimorphic_or_optimized_type_check action=maybe_recompile pc=0x000001bfaf978118 method=org.jetbrains.kotlin.com.intellij.openapi.vfs.VirtualFile.getNameSequence()Ljava/lang/CharSequence; @ 1 c2
Event: 17.995 Thread 0x000001bfff688cf0 DEOPT PACKING pc=0x000001bfaf978118 sp=0x0000006fd1ff3e90
Event: 17.995 Thread 0x000001bfff688cf0 DEOPT UNPACKING pc=0x000001bfaf346e82 sp=0x0000006fd1ff3e28 mode 2
Event: 17.999 Thread 0x000001bfff688cf0 Uncommon trap: trap_request=0xffffff6e fr.pc=0x000001bfafa85d80 relative=0x00000000000008c0
Event: 17.999 Thread 0x000001bfff688cf0 Uncommon trap: reason=loop_limit_check action=maybe_recompile pc=0x000001bfafa85d80 method=org.jetbrains.kotlin.com.intellij.openapi.util.text.StringUtilRt.lastIndexOf(Ljava/lang/CharSequence;CII)I @ 32 c2
Event: 17.999 Thread 0x000001bfff688cf0 DEOPT PACKING pc=0x000001bfafa85d80 sp=0x0000006fd1ff3ee0
Event: 17.999 Thread 0x000001bfff688cf0 DEOPT UNPACKING pc=0x000001bfaf346e82 sp=0x0000006fd1ff3e20 mode 2
Event: 17.999 Thread 0x000001bfff688cf0 Uncommon trap: trap_request=0xffffff6e fr.pc=0x000001bfaf953224 relative=0x00000000000002e4
Event: 17.999 Thread 0x000001bfff688cf0 Uncommon trap: reason=loop_limit_check action=maybe_recompile pc=0x000001bfaf953224 method=org.jetbrains.kotlin.com.intellij.openapi.util.text.StringUtilRt.lastIndexOf(Ljava/lang/CharSequence;CII)I @ 32 c2
Event: 17.999 Thread 0x000001bfff688cf0 DEOPT PACKING pc=0x000001bfaf953224 sp=0x0000006fd1ff3e80
Event: 17.999 Thread 0x000001bfff688cf0 DEOPT UNPACKING pc=0x000001bfaf346e82 sp=0x0000006fd1ff3e20 mode 2
Event: 18.033 Thread 0x000001bfff688cf0 Uncommon trap: trap_request=0xffffffc6 fr.pc=0x000001bfafb850f8 relative=0x0000000000000138
Event: 18.033 Thread 0x000001bfff688cf0 Uncommon trap: reason=bimorphic_or_optimized_type_check action=maybe_recompile pc=0x000001bfafb850f8 method=org.jetbrains.kotlin.com.intellij.openapi.vfs.VfsUtilCore.isAncestor(Lorg/jetbrains/kotlin/com/intellij/openapi/vfs/VirtualFile;Lorg/jetbrains/kotl
Event: 18.033 Thread 0x000001bfff688cf0 DEOPT PACKING pc=0x000001bfafb850f8 sp=0x0000006fd1ff0910
Event: 18.033 Thread 0x000001bfff688cf0 DEOPT UNPACKING pc=0x000001bfaf346e82 sp=0x0000006fd1ff08a0 mode 2

Classes loaded (20 events):
Event: 14.044 Loading class java/util/AbstractList$SubList$1
Event: 14.044 Loading class java/util/AbstractList$SubList$1 done
Event: 14.096 Loading class java/util/EnumMap$EntrySet
Event: 14.096 Loading class java/util/EnumMap$EntrySet done
Event: 14.096 Loading class java/util/EnumMap$EntryIterator
Event: 14.096 Loading class java/util/EnumMap$EnumMapIterator
Event: 14.096 Loading class java/util/EnumMap$EnumMapIterator done
Event: 14.096 Loading class java/util/EnumMap$EntryIterator done
Event: 14.096 Loading class java/util/EnumMap$EntryIterator$Entry
Event: 14.096 Loading class java/util/EnumMap$EntryIterator$Entry done
Event: 16.982 Loading class java/util/zip/ZipInputStream
Event: 16.982 Loading class java/util/zip/ZipInputStream done
Event: 17.040 Loading class java/nio/file/SimpleFileVisitor
Event: 17.041 Loading class java/nio/file/SimpleFileVisitor done
Event: 17.049 Loading class java/io/CharArrayWriter
Event: 17.049 Loading class java/io/CharArrayWriter done
Event: 17.145 Loading class java/util/DualPivotQuicksort
Event: 17.146 Loading class java/util/DualPivotQuicksort done
Event: 17.249 Loading class java/nio/file/Path$1
Event: 17.249 Loading class java/nio/file/Path$1 done

Classes unloaded (0 events):
No events

Classes redefined (0 events):
No events

Internal exceptions (20 events):
Event: 16.895 Thread 0x000001bfff688cf0 Exception <a 'java/lang/NoSuchMethodError'{0x0000000086826420}: 'void java.lang.invoke.DirectMethodHandle$Holder.invokeStaticInit(java.lang.Object, java.lang.Object, java.lang.Object, java.lang.Object, java.lang.Object, java.lang.Object, java.lang.Object, int)'> (0x0000000086826420) 
thrown [s\open\src\hotspot\share\interpreter\linkResolver.cpp, line 805]
Event: 16.973 Thread 0x000001bfff688cf0 Exception <a 'java/lang/NoSuchMethodError'{0x00000000ff5fe398}: 'void java.lang.invoke.DirectMethodHandle$Holder.invokeInterface(java.lang.Object, java.lang.Object, java.lang.Object, java.lang.Object)'> (0x00000000ff5fe398) 
thrown [s\open\src\hotspot\share\interpreter\linkResolver.cpp, line 805]
Event: 16.977 Thread 0x000001bfff688cf0 Exception <a 'sun/nio/fs/WindowsException'{0x00000000ff419090}> (0x00000000ff419090) 
thrown [s\open\src\hotspot\share\prims\jni.cpp, line 518]
Event: 16.978 Thread 0x000001bfff688cf0 Exception <a 'sun/nio/fs/WindowsException'{0x00000000ff41aa70}> (0x00000000ff41aa70) 
thrown [s\open\src\hotspot\share\prims\jni.cpp, line 518]
Event: 17.016 Thread 0x000001bfff688cf0 Exception <a 'sun/nio/fs/WindowsException'{0x0000000089a81958}> (0x0000000089a81958) 
thrown [s\open\src\hotspot\share\prims\jni.cpp, line 518]
Event: 17.019 Thread 0x000001bfff688cf0 Exception <a 'sun/nio/fs/WindowsException'{0x0000000089a89ec0}> (0x0000000089a89ec0) 
thrown [s\open\src\hotspot\share\prims\jni.cpp, line 518]
Event: 17.022 Thread 0x000001bfff688cf0 Exception <a 'sun/nio/fs/WindowsException'{0x0000000089a920f8}> (0x0000000089a920f8) 
thrown [s\open\src\hotspot\share\prims\jni.cpp, line 518]
Event: 17.024 Thread 0x000001bfff688cf0 Exception <a 'sun/nio/fs/WindowsException'{0x0000000089a9a920}> (0x0000000089a9a920) 
thrown [s\open\src\hotspot\share\prims\jni.cpp, line 518]
Event: 17.027 Thread 0x000001bfff688cf0 Exception <a 'sun/nio/fs/WindowsException'{0x0000000089aa2b98}> (0x0000000089aa2b98) 
thrown [s\open\src\hotspot\share\prims\jni.cpp, line 518]
Event: 17.034 Thread 0x000001bfff688cf0 Exception <a 'sun/nio/fs/WindowsException'{0x0000000089ad12a0}> (0x0000000089ad12a0) 
thrown [s\open\src\hotspot\share\prims\jni.cpp, line 518]
Event: 17.069 Thread 0x000001bfff688cf0 Exception <a 'sun/nio/fs/WindowsException'{0x000000008983f860}> (0x000000008983f860) 
thrown [s\open\src\hotspot\share\prims\jni.cpp, line 518]
Event: 17.149 Thread 0x000001bfff688cf0 Exception <a 'java/lang/IncompatibleClassChangeError'{0x000000008939c108}: Found class java.lang.Object, but interface was expected> (0x000000008939c108) 
thrown [s\open\src\hotspot\share\interpreter\linkResolver.cpp, line 872]
Event: 17.248 Thread 0x000001bfff688cf0 Exception <a 'java/lang/NoSuchMethodError'{0x0000000088d9c578}: 'int java.lang.invoke.DirectMethodHandle$Holder.invokeSpecialIFC(java.lang.Object, java.lang.Object, java.lang.Object)'> (0x0000000088d9c578) 
thrown [s\open\src\hotspot\share\interpreter\linkResolver.cpp, line 805]
Event: 17.474 Thread 0x000001bfff688cf0 Exception <a 'java/lang/NoSuchMethodError'{0x0000000088394d90}: 'long java.lang.invoke.DirectMethodHandle$Holder.invokeStatic(java.lang.Object, java.lang.Object)'> (0x0000000088394d90) 
thrown [s\open\src\hotspot\share\interpreter\linkResolver.cpp, line 805]
Event: 17.475 Thread 0x000001bfff688cf0 Exception <a 'java/lang/NoSuchMethodError'{0x00000000883aedd8}: 'java.lang.Object java.lang.invoke.Invokers$Holder.invoker(java.lang.Object, java.lang.Object, java.lang.Object, java.lang.Object, java.lang.Object, java.lang.Object, java.lang.Object, java.lang.Object, java.lang.Object)'> (0x00000000883aedd8) 
thrown [s\open\src\hotspot\share\interpreter\linkResolver.cpp, line 805]
Event: 17.865 Thread 0x000001bfff688cf0 Exception <a 'sun/nio/fs/WindowsException'{0x00000000897c2f98}> (0x00000000897c2f98) 
thrown [s\open\src\hotspot\share\prims\jni.cpp, line 518]
Event: 17.865 Thread 0x000001bfff688cf0 Exception <a 'java/io/IOException'{0x00000000897c5458}> (0x00000000897c5458) 
thrown [s\open\src\hotspot\share\prims\jni.cpp, line 518]
Event: 17.868 Thread 0x000001bfff688cf0 Exception <a 'java/io/FileNotFoundException'{0x00000000897c9430}> (0x00000000897c9430) 
thrown [s\open\src\hotspot\share\prims\jni.cpp, line 518]
Event: 17.878 Thread 0x000001bfff688cf0 Exception <a 'sun/nio/fs/WindowsException'{0x00000000897e89b8}> (0x00000000897e89b8) 
thrown [s\open\src\hotspot\share\prims\jni.cpp, line 518]
Event: 17.878 Thread 0x000001bfff688cf0 Exception <a 'sun/nio/fs/WindowsException'{0x00000000897ea4b8}> (0x00000000897ea4b8) 
thrown [s\open\src\hotspot\share\prims\jni.cpp, line 518]

VM Operations (20 events):
Event: 16.783 Executing VM operation: HandshakeAllThreads (Deoptimize) done
Event: 16.875 Executing VM operation: HandshakeAllThreads (Deoptimize)
Event: 16.875 Executing VM operation: HandshakeAllThreads (Deoptimize) done
Event: 16.912 Executing VM operation: G1CollectForAllocation (G1 Evacuation Pause)
Event: 16.920 Executing VM operation: G1CollectForAllocation (G1 Evacuation Pause) done
Event: 16.987 Executing VM operation: G1PauseRemark
Event: 16.991 Executing VM operation: G1PauseRemark done
Event: 17.007 Executing VM operation: G1PauseCleanup
Event: 17.007 Executing VM operation: G1PauseCleanup done
Event: 17.254 Executing VM operation: HandshakeAllThreads (Deoptimize)
Event: 17.254 Executing VM operation: HandshakeAllThreads (Deoptimize) done
Event: 17.320 Executing VM operation: HandshakeAllThreads (Deoptimize)
Event: 17.320 Executing VM operation: HandshakeAllThreads (Deoptimize) done
Event: 17.332 Executing VM operation: HandshakeAllThreads (Deoptimize)
Event: 17.332 Executing VM operation: HandshakeAllThreads (Deoptimize) done
Event: 17.713 Executing VM operation: G1CollectForAllocation (G1 Evacuation Pause)
Event: 17.718 Executing VM operation: G1CollectForAllocation (G1 Evacuation Pause) done
Event: 17.930 Executing VM operation: G1CollectForAllocation (G1 Evacuation Pause)
Event: 17.943 Executing VM operation: G1CollectForAllocation (G1 Evacuation Pause) done
Event: 18.052 Executing VM operation: G1TryInitiateConcMark (G1 Humongous Allocation)

Memory protections (0 events):
No events

Nmethod flushes (20 events):
Event: 16.990 Thread 0x000001bfbc32f9c0 flushing  nmethod 0x000001bfa7d62d08
Event: 16.990 Thread 0x000001bfbc32f9c0 flushing  nmethod 0x000001bfa7d65888
Event: 16.990 Thread 0x000001bfbc32f9c0 flushing  nmethod 0x000001bfa7d81088
Event: 16.990 Thread 0x000001bfbc32f9c0 flushing  nmethod 0x000001bfa7d81408
Event: 16.990 Thread 0x000001bfbc32f9c0 flushing  nmethod 0x000001bfa7d82388
Event: 16.990 Thread 0x000001bfbc32f9c0 flushing  nmethod 0x000001bfa7d89688
Event: 16.990 Thread 0x000001bfbc32f9c0 flushing  nmethod 0x000001bfa7edfe08
Event: 16.990 Thread 0x000001bfbc32f9c0 flushing  nmethod 0x000001bfa7ee0808
Event: 16.990 Thread 0x000001bfbc32f9c0 flushing  nmethod 0x000001bfa7ee0b08
Event: 16.990 Thread 0x000001bfbc32f9c0 flushing  nmethod 0x000001bfa7f60308
Event: 16.990 Thread 0x000001bfbc32f9c0 flushing  nmethod 0x000001bfa8106d88
Event: 16.990 Thread 0x000001bfbc32f9c0 flushing  nmethod 0x000001bfa810bb88
Event: 16.990 Thread 0x000001bfbc32f9c0 flushing  nmethod 0x000001bfa8462508
Event: 16.990 Thread 0x000001bfbc32f9c0 flushing  nmethod 0x000001bfa849d408
Event: 16.990 Thread 0x000001bfbc32f9c0 flushing  nmethod 0x000001bfa84c9208
Event: 16.990 Thread 0x000001bfbc32f9c0 flushing  nmethod 0x000001bfa86b0f88
Event: 16.990 Thread 0x000001bfbc32f9c0 flushing  nmethod 0x000001bfa86b1a08
Event: 16.990 Thread 0x000001bfbc32f9c0 flushing  nmethod 0x000001bfa86dcc08
Event: 16.990 Thread 0x000001bfbc32f9c0 flushing  nmethod 0x000001bfa86e0208
Event: 16.990 Thread 0x000001bfbc32f9c0 flushing  nmethod 0x000001bfa8815a88

Events (20 events):
Event: 6.781 Thread 0x000001bfff688cf0 Thread added: 0x000001bfff68c020
Event: 6.881 Thread 0x000001bfff688cf0 Thread added: 0x000001bfff68c770
Event: 7.269 Thread 0x000001bfff688cf0 Thread added: 0x000001bffe5ab3b0
Event: 7.342 Thread 0x000001bfff688cf0 Thread added: 0x000001bf85a13c80
Event: 7.777 Thread 0x000001bfbc37cb40 Thread added: 0x000001bf84f2b5d0
Event: 8.429 Thread 0x000001bfff688cf0 Thread added: 0x000001bf85a10950
Event: 9.195 Thread 0x000001bfff688cf0 Thread added: 0x000001bf85a143d0
Event: 9.198 Thread 0x000001bfff688cf0 Thread added: 0x000001bf85a110a0
Event: 9.200 Thread 0x000001bfff688cf0 Thread added: 0x000001bf85a14b20
Event: 9.202 Thread 0x000001bfff688cf0 Thread added: 0x000001bf85a12690
Event: 9.217 Thread 0x000001bfff688cf0 Thread added: 0x000001bf85a117f0
Event: 9.219 Thread 0x000001bfff688cf0 Thread added: 0x000001bf85a12de0
Event: 9.221 Thread 0x000001bfff688cf0 Thread added: 0x000001bf85a15270
Event: 9.280 Thread 0x000001bfff688cf0 Thread added: 0x000001bf85a159c0
Event: 9.465 Thread 0x000001bfff688cf0 Thread added: 0x000001bf85a16110
Event: 9.564 Thread 0x000001bfff688cf0 Thread added: 0x000001bf85a16860
Event: 9.663 Thread 0x000001bfff688cf0 Thread added: 0x000001bf85a13530
Event: 9.690 Thread 0x000001bfff688cf0 Thread added: 0x000001bf85a17e50
Event: 9.711 Thread 0x000001bfff688cf0 Thread added: 0x000001bf85a16fb0
Event: 10.301 Thread 0x000001bf84f2b5d0 Thread exited: 0x000001bf84f2b5d0


Dynamic libraries:
0x00007ff717d90000 - 0x00007ff717da0000 	C:\Program Files\Java\jdk-24\bin\java.exe
0x00007ff8182c0000 - 0x00007ff818527000 	C:\WINDOWS\SYSTEM32\ntdll.dll
0x00007ff816dd0000 - 0x00007ff816e9b000 	C:\WINDOWS\System32\KERNEL32.DLL
0x00007ff8156f0000 - 0x00007ff815af2000 	C:\WINDOWS\System32\KERNELBASE.dll
0x00007ff815bc0000 - 0x00007ff815d0c000 	C:\WINDOWS\System32\ucrtbase.dll
0x00007ff810210000 - 0x00007ff81022b000 	C:\Program Files\Java\jdk-24\bin\VCRUNTIME140.dll
0x00007ff8101f0000 - 0x00007ff810206000 	C:\Program Files\Java\jdk-24\bin\jli.dll
0x00007ff817b20000 - 0x00007ff817cef000 	C:\WINDOWS\System32\USER32.dll
0x00007ffff5750000 - 0x00007ffff59e0000 	C:\WINDOWS\WinSxS\amd64_microsoft.windows.common-controls_6595b64144ccf1df_6.0.26100.9278_none_3e0d1ba8e3303201\COMCTL32.dll
0x00007ff815b90000 - 0x00007ff815bb7000 	C:\WINDOWS\System32\win32u.dll
0x00007ff8166b0000 - 0x00007ff816759000 	C:\WINDOWS\System32\msvcrt.dll
0x00007ff816ea0000 - 0x00007ff816ecb000 	C:\WINDOWS\System32\GDI32.dll
0x00007ff815eb0000 - 0x00007ff815fd9000 	C:\WINDOWS\System32\gdi32full.dll
0x00007ff8154c0000 - 0x00007ff815563000 	C:\WINDOWS\System32\msvcp_win.dll
0x00007ff817a50000 - 0x00007ff817a81000 	C:\WINDOWS\System32\IMM32.DLL
0x00007ff8101c0000 - 0x00007ff8101cc000 	C:\Program Files\Java\jdk-24\bin\vcruntime140_1.dll
0x00007ffffb1e0000 - 0x00007ffffb26e000 	C:\Program Files\Java\jdk-24\bin\msvcp140.dll
0x00007fff6d330000 - 0x00007fff6e0d2000 	C:\Program Files\Java\jdk-24\bin\server\jvm.dll
0x00007ff816760000 - 0x00007ff81681c000 	C:\WINDOWS\System32\ADVAPI32.dll
0x00007ff816500000 - 0x00007ff8165a9000 	C:\WINDOWS\System32\sechost.dll
0x00007ff816910000 - 0x00007ff816a28000 	C:\WINDOWS\System32\RPCRT4.dll
0x00007ff817a90000 - 0x00007ff817b10000 	C:\WINDOWS\System32\WS2_32.dll
0x00007ff815320000 - 0x00007ff81537e000 	C:\WINDOWS\SYSTEM32\POWRPROF.dll
0x00007ff80b870000 - 0x00007ff80b8a6000 	C:\WINDOWS\SYSTEM32\WINMM.dll
0x00007ff80b230000 - 0x00007ff80b23b000 	C:\WINDOWS\SYSTEM32\VERSION.dll
0x00007ff815300000 - 0x00007ff815315000 	C:\WINDOWS\SYSTEM32\UMPDC.dll
0x00007ff814190000 - 0x00007ff8141ab000 	C:\WINDOWS\SYSTEM32\kernel.appcore.dll
0x00007ff8101b0000 - 0x00007ff8101ba000 	C:\Program Files\Java\jdk-24\bin\jimage.dll
0x00007ffffeff0000 - 0x00007fffff23c000 	C:\WINDOWS\SYSTEM32\DBGHELP.DLL
0x00007ff816170000 - 0x00007ff8164f5000 	C:\WINDOWS\System32\combase.dll
0x00007ff816830000 - 0x00007ff816909000 	C:\WINDOWS\System32\OLEAUT32.dll
0x00007ffff60e0000 - 0x00007ffff611b000 	C:\WINDOWS\SYSTEM32\dbgcore.DLL
0x00007ff815630000 - 0x00007ff8156dc000 	C:\WINDOWS\System32\bcryptPrimitives.dll
0x00007ff8101a0000 - 0x00007ff8101af000 	C:\Program Files\Java\jdk-24\bin\instrument.dll
0x00007ff810180000 - 0x00007ff81019e000 	C:\Program Files\Java\jdk-24\bin\java.dll
0x00007ff816a30000 - 0x00007ff816bca000 	C:\WINDOWS\System32\ole32.dll
0x00007ff816ed0000 - 0x00007ff817668000 	C:\WINDOWS\System32\SHELL32.dll
0x00007ff812f40000 - 0x00007ff8137ee000 	C:\WINDOWS\SYSTEM32\windows.storage.dll
0x00007ff8176c0000 - 0x00007ff8177bb000 	C:\WINDOWS\System32\SHCORE.dll
0x00007ff8177c0000 - 0x00007ff817826000 	C:\WINDOWS\System32\shlwapi.dll
0x00007ff8153e0000 - 0x00007ff815409000 	C:\WINDOWS\SYSTEM32\profapi.dll
0x00007fffe5a80000 - 0x00007fffe5b57000 	C:\Program Files\Java\jdk-24\bin\jsvml.dll
0x00007ff808ec0000 - 0x00007ff808ed7000 	C:\Program Files\Java\jdk-24\bin\zip.dll
0x00007ff808eb0000 - 0x00007ff808ec0000 	C:\Program Files\Java\jdk-24\bin\net.dll
0x00007ff814750000 - 0x00007ff8147bc000 	C:\WINDOWS\system32\mswsock.dll
0x00007ff806ca0000 - 0x00007ff806cb6000 	C:\Program Files\Java\jdk-24\bin\nio.dll
0x00007ff806c90000 - 0x00007ff806ca0000 	C:\Program Files\Java\jdk-24\bin\verify.dll
0x00007ff801950000 - 0x00007ff801977000 	C:\Users\user\.gradle\native\660c5614fbf4a5f2a75b1949f50a0caf5cd603558e7d8a26e50b933a0cfb79d1\windows-amd64\native-platform.dll
0x00007ffffb2c0000 - 0x00007ffffb337000 	C:\Users\user\.gradle\native\0.2.8\x86_64-windows-gnu\gradle-fileevents.dll
0x00007ff806c10000 - 0x00007ff806c1a000 	C:\Program Files\Java\jdk-24\bin\management.dll
0x00007ff806c00000 - 0x00007ff806c0b000 	C:\Program Files\Java\jdk-24\bin\management_ext.dll
0x00007ff816140000 - 0x00007ff816148000 	C:\WINDOWS\System32\PSAPI.DLL
0x00007ff813bb0000 - 0x00007ff813be3000 	C:\WINDOWS\SYSTEM32\IPHLPAPI.DLL
0x00007ff8178f0000 - 0x00007ff8178fa000 	C:\WINDOWS\System32\NSI.dll
0x00007ff8061e0000 - 0x00007ff8061e9000 	C:\Program Files\Java\jdk-24\bin\extnet.dll
0x00007ff814a40000 - 0x00007ff814a5b000 	C:\WINDOWS\SYSTEM32\CRYPTSP.dll
0x00007ff8140f0000 - 0x00007ff814129000 	C:\WINDOWS\system32\rsaenh.dll
0x00007ff814800000 - 0x00007ff814834000 	C:\WINDOWS\SYSTEM32\USERENV.dll
0x00007ff8153b0000 - 0x00007ff8153da000 	C:\WINDOWS\SYSTEM32\bcrypt.dll
0x00007ff814a60000 - 0x00007ff814a6c000 	C:\WINDOWS\SYSTEM32\CRYPTBASE.dll
0x00007ff8061d0000 - 0x00007ff8061de000 	C:\Program Files\Java\jdk-24\bin\sunmscapi.dll
0x00007ff815d20000 - 0x00007ff815e9e000 	C:\WINDOWS\System32\CRYPT32.dll
0x00007ff814c80000 - 0x00007ff814cb0000 	C:\WINDOWS\SYSTEM32\ncrypt.dll
0x00007ff814c30000 - 0x00007ff814c6f000 	C:\WINDOWS\SYSTEM32\NTASN1.dll
0x00007fffe9980000 - 0x00007fffe9988000 	C:\WINDOWS\system32\wshunix.dll

JVMTI agents:
C:\Users\user\.gradle\wrapper\dists\gradle-9.6.0-bin\42k10rwplmzkhuboz9kdazi7s\gradle-9.6.0\lib\agents\gradle-instrumentation-agent-9.6.0.jar path:C:\Program Files\Java\jdk-24\bin\instrument.dll, loaded, initialized, instrumentlib options:none

dbghelp: loaded successfully - version: 4.0.5 - missing functions: none
symbol engine: initialized successfully - sym options: 0x614 - pdb path: .;C:\Program Files\Java\jdk-24\bin;C:\WINDOWS\SYSTEM32;C:\WINDOWS\WinSxS\amd64_microsoft.windows.common-controls_6595b64144ccf1df_6.0.26100.9278_none_3e0d1ba8e3303201;C:\Program Files\Java\jdk-24\bin\server;C:\Users\user\.gradle\native\660c5614fbf4a5f2a75b1949f50a0caf5cd603558e7d8a26e50b933a0cfb79d1\windows-amd64;C:\Users\user\.gradle\native\0.2.8\x86_64-windows-gnu

VM Arguments:
jvm_args: --add-opens=java.base/java.lang=ALL-UNNAMED --add-opens=java.base/java.lang.invoke=ALL-UNNAMED --add-opens=java.base/java.util=ALL-UNNAMED --add-opens=java.prefs/java.util.prefs=ALL-UNNAMED --add-exports=jdk.compiler/com.sun.tools.javac.api=ALL-UNNAMED --add-exports=jdk.compiler/com.sun.tools.javac.util=ALL-UNNAMED --add-opens=java.base/java.nio.charset=ALL-UNNAMED --add-opens=java.base/java.net=ALL-UNNAMED --add-opens=java.base/java.util.concurrent=ALL-UNNAMED --add-opens=java.base/java.util.concurrent.atomic=ALL-UNNAMED --add-opens=java.xml/javax.xml.namespace=ALL-UNNAMED --add-opens=java.base/java.time=ALL-UNNAMED --enable-native-access=ALL-UNNAMED -Xmx2048m -Dfile.encoding=UTF-8 -Duser.country=US -Duser.language=en -Duser.variant -javaagent:C:\Users\user\.gradle\wrapper\dists\gradle-9.6.0-bin\42k10rwplmzkhuboz9kdazi7s\gradle-9.6.0\lib\agents\gradle-instrumentation-agent-9.6.0.jar 
java_command: org.gradle.launcher.daemon.bootstrap.GradleDaemon 9.6.0
java_class_path (initial): C:\Users\user\.gradle\wrapper\dists\gradle-9.6.0-bin\42k10rwplmzkhuboz9kdazi7s\gradle-9.6.0\lib\gradle-daemon-main-9.6.0.jar
Launcher Type: SUN_STANDARD

[Global flags]
     intx CICompilerCount                          = 4                                         {product} {ergonomic}
     uint ConcGCThreads                            = 2                                         {product} {ergonomic}
     uint G1ConcRefinementThreads                  = 8                                         {product} {ergonomic}
   size_t G1HeapRegionSize                         = 1048576                                   {product} {ergonomic}
   size_t InitialHeapSize                          = 54525952                                  {product} {ergonomic}
   size_t MarkStackSize                            = 4194304                                   {product} {ergonomic}
   size_t MarkStackSizeMax                         = 536870912                                 {product} {ergonomic}
   size_t MaxHeapSize                              = 2147483648                                {product} {command line}
   size_t MaxNewSize                               = 1287651328                                {product} {ergonomic}
   size_t MinHeapDeltaBytes                        = 1048576                                   {product} {ergonomic}
   size_t MinHeapSize                              = 8388608                                   {product} {ergonomic}
    uintx NonNMethodCodeHeapSize                   = 5832704                                {pd product} {ergonomic}
    uintx NonProfiledCodeHeapSize                  = 122945536                              {pd product} {ergonomic}
    uintx ProfiledCodeHeapSize                     = 122880000                              {pd product} {ergonomic}
    uintx ReservedCodeCacheSize                    = 251658240                              {pd product} {ergonomic}
     bool SegmentedCodeCache                       = true                                      {product} {ergonomic}
   size_t SoftMaxHeapSize                          = 2147483648                             {manageable} {ergonomic}
     bool UseCompressedOops                        = true                           {product lp64_product} {ergonomic}
     bool UseG1GC                                  = true                                      {product} {ergonomic}
     bool UseLargePagesIndividualAllocation        = false                                  {pd product} {ergonomic}

Logging:
Log output configuration:
 #0: stdout all=warning uptime,level,tags foldmultilines=false
 #1: stderr all=off uptime,level,tags foldmultilines=false

Environment Variables:
PATH=C:\Program Files\Common Files\Oracle\Java\javapath;C:\WINDOWS\system32;C:\WINDOWS;C:\WINDOWS\System32\Wbem;C:\WINDOWS\System32\WindowsPowerShell\v1.0\;C:\WINDOWS\System32\OpenSSH\;C:\Program Files\Git\cmd;C:\Program Files\Microsoft SQL Server\170\Tools\Binn\;C:\Program Files\Microsoft SQL Server\Client SDK\ODBC\170\Tools\Binn\;C:\Program Files\dotnet\;C:\Program Files (x86)\Microsoft SQL Server\160\DTS\Binn\;C:\Users\user\AppData\Local\Microsoft\WindowsApps;C:\Users\user\AppData\Local\Programs\Microsoft VS Code\bin;C:\Users\user\.dotnet\tools;C:\Users\user\AppData\Local\GitHubDesktop\bin
USERNAME=user
OS=Windows_NT
PROCESSOR_IDENTIFIER=AMD64 Family 23 Model 160 Stepping 0, AuthenticAMD
TMP=C:\Users\user\AppData\Local\Temp
TEMP=C:\Users\user\AppData\Local\Temp




Periodic native trim disabled

---------------  S Y S T E M  ---------------

OS:
 Windows 11 , 64 bit Build 26100 (10.0.26100.9444)
OS uptime: 7 days 0:30 hours

CPU: total 8 (initial active 8) (8 cores per cpu, 2 threads per core) family 23 model 160 stepping 0 microcode 0x8a00006, cx8, cmov, fxsr, ht, mmx, 3dnowpref, sse, sse2, sse3, ssse3, sse4a, sse4.1, sse4.2, popcnt, lzcnt, tsc, tscinvbit, avx, avx2, aes, clmul, bmi1, bmi2, adx, sha, fma, vzeroupper, clflush, clflushopt, rdtscp, rdpid, f16c
Processor Information for the first 8 processors :
  Max Mhz: 2401, Current Mhz: 2401, Mhz Limit: 2401

Memory: 4k page, system-wide physical 3317M (169M free)
TotalPageFile size 13557M (AvailPageFile size 29M)
current process WorkingSet (physical memory assigned to process): 410M, peak: 410M
current process commit charge ("private bytes"): 483M, peak: 523M

vm_info: Java HotSpot(TM) 64-Bit Server VM (24.0.1+9-30) for windows-amd64 JRE (24.0.1+9-30), built on 2025-03-05T07:23:45Z with MS VC++ 17.6 (VS2022)

END.
