#
# There is insufficient memory for the Java Runtime Environment to continue.
# Native memory allocation (mmap) failed to map 87031808 bytes. Error detail: G1 virtual space
# Possible reasons:
#   The system is out of physical RAM or swap space
#   This process is running with CompressedOops enabled, and the Java Heap may be blocking the growth of the native heap
# Possible solutions:
#   Reduce memory load on the system
#   Increase physical memory or swap space
#   Check if swap backing store is full
#   Decrease Java heap size (-Xmx/-Xms)
#   Decrease number of Java threads
#   Decrease Java thread stack sizes (-Xss)
#   Set larger code cache with -XX:ReservedCodeCacheSize=
#   JVM is running with Unscaled Compressed Oops mode in which the Java heap is
#     placed in the first 4GB address space. The Java Heap base address is the
#     maximum limit for the native heap growth. Please use -XX:HeapBaseMinAddress
#     to set the Java Heap base and to place the Java Heap above 4GB virtual address.
# This output file may be truncated or incomplete.
#
#  Out of Memory Error (os_windows.cpp:3564), pid=17892, tid=17916
#
# JRE version: Java(TM) SE Runtime Environment (24.0.1+9) (build 24.0.1+9-30)
# Java VM: Java HotSpot(TM) 64-Bit Server VM (24.0.1+9-30, mixed mode, sharing, tiered, compressed oops, compressed class ptrs, g1 gc, windows-amd64)
# No core dump will be written. Minidumps are not enabled by default on client versions of Windows
#

---------------  S U M M A R Y ------------

Command Line: --add-opens=java.base/java.lang=ALL-UNNAMED --add-opens=java.base/java.lang.invoke=ALL-UNNAMED --add-opens=java.base/java.util=ALL-UNNAMED --add-opens=java.prefs/java.util.prefs=ALL-UNNAMED --add-exports=jdk.compiler/com.sun.tools.javac.api=ALL-UNNAMED --add-exports=jdk.compiler/com.sun.tools.javac.util=ALL-UNNAMED --add-opens=java.base/java.nio.charset=ALL-UNNAMED --add-opens=java.base/java.net=ALL-UNNAMED --add-opens=java.base/java.util.concurrent=ALL-UNNAMED --add-opens=java.base/java.util.concurrent.atomic=ALL-UNNAMED --add-opens=java.xml/javax.xml.namespace=ALL-UNNAMED --add-opens=java.base/java.time=ALL-UNNAMED --enable-native-access=ALL-UNNAMED -Xmx2048m -Dfile.encoding=UTF-8 -Duser.country=US -Duser.language=en -Duser.variant -javaagent:C:\Users\user\.gradle\wrapper\dists\gradle-9.6.0-bin\42k10rwplmzkhuboz9kdazi7s\gradle-9.6.0\lib\agents\gradle-instrumentation-agent-9.6.0.jar org.gradle.launcher.daemon.bootstrap.GradleDaemon 9.6.0

Host: AMD Ryzen 3 7320U with Radeon Graphics         , 8 cores, 3G,  Windows 11 , 64 bit Build 26100 (10.0.26100.9444)
Time: Thu Sep 24 20:53:02 2026 South Africa Standard Time elapsed time: 10.276899 seconds (0d 0h 0m 10s)

---------------  T H R E A D  ---------------

Current thread (0x000001fcbe71d0b0):  VMThread "VM Thread"          [id=17916, stack(0x00000023d7300000,0x00000023d7400000) (1024K)]

Stack: [0x00000023d7300000,0x00000023d7400000]
Native frames: (J=compiled Java code, j=interpreted, Vv=VM code, C=native code)
V  [jvm.dll+0x730739]  (no source info available)
V  [jvm.dll+0x8d9b23]  (no source info available)
V  [jvm.dll+0x8dc00d]  (no source info available)
V  [jvm.dll+0x8dc683]  (no source info available)
V  [jvm.dll+0x2aa086]  (no source info available)
V  [jvm.dll+0x72cc65]  (no source info available)
V  [jvm.dll+0x72059a]  (no source info available)
V  [jvm.dll+0x390cea]  (no source info available)
V  [jvm.dll+0x3989f6]  (no source info available)
V  [jvm.dll+0x38523e]  (no source info available)
V  [jvm.dll+0x3854f8]  (no source info available)
V  [jvm.dll+0x35d0cc]  (no source info available)
V  [jvm.dll+0x35d15a]  (no source info available)
V  [jvm.dll+0x3aa702]  (no source info available)
V  [jvm.dll+0x3a8d82]  (no source info available)
V  [jvm.dll+0x35c897]  (no source info available)
V  [jvm.dll+0x3a8534]  (no source info available)
V  [jvm.dll+0x8e2742]  (no source info available)
V  [jvm.dll+0x8e3a8c]  (no source info available)
V  [jvm.dll+0x8e3ff8]  (no source info available)
V  [jvm.dll+0x8e4293]  (no source info available)
V  [jvm.dll+0x87d76b]  (no source info available)
V  [jvm.dll+0x72ee55]  (no source info available)
C  [ucrtbase.dll+0x2cd30]  (no source info available)
C  [KERNEL32.DLL+0x2cd87]  (no source info available)
C  [ntdll.dll+0xacaec]  (no source info available)

VM_Operation (0x00000023d87f3a90): G1CollectForAllocation, mode: safepoint, requested by thread 0x000001fd05f140e0


---------------  P R O C E S S  ---------------

Threads class SMR info:
_java_thread_list=0x000001fd078be880, length=48, elements={
0x000001fc9f3a6ed0, 0x000001fcbe72bde0, 0x000001fcbe72c720, 0x000001fcbe731600,
0x000001fcbe736550, 0x000001fcbe737490, 0x000001fcbe734280, 0x000001fcbe7354f0,
0x000001fcbe7554c0, 0x000001fcbe8dca60, 0x000001fcbe9a5b30, 0x000001fd05e51000,
0x000001fd05f32790, 0x000001fd05f84070, 0x000001fd05f847c0, 0x000001fd05f85660,
0x000001fd05f84f10, 0x000001fd05f140e0, 0x000001fd05f16570, 0x000001fd05f16cc0,
0x000001fd05f17410, 0x000001fd05f14830, 0x000001fd05f14f80, 0x000001fd05f156d0,
0x000001fd05f15e20, 0x000001fd0773a940, 0x000001fd07739350, 0x000001fd0773b090,
0x000001fd07737d60, 0x000001fd077384b0, 0x000001fd07738c00, 0x000001fd07739aa0,
0x000001fd0773a1f0, 0x000001fd06b1efc0, 0x000001fd06b1d280, 0x000001fd06b1fe60,
0x000001fd06b20d00, 0x000001fd06b205b0, 0x000001fd06b1d9d0, 0x000001fd06b21450,
0x000001fd06b1e120, 0x000001fd06b1f710, 0x000001fd06b1e870, 0x000001fd06b21ba0,
0x000001fd06b24030, 0x000001fd06b222f0, 0x000001fd06b22a40, 0x000001fd06b24780
}

Java Threads: ( => current thread )
  0x000001fc9f3a6ed0 JavaThread "main"                              [_thread_blocked, id=21260, stack(0x00000023d6c00000,0x00000023d6d00000) (1024K)]
  0x000001fcbe72bde0 JavaThread "Reference Handler"          daemon [_thread_blocked, id=19612, stack(0x00000023d7400000,0x00000023d7500000) (1024K)]
  0x000001fcbe72c720 JavaThread "Finalizer"                  daemon [_thread_blocked, id=18756, stack(0x00000023d7500000,0x00000023d7600000) (1024K)]
  0x000001fcbe731600 JavaThread "Signal Dispatcher"          daemon [_thread_blocked, id=11472, stack(0x00000023d7600000,0x00000023d7700000) (1024K)]
  0x000001fcbe736550 JavaThread "Attach Listener"            daemon [_thread_blocked, id=14576, stack(0x00000023d7700000,0x00000023d7800000) (1024K)]
  0x000001fcbe737490 JavaThread "Service Thread"             daemon [_thread_blocked, id=9144, stack(0x00000023d7800000,0x00000023d7900000) (1024K)]
  0x000001fcbe734280 JavaThread "Monitor Deflation Thread"   daemon [_thread_blocked, id=16684, stack(0x00000023d7900000,0x00000023d7a00000) (1024K)]
  0x000001fcbe7354f0 JavaThread "C2 CompilerThread0"         daemon [_thread_blocked, id=3780, stack(0x00000023d7a00000,0x00000023d7b00000) (1024K)]
  0x000001fcbe7554c0 JavaThread "C1 CompilerThread0"         daemon [_thread_blocked, id=15760, stack(0x00000023d7b00000,0x00000023d7c00000) (1024K)]
  0x000001fcbe8dca60 JavaThread "Common-Cleaner"             daemon [_thread_blocked, id=14772, stack(0x00000023d7c00000,0x00000023d7d00000) (1024K)]
  0x000001fcbe9a5b30 JavaThread "Notification Thread"        daemon [_thread_blocked, id=19788, stack(0x00000023d7d00000,0x00000023d7e00000) (1024K)]
  0x000001fd05e51000 JavaThread "Daemon health stats"               [_thread_blocked, id=10584, stack(0x00000023d7f00000,0x00000023d8000000) (1024K)]
  0x000001fd05f32790 JavaThread "Incoming local TCP Connector on port 59385"        [_thread_in_native, id=2408, stack(0x00000023d8200000,0x00000023d8300000) (1024K)]
  0x000001fd05f84070 JavaThread "Daemon periodic checks"            [_thread_blocked, id=20324, stack(0x00000023d8300000,0x00000023d8400000) (1024K)]
  0x000001fd05f847c0 JavaThread "Daemon"                            [_thread_blocked, id=12840, stack(0x00000023d8400000,0x00000023d8500000) (1024K)]
  0x000001fd05f85660 JavaThread "Handler for socket connection from /127.0.0.1:59385 to /127.0.0.1:59386"        [_thread_in_native, id=3496, stack(0x00000023d8500000,0x00000023d8600000) (1024K)]
  0x000001fd05f84f10 JavaThread "Cancel handler"                    [_thread_blocked, id=15208, stack(0x00000023d8600000,0x00000023d8700000) (1024K)]
  0x000001fd05f140e0 JavaThread "Daemon worker"                     [_thread_blocked, id=17832, stack(0x00000023d8700000,0x00000023d8800000) (1024K)]
  0x000001fd05f16570 JavaThread "Asynchronous log dispatcher for DefaultDaemonConnection: socket connection from /127.0.0.1:59385 to /127.0.0.1:59386"        [_thread_blocked, id=18980, stack(0x00000023d8800000,0x00000023d8900000) (1024K)]
  0x000001fd05f16cc0 JavaThread "Stdin handler"                     [_thread_blocked, id=14896, stack(0x00000023d8900000,0x00000023d8a00000) (1024K)]
  0x000001fd05f17410 JavaThread "Daemon client event forwarder"        [_thread_blocked, id=16100, stack(0x00000023d8a00000,0x00000023d8b00000) (1024K)]
  0x000001fd05f14830 JavaThread "Cache worker for journal cache (C:\Users\user\.gradle\caches\journal-1)"        [_thread_blocked, id=8580, stack(0x00000023d8f00000,0x00000023d9000000) (1024K)]
  0x000001fd05f14f80 JavaThread "File lock request listener"        [_thread_in_native, id=4880, stack(0x00000023d9000000,0x00000023d9100000) (1024K)]
  0x000001fd05f156d0 JavaThread "Cache worker for file hash cache (C:\Users\user\.gradle\caches\9.6.0\fileHashes)"        [_thread_blocked, id=20092, stack(0x00000023d9100000,0x00000023d9200000) (1024K)]
  0x000001fd05f15e20 JavaThread "Cache worker for file hash cache (C:\Users\user\AndroidStudioProjects\SmartPantryManager\.gradle\9.6.0\fileHashes)"        [_thread_blocked, id=10412, stack(0x00000023d9300000,0x00000023d9400000) (1024K)]
  0x000001fd0773a940 JavaThread "Cache worker for checksums cache (C:\Users\user\AndroidStudioProjects\SmartPantryManager\.gradle\9.6.0\checksums)"        [_thread_blocked, id=9904, stack(0x00000023d9400000,0x00000023d9500000) (1024K)]
  0x000001fd07739350 JavaThread "Cache worker for Build Output Cleanup Cache (C:\Users\user\AndroidStudioProjects\SmartPantryManager\.gradle\buildOutputCleanup)"        [_thread_blocked, id=18060, stack(0x00000023d9500000,0x00000023d9600000) (1024K)]
  0x000001fd0773b090 JavaThread "Cache worker for file content cache (C:\Users\user\.gradle\caches\9.6.0\fileContent)"        [_thread_blocked, id=5692, stack(0x00000023d9600000,0x00000023d9700000) (1024K)]
  0x000001fd07737d60 JavaThread "File watcher server"        daemon [_thread_blocked, id=7284, stack(0x00000023d9700000,0x00000023d9800000) (1024K)]
  0x000001fd077384b0 JavaThread "File watcher consumer"      daemon [_thread_blocked, id=6572, stack(0x00000023d9800000,0x00000023d9900000) (1024K)]
  0x000001fd07738c00 JavaThread "Cache worker for cache directory md-supplier (C:\Users\user\.gradle\caches\9.6.0\md-supplier)"        [_thread_blocked, id=10236, stack(0x00000023d9900000,0x00000023d9a00000) (1024K)]
  0x000001fd07739aa0 JavaThread "Cache worker for cache directory md-rule (C:\Users\user\.gradle\caches\9.6.0\md-rule)"        [_thread_blocked, id=17768, stack(0x00000023d9a00000,0x00000023d9b00000) (1024K)]
  0x000001fd0773a1f0 JavaThread "jar transforms"                    [_thread_blocked, id=2504, stack(0x00000023d9b00000,0x00000023d9c00000) (1024K)]
  0x000001fd06b1efc0 JavaThread "jar transforms Thread 2"           [_thread_blocked, id=3360, stack(0x00000023d9c00000,0x00000023d9d00000) (1024K)]
  0x000001fd06b1d280 JavaThread "jar transforms Thread 3"           [_thread_blocked, id=6072, stack(0x00000023d9d00000,0x00000023d9e00000) (1024K)]
  0x000001fd06b1fe60 JavaThread "Build operations"                  [_thread_blocked, id=12472, stack(0x00000023d9e00000,0x00000023d9f00000) (1024K)]
  0x000001fd06b20d00 JavaThread "Build operations Thread 2"         [_thread_blocked, id=15472, stack(0x00000023d9f00000,0x00000023da000000) (1024K)]
  0x000001fd06b205b0 JavaThread "Build operations Thread 3"         [_thread_blocked, id=6856, stack(0x00000023da000000,0x00000023da100000) (1024K)]
  0x000001fd06b1d9d0 JavaThread "Build operations Thread 4"         [_thread_blocked, id=7944, stack(0x00000023da100000,0x00000023da200000) (1024K)]
  0x000001fd06b21450 JavaThread "Build operations Thread 5"         [_thread_blocked, id=18172, stack(0x00000023da200000,0x00000023da300000) (1024K)]
  0x000001fd06b1e120 JavaThread "Build operations Thread 6"         [_thread_blocked, id=9336, stack(0x00000023da300000,0x00000023da400000) (1024K)]
  0x000001fd06b1f710 JavaThread "Build operations Thread 7"         [_thread_blocked, id=13108, stack(0x00000023da400000,0x00000023da500000) (1024K)]
  0x000001fd06b1e870 JavaThread "Build operations Thread 8"         [_thread_blocked, id=19476, stack(0x00000023da500000,0x00000023da600000) (1024K)]
  0x000001fd06b21ba0 JavaThread "jar transforms Thread 4"           [_thread_blocked, id=11460, stack(0x00000023da600000,0x00000023da700000) (1024K)]
  0x000001fd06b24030 JavaThread "jar transforms Thread 5"           [_thread_blocked, id=4572, stack(0x00000023da700000,0x00000023da800000) (1024K)]
  0x000001fd06b222f0 JavaThread "jar transforms Thread 6"           [_thread_blocked, id=5320, stack(0x00000023da800000,0x00000023da900000) (1024K)]
  0x000001fd06b22a40 JavaThread "jar transforms Thread 7"           [_thread_blocked, id=12832, stack(0x00000023da900000,0x00000023daa00000) (1024K)]
  0x000001fd06b24780 JavaThread "jar transforms Thread 8"           [_thread_blocked, id=6568, stack(0x00000023daa00000,0x00000023dab00000) (1024K)]
Total: 48

Other Threads:
=>0x000001fcbe71d0b0 VMThread "VM Thread"                           [id=17916, stack(0x00000023d7300000,0x00000023d7400000) (1024K)]
  0x000001fcbe710500 WatcherThread "VM Periodic Task Thread"        [id=16716, stack(0x00000023d7200000,0x00000023d7300000) (1024K)]
  0x000001fca17d6950 WorkerThread "GC Thread#0"                     [id=16812, stack(0x00000023d6d00000,0x00000023d6e00000) (1024K)]
  0x000001fd04db0f80 WorkerThread "GC Thread#1"                     [id=9712, stack(0x00000023d7e00000,0x00000023d7f00000) (1024K)]
  0x000001fd05e7feb0 WorkerThread "GC Thread#2"                     [id=8628, stack(0x00000023d8000000,0x00000023d8100000) (1024K)]
  0x000001fd05e85450 WorkerThread "GC Thread#3"                     [id=18792, stack(0x00000023d8100000,0x00000023d8200000) (1024K)]
  0x000001fd06167c70 WorkerThread "GC Thread#4"                     [id=3820, stack(0x00000023d8b00000,0x00000023d8c00000) (1024K)]
  0x000001fd06168020 WorkerThread "GC Thread#5"                     [id=20688, stack(0x00000023d8c00000,0x00000023d8d00000) (1024K)]
  0x000001fd06197ec0 WorkerThread "GC Thread#6"                     [id=18836, stack(0x00000023d8d00000,0x00000023d8e00000) (1024K)]
  0x000001fd061be4d0 WorkerThread "GC Thread#7"                     [id=312, stack(0x00000023d8e00000,0x00000023d8f00000) (1024K)]
  0x000001fca1826190 ConcurrentGCThread "G1 Main Marker"            [id=18900, stack(0x00000023d6e00000,0x00000023d6f00000) (1024K)]
  0x000001fca1828a10 WorkerThread "G1 Conc#0"                       [id=15688, stack(0x00000023d6f00000,0x00000023d7000000) (1024K)]
  0x000001fd061bd260 WorkerThread "G1 Conc#1"                       [id=6996, stack(0x00000023d9200000,0x00000023d9300000) (1024K)]
  0x000001fca183ea30 ConcurrentGCThread "G1 Refine#0"               [id=15864, stack(0x00000023d7000000,0x00000023d7100000) (1024K)]
  0x000001fcbe5c93b0 ConcurrentGCThread "G1 Service"                [id=11532, stack(0x00000023d7100000,0x00000023d7200000) (1024K)]
Total: 15

Threads with active compile tasks:
Total: 0

VM state: at safepoint (normal execution)

VM Mutex/Monitor currently owned by a thread:  ([mutex/lock_event])
[0x00007fff6dff44b0] Threads_lock - owner thread: 0x000001fcbe71d0b0
[0x00007fff6dff45b0] Heap_lock - owner thread: 0x000001fd05f140e0

Heap address: 0x0000000080000000, size: 2048 MB, Compressed Oops mode: 32-bit

CDS archive(s) mapped at: [0x000001fcbf000000-0x000001fcbfd40000-0x000001fcbfd40000), size 13893632, SharedBaseAddress: 0x000001fcbf000000, ArchiveRelocationMode: 1.
Compressed class space mapped at: 0x000001fcc0000000-0x000001fd00000000, reserved size: 1073741824
UseCompressedClassPointers 1, UseCompactObjectHeaders 0
Narrow klass pointer bits 32, Max shift 3
Narrow klass base: 0x000001fcbf000000, Narrow klass shift: 0
Encoding Range: [0x000001fcbf000000 - 0x000001fdbf000000), (4294967296 bytes)
Klass Range:    [0x000001fcbf000000 - 0x000001fd00000000), (1090519040 bytes)
Klass ID Range:  [8 - 1090519033) (1090519025)

GC Precious Log:
 CardTable entry size: 512
 Card Set container configuration: InlinePtr #cards 5 size 8 Array Of Cards #cards 10 size 36 Howl #buckets 4 coarsen threshold 1843 Howl Bitmap #cards 512 size 80 coarsen threshold 460 Card regions per heap region 1 cards per card region 2048
 CPUs: 8 total, 8 available
 Memory: 3317M
 Large Page Support: Disabled
 NUMA Support: Disabled
 Compressed Oops: Enabled (32-bit)
 Heap Region Size: 1M
 Heap Min Capacity: 8M
 Heap Initial Capacity: 52M
 Heap Max Capacity: 2G
 Pre-touch: Disabled
 Parallel Workers: 8
 Concurrent Workers: 2
 Concurrent Refinement Workers: 8
 Periodic GC: Disabled

Heap:
 garbage-first heap   total reserved 2097152K, committed 84992K, used 66448K [0x0000000080000000, 0x0000000100000000)
  region size 1024K, 2 young (2048K), 2 survivors (2048K)
 Metaspace       used 71182K, committed 73344K, reserved 1114112K
  class space    used 8350K, committed 9280K, reserved 1048576K

Heap Regions: E=young(eden), S=young(survivor), O=old, HS=humongous(starts), HC=humongous(continues), CS=collection set, F=free, TAMS=top-at-mark-start, PB=parsable bottom
|   0|0x0000000080000000, 0x0000000080100000, 0x0000000080100000|100%|HS|  |TAMS 0x0000000080100000| PB 0x0000000080000000| Complete |  0
|   1|0x0000000080100000, 0x0000000080200000, 0x0000000080200000|100%|HC|  |TAMS 0x0000000080200000| PB 0x0000000080100000| Complete |  0
|   2|0x0000000080200000, 0x0000000080300000, 0x0000000080300000|100%|HC|  |TAMS 0x0000000080300000| PB 0x0000000080200000| Complete |  0
|   3|0x0000000080300000, 0x0000000080400000, 0x0000000080400000|100%|HC|  |TAMS 0x0000000080400000| PB 0x0000000080300000| Complete |  0
|   4|0x0000000080400000, 0x0000000080500000, 0x0000000080500000|100%| O|  |TAMS 0x0000000080500000| PB 0x0000000080400000| Untracked |  0
|   5|0x0000000080500000, 0x0000000080600000, 0x0000000080600000|100%| O|  |TAMS 0x0000000080600000| PB 0x0000000080500000| Untracked |  0
|   6|0x0000000080600000, 0x0000000080700000, 0x0000000080700000|100%| O|  |TAMS 0x0000000080700000| PB 0x0000000080600000| Untracked |  0
|   7|0x0000000080700000, 0x0000000080800000, 0x0000000080800000|100%| O|  |TAMS 0x0000000080800000| PB 0x0000000080700000| Untracked |  0
|   8|0x0000000080800000, 0x0000000080900000, 0x0000000080900000|100%| O|  |TAMS 0x0000000080900000| PB 0x0000000080800000| Untracked |  0
|   9|0x0000000080900000, 0x0000000080a00000, 0x0000000080a00000|100%| O|  |TAMS 0x0000000080a00000| PB 0x0000000080900000| Untracked |  0
|  10|0x0000000080a00000, 0x0000000080b00000, 0x0000000080b00000|100%| O|  |TAMS 0x0000000080b00000| PB 0x0000000080a00000| Untracked |  0
|  11|0x0000000080b00000, 0x0000000080c00000, 0x0000000080c00000|100%| O|  |TAMS 0x0000000080c00000| PB 0x0000000080b00000| Untracked |  0
|  12|0x0000000080c00000, 0x0000000080d00000, 0x0000000080d00000|100%|HS|  |TAMS 0x0000000080d00000| PB 0x0000000080c00000| Complete |  0
|  13|0x0000000080d00000, 0x0000000080e00000, 0x0000000080e00000|100%| O|  |TAMS 0x0000000080e00000| PB 0x0000000080d00000| Untracked |  0
|  14|0x0000000080e00000, 0x0000000080f00000, 0x0000000080f00000|100%| O|  |TAMS 0x0000000080f00000| PB 0x0000000080e00000| Untracked |  0
|  15|0x0000000080f00000, 0x0000000081000000, 0x0000000081000000|100%| O|  |TAMS 0x0000000081000000| PB 0x0000000080f00000| Untracked |  0
|  16|0x0000000081000000, 0x0000000081100000, 0x0000000081100000|100%| O|  |TAMS 0x0000000081100000| PB 0x0000000081000000| Untracked |  0
|  17|0x0000000081100000, 0x0000000081200000, 0x0000000081200000|100%| O|  |TAMS 0x0000000081200000| PB 0x0000000081100000| Untracked |  0
|  18|0x0000000081200000, 0x0000000081300000, 0x0000000081300000|100%| O|  |TAMS 0x0000000081300000| PB 0x0000000081200000| Untracked |  0
|  19|0x0000000081300000, 0x0000000081400000, 0x0000000081400000|100%| O|  |TAMS 0x0000000081400000| PB 0x0000000081300000| Untracked |  0
|  20|0x0000000081400000, 0x0000000081500000, 0x0000000081500000|100%| O|  |TAMS 0x0000000081400000| PB 0x0000000081400000| Untracked |  0
|  21|0x0000000081500000, 0x0000000081600000, 0x0000000081600000|100%| O|  |TAMS 0x0000000081600000| PB 0x0000000081500000| Untracked |  0
|  22|0x0000000081600000, 0x0000000081700000, 0x0000000081700000|100%| O|  |TAMS 0x0000000081700000| PB 0x0000000081600000| Untracked |  0
|  23|0x0000000081700000, 0x0000000081800000, 0x0000000081800000|100%| O|  |TAMS 0x0000000081800000| PB 0x0000000081700000| Untracked |  0
|  24|0x0000000081800000, 0x0000000081900000, 0x0000000081900000|100%| O|  |TAMS 0x0000000081900000| PB 0x0000000081800000| Untracked |  0
|  25|0x0000000081900000, 0x0000000081a00000, 0x0000000081a00000|100%| O|  |TAMS 0x0000000081a00000| PB 0x0000000081900000| Untracked |  0
|  26|0x0000000081a00000, 0x0000000081b00000, 0x0000000081b00000|100%| O|  |TAMS 0x0000000081b00000| PB 0x0000000081a00000| Untracked |  0
|  27|0x0000000081b00000, 0x0000000081c00000, 0x0000000081c00000|100%| O|  |TAMS 0x0000000081c00000| PB 0x0000000081b00000| Untracked |  0
|  28|0x0000000081c00000, 0x0000000081d00000, 0x0000000081d00000|100%| O|  |TAMS 0x0000000081d00000| PB 0x0000000081c00000| Untracked |  0
|  29|0x0000000081d00000, 0x0000000081e00000, 0x0000000081e00000|100%| O|  |TAMS 0x0000000081e00000| PB 0x0000000081d00000| Untracked |  0
|  30|0x0000000081e00000, 0x0000000081f00000, 0x0000000081f00000|100%| O|  |TAMS 0x0000000081f00000| PB 0x0000000081e00000| Untracked |  0
|  31|0x0000000081f00000, 0x0000000082000000, 0x0000000082000000|100%| O|  |TAMS 0x0000000082000000| PB 0x0000000081f00000| Untracked |  0
|  32|0x0000000082000000, 0x0000000082100000, 0x0000000082100000|100%| O|  |TAMS 0x0000000082100000| PB 0x0000000082000000| Untracked |  0
|  33|0x0000000082100000, 0x0000000082200000, 0x0000000082200000|100%| O|  |TAMS 0x0000000082200000| PB 0x0000000082100000| Untracked |  0
|  34|0x0000000082200000, 0x0000000082300000, 0x0000000082300000|100%| O|  |TAMS 0x0000000082300000| PB 0x0000000082200000| Untracked |  0
|  35|0x0000000082300000, 0x0000000082400000, 0x0000000082400000|100%| O|  |TAMS 0x0000000082400000| PB 0x0000000082300000| Untracked |  0
|  36|0x0000000082400000, 0x0000000082500000, 0x0000000082500000|100%| O|  |TAMS 0x0000000082500000| PB 0x0000000082400000| Untracked |  0
|  37|0x0000000082500000, 0x0000000082600000, 0x0000000082600000|100%| O|  |TAMS 0x0000000082600000| PB 0x0000000082500000| Untracked |  0
|  38|0x0000000082600000, 0x0000000082700000, 0x0000000082700000|100%| O|  |TAMS 0x0000000082700000| PB 0x0000000082600000| Untracked |  0
|  39|0x0000000082700000, 0x0000000082800000, 0x0000000082800000|100%| O|  |TAMS 0x0000000082800000| PB 0x0000000082700000| Untracked |  0
|  40|0x0000000082800000, 0x0000000082900000, 0x0000000082900000|100%| O|  |TAMS 0x0000000082900000| PB 0x0000000082800000| Untracked |  0
|  41|0x0000000082900000, 0x0000000082a00000, 0x0000000082a00000|100%| O|  |TAMS 0x0000000082a00000| PB 0x0000000082900000| Untracked |  0
|  42|0x0000000082a00000, 0x0000000082b00000, 0x0000000082b00000|100%| O|  |TAMS 0x0000000082b00000| PB 0x0000000082a00000| Untracked |  0
|  43|0x0000000082b00000, 0x0000000082c00000, 0x0000000082c00000|100%| O|  |TAMS 0x0000000082c00000| PB 0x0000000082b00000| Untracked |  0
|  44|0x0000000082c00000, 0x0000000082d00000, 0x0000000082d00000|100%| O|  |TAMS 0x0000000082d00000| PB 0x0000000082c00000| Untracked |  0
|  45|0x0000000082d00000, 0x0000000082e00000, 0x0000000082e00000|100%| O|  |TAMS 0x0000000082e00000| PB 0x0000000082d00000| Untracked |  0
|  46|0x0000000082e00000, 0x0000000082f00000, 0x0000000082f00000|100%| O|  |TAMS 0x0000000082f00000| PB 0x0000000082e00000| Untracked |  0
|  47|0x0000000082f00000, 0x0000000083000000, 0x0000000083000000|100%| O|  |TAMS 0x0000000083000000| PB 0x0000000082f00000| Untracked |  0
|  48|0x0000000083000000, 0x0000000083100000, 0x0000000083100000|100%| O|  |TAMS 0x0000000083100000| PB 0x0000000083000000| Untracked |  0
|  49|0x0000000083100000, 0x0000000083200000, 0x0000000083200000|100%| O|  |TAMS 0x0000000083100000| PB 0x0000000083100000| Untracked |  0
|  50|0x0000000083200000, 0x0000000083300000, 0x0000000083300000|100%| O|  |TAMS 0x0000000083300000| PB 0x0000000083200000| Untracked |  0
|  51|0x0000000083300000, 0x0000000083400000, 0x0000000083400000|100%| O|  |TAMS 0x0000000083400000| PB 0x0000000083300000| Untracked |  0
|  52|0x0000000083400000, 0x0000000083500000, 0x0000000083500000|100%| O|  |TAMS 0x0000000083500000| PB 0x0000000083400000| Untracked |  0
|  53|0x0000000083500000, 0x0000000083600000, 0x0000000083600000|100%| O|  |TAMS 0x0000000083500000| PB 0x0000000083500000| Untracked |  0
|  54|0x0000000083600000, 0x0000000083700000, 0x0000000083700000|100%| O|  |TAMS 0x0000000083600000| PB 0x0000000083600000| Untracked |  0
|  55|0x0000000083700000, 0x00000000837e4300, 0x0000000083800000| 89%| O|  |TAMS 0x0000000083700000| PB 0x0000000083700000| Untracked |  0
|  56|0x0000000083800000, 0x0000000083900000, 0x0000000083900000|100%| O|  |TAMS 0x0000000083900000| PB 0x0000000083800000| Untracked |  0
|  57|0x0000000083900000, 0x0000000083a00000, 0x0000000083a00000|100%| O|  |TAMS 0x0000000083a00000| PB 0x0000000083900000| Untracked |  0
|  58|0x0000000083a00000, 0x0000000083a00000, 0x0000000083b00000|  0%| F|  |TAMS 0x0000000083a00000| PB 0x0000000083a00000| Untracked |  0
|  59|0x0000000083b00000, 0x0000000083b00000, 0x0000000083c00000|  0%| F|  |TAMS 0x0000000083b00000| PB 0x0000000083b00000| Untracked |  0
|  60|0x0000000083c00000, 0x0000000083c00000, 0x0000000083d00000|  0%| F|  |TAMS 0x0000000083c00000| PB 0x0000000083c00000| Untracked |  0
|  61|0x0000000083d00000, 0x0000000083d00000, 0x0000000083e00000|  0%| F|  |TAMS 0x0000000083d00000| PB 0x0000000083d00000| Untracked |  0
|  62|0x0000000083e00000, 0x0000000083e00000, 0x0000000083f00000|  0%| F|  |TAMS 0x0000000083e00000| PB 0x0000000083e00000| Untracked |  0
|  63|0x0000000083f00000, 0x0000000083f00000, 0x0000000084000000|  0%| F|  |TAMS 0x0000000083f00000| PB 0x0000000083f00000| Untracked |  0
|  64|0x0000000084000000, 0x0000000084100000, 0x0000000084100000|100%| S|CS|TAMS 0x0000000084000000| PB 0x0000000084000000| Complete |  0
|  65|0x0000000084100000, 0x0000000084200000, 0x0000000084200000|100%| S|CS|TAMS 0x0000000084100000| PB 0x0000000084100000| Complete |  0
|  66|0x0000000084200000, 0x0000000084200000, 0x0000000084300000|  0%| F|  |TAMS 0x0000000084200000| PB 0x0000000084200000| Untracked |  0
|  67|0x0000000084300000, 0x0000000084300000, 0x0000000084400000|  0%| F|  |TAMS 0x0000000084300000| PB 0x0000000084300000| Untracked |  0
|  68|0x0000000084400000, 0x0000000084400000, 0x0000000084500000|  0%| F|  |TAMS 0x0000000084400000| PB 0x0000000084400000| Untracked |  0
|  69|0x0000000084500000, 0x0000000084500000, 0x0000000084600000|  0%| F|  |TAMS 0x0000000084500000| PB 0x0000000084500000| Untracked |  0
|  70|0x0000000084600000, 0x0000000084600000, 0x0000000084700000|  0%| F|  |TAMS 0x0000000084600000| PB 0x0000000084600000| Untracked |  0
|  71|0x0000000084700000, 0x0000000084700000, 0x0000000084800000|  0%| F|  |TAMS 0x0000000084700000| PB 0x0000000084700000| Untracked |  0
|  72|0x0000000084800000, 0x0000000084800000, 0x0000000084900000|  0%| F|  |TAMS 0x0000000084800000| PB 0x0000000084800000| Untracked |  0
|  73|0x0000000084900000, 0x0000000084900000, 0x0000000084a00000|  0%| F|  |TAMS 0x0000000084900000| PB 0x0000000084900000| Untracked |  0
|  74|0x0000000084a00000, 0x0000000084a00000, 0x0000000084b00000|  0%| F|  |TAMS 0x0000000084a00000| PB 0x0000000084a00000| Untracked |  0
|  75|0x0000000084b00000, 0x0000000084b00000, 0x0000000084c00000|  0%| F|  |TAMS 0x0000000084b00000| PB 0x0000000084b00000| Untracked |  0
|  76|0x0000000084c00000, 0x0000000084c00000, 0x0000000084d00000|  0%| F|  |TAMS 0x0000000084c00000| PB 0x0000000084c00000| Untracked |  0
|2042|0x00000000ffa00000, 0x00000000ffb00000, 0x00000000ffb00000|100%| O|  |TAMS 0x00000000ffb00000| PB 0x00000000ffa00000| Untracked |  0
|2043|0x00000000ffb00000, 0x00000000ffc00000, 0x00000000ffc00000|100%| O|  |TAMS 0x00000000ffc00000| PB 0x00000000ffb00000| Untracked |  0
|2044|0x00000000ffc00000, 0x00000000ffd00000, 0x00000000ffd00000|100%| O|  |TAMS 0x00000000ffd00000| PB 0x00000000ffc00000| Untracked |  0
|2045|0x00000000ffd00000, 0x00000000ffe00000, 0x00000000ffe00000|100%| O|  |TAMS 0x00000000ffe00000| PB 0x00000000ffd00000| Untracked |  0
|2046|0x00000000ffe00000, 0x00000000fff00000, 0x00000000fff00000|100%| O|  |TAMS 0x00000000fff00000| PB 0x00000000ffe00000| Untracked |  0
|2047|0x00000000fff00000, 0x00000000fff00000, 0x0000000100000000|  0%| F|  |TAMS 0x00000000fff00000| PB 0x00000000fff00000| Untracked |  0

Card table byte_map: [0x000001fcb9870000,0x000001fcb9c70000] _byte_map_base: 0x000001fcb9470000

Marking Bits: (CMBitMap*) 0x000001fca17d6f70
 Bits: [0x000001fcb9c70000, 0x000001fcbbc70000)

Polling page: 0x000001fc9f5c0000

Metaspace:

Usage:
  Non-class:     61.36 MB used.
      Class:      8.15 MB used.
       Both:     69.51 MB used.

Virtual space:
  Non-class space:       64.00 MB reserved,      62.56 MB ( 98%) committed,  1 nodes.
      Class space:        1.00 GB reserved,       9.06 MB ( <1%) committed,  1 nodes.
             Both:        1.06 GB reserved,      71.62 MB (  7%) committed. 

Chunk freelists:
   Non-Class:  816.00 KB
       Class:  6.77 MB
        Both:  7.56 MB

MaxMetaspaceSize: unlimited
CompressedClassSpaceSize: 1.00 GB
Initial GC threshold: 21.00 MB
Current GC threshold: 118.38 MB
CDS: on
 - commit_granule_bytes: 65536.
 - commit_granule_words: 8192.
 - virtual_space_node_default_size: 8388608.
 - enlarge_chunks_in_place: 1.
UseCompressedClassPointers 1, UseCompactObjectHeaders 0
Narrow klass pointer bits 32, Max shift 3
Narrow klass base: 0x000001fcbf000000, Narrow klass shift: 0
Encoding Range: [0x000001fcbf000000 - 0x000001fdbf000000), (4294967296 bytes)
Klass Range:    [0x000001fcbf000000 - 0x000001fd00000000), (1090519040 bytes)
Klass ID Range:  [8 - 1090519033) (1090519025)


Internal statistics:

num_allocs_failed_limit: 3.
num_arena_births: 3750.
num_arena_deaths: 0.
num_vsnodes_births: 2.
num_vsnodes_deaths: 0.
num_space_committed: 1146.
num_space_uncommitted: 0.
num_chunks_returned_to_freelist: 3.
num_chunks_taken_from_freelist: 6795.
num_chunk_merges: 3.
num_chunk_splits: 4654.
num_chunks_enlarged: 3159.
num_inconsistent_stats: 0.

CodeHeap 'non-profiled nmethods': size=120064Kb used=2489Kb max_used=2489Kb free=117574Kb
 bounds [0x000001fcb1ae0000, 0x000001fcb1d50000, 0x000001fcb9020000]
CodeHeap 'profiled nmethods': size=120000Kb used=8393Kb max_used=8572Kb free=111606Kb
 bounds [0x000001fcaa020000, 0x000001fcaa8a0000, 0x000001fcb1550000]
CodeHeap 'non-nmethods': size=5696Kb used=1955Kb max_used=2019Kb free=3740Kb
 bounds [0x000001fcb1550000, 0x000001fcb17c0000, 0x000001fcb1ae0000]
CodeCache: size=245760Kb, used=12837Kb, max_used=13080Kb, free=232920Kb
 total_blobs=6616, nmethods=5766, adapters=755, full_count=0
Compilation: enabled, stopped_count=0, restarted_count=0

Compilation events (20 events):
Event: 10.221 Thread 0x000001fcbe7354f0 6795       4       org.jetbrains.kotlin.cli.jvm.compiler.jarfs.FastJarHandler::createFile (81 bytes)
Event: 10.221 Thread 0x000001fcbe7554c0 6845       3       kotlin.sequences.TransformingSequence$iterator$1::next (22 bytes)
Event: 10.221 Thread 0x000001fcbe7554c0 nmethod 6845 0x000001fcaa1e5888 code [0x000001fcaa1e59c0, 0x000001fcaa1e5c90]
Event: 10.221 Thread 0x000001fcbe7554c0 6846       3       java.lang.String::replace (42 bytes)
Event: 10.221 Thread 0x000001fcbe7554c0 nmethod 6846 0x000001fcaa197208 code [0x000001fcaa197360, 0x000001fcaa1976d8]
Event: 10.232 Thread 0x000001fcbe7354f0 nmethod 6795 0x000001fcb1d4b188 code [0x000001fcb1d4b360, 0x000001fcb1d4c948]
Event: 10.232 Thread 0x000001fcbe7354f0 6809       4       kotlin.jvm.internal.Intrinsics::checkNotNull (8 bytes)
Event: 10.232 Thread 0x000001fcbe7354f0 nmethod 6809 0x000001fcb1d4cb08 code [0x000001fcb1d4cc00, 0x000001fcb1d4cc80]
Event: 10.232 Thread 0x000001fcbe7354f0 6802       4       org.jetbrains.kotlin.cli.jvm.compiler.jarfs.LargeDynamicMappedBuffer$Mapping::<init> (21 bytes)
Event: 10.233 Thread 0x000001fcbe7354f0 nmethod 6802 0x000001fcb1d4ce08 code [0x000001fcb1d4cf00, 0x000001fcb1d4d098]
Event: 10.233 Thread 0x000001fcbe7354f0 6808       4       kotlin.jvm.internal.Ref$IntRef::<init> (5 bytes)
Event: 10.233 Thread 0x000001fcbe7354f0 nmethod 6808 0x000001fcb1d4d108 code [0x000001fcb1d4d200, 0x000001fcb1d4d278]
Event: 10.233 Thread 0x000001fcbe7354f0 6755       4       org.jetbrains.kotlin.cli.jvm.compiler.jarfs.ZipEntryDescription::<init> (52 bytes)
Event: 10.237 Thread 0x000001fcbe7354f0 nmethod 6755 0x000001fcb1d4d408 code [0x000001fcb1d4d520, 0x000001fcb1d4d850]
Event: 10.237 Thread 0x000001fcbe7354f0 6789       4       java.lang.String::<init> (10 bytes)
Event: 10.238 Thread 0x000001fcbe7354f0 nmethod 6789 0x000001fcb1d4d888 code [0x000001fcb1d4d9a0, 0x000001fcb1d4ddf0]
Event: 10.238 Thread 0x000001fcbe7354f0 6774       4       org.jetbrains.kotlin.cli.jvm.compiler.jarfs.ByteArrayCharSequence::<init> (26 bytes)
Event: 10.239 Thread 0x000001fcbe7354f0 nmethod 6774 0x000001fcb1d4de88 code [0x000001fcb1d4df80, 0x000001fcb1d4e120]
Event: 10.250 Thread 0x000001fcbe7354f0 6847       4       sun.net.www.ParseUtil::match (50 bytes)
Event: 10.251 Thread 0x000001fcbe7354f0 nmethod 6847 0x000001fcb1d4e188 code [0x000001fcb1d4e280, 0x000001fcb1d4e370]

GC Heap History (20 events):
Event: 7.108 GC heap after
{Heap after GC invocations=22 (full 0):
 garbage-first heap   total reserved 2097152K, committed 66560K, used 38480K [0x0000000080000000, 0x0000000100000000)
  region size 1024K, 3 young (3072K), 3 survivors (3072K)
 Metaspace       used 47345K, committed 49152K, reserved 1114112K
  class space    used 5514K, committed 6336K, reserved 1048576K
}
Event: 7.544 GC heap before
{Heap before GC invocations=22 (full 0):
 garbage-first heap   total reserved 2097152K, committed 66560K, used 56912K [0x0000000080000000, 0x0000000100000000)
  region size 1024K, 22 young (22528K), 3 survivors (3072K)
 Metaspace       used 48371K, committed 50304K, reserved 1114112K
  class space    used 5615K, committed 6528K, reserved 1048576K
}
Event: 7.549 GC heap after
{Heap after GC invocations=23 (full 0):
 garbage-first heap   total reserved 2097152K, committed 79872K, used 41869K [0x0000000080000000, 0x0000000100000000)
  region size 1024K, 3 young (3072K), 3 survivors (3072K)
 Metaspace       used 48371K, committed 50304K, reserved 1114112K
  class space    used 5615K, committed 6528K, reserved 1048576K
}
Event: 7.883 GC heap before
{Heap before GC invocations=24 (full 0):
 garbage-first heap   total reserved 2097152K, committed 79872K, used 70541K [0x0000000080000000, 0x0000000100000000)
  region size 1024K, 32 young (32768K), 3 survivors (3072K)
 Metaspace       used 49960K, committed 51968K, reserved 1114112K
  class space    used 5854K, committed 6784K, reserved 1048576K
}
Event: 7.888 GC heap after
{Heap after GC invocations=25 (full 0):
 garbage-first heap   total reserved 2097152K, committed 79872K, used 42958K [0x0000000080000000, 0x0000000100000000)
  region size 1024K, 2 young (2048K), 2 survivors (2048K)
 Metaspace       used 49960K, committed 51968K, reserved 1114112K
  class space    used 5854K, committed 6784K, reserved 1048576K
}
Event: 8.405 GC heap before
{Heap before GC invocations=25 (full 0):
 garbage-first heap   total reserved 2097152K, committed 79872K, used 71630K [0x0000000080000000, 0x0000000100000000)
  region size 1024K, 30 young (30720K), 2 survivors (2048K)
 Metaspace       used 53745K, committed 55872K, reserved 1114112K
  class space    used 6266K, committed 7232K, reserved 1048576K
}
Event: 8.409 GC heap after
{Heap after GC invocations=26 (full 0):
 garbage-first heap   total reserved 2097152K, committed 79872K, used 44083K [0x0000000080000000, 0x0000000100000000)
  region size 1024K, 3 young (3072K), 3 survivors (3072K)
 Metaspace       used 53745K, committed 55872K, reserved 1114112K
  class space    used 6266K, committed 7232K, reserved 1048576K
}
Event: 8.828 GC heap before
{Heap before GC invocations=26 (full 0):
 garbage-first heap   total reserved 2097152K, committed 79872K, used 69683K [0x0000000080000000, 0x0000000100000000)
  region size 1024K, 29 young (29696K), 3 survivors (3072K)
 Metaspace       used 57759K, committed 59840K, reserved 1114112K
  class space    used 6662K, committed 7616K, reserved 1048576K
}
Event: 8.833 GC heap after
{Heap after GC invocations=27 (full 0):
 garbage-first heap   total reserved 2097152K, committed 79872K, used 44979K [0x0000000080000000, 0x0000000100000000)
  region size 1024K, 3 young (3072K), 3 survivors (3072K)
 Metaspace       used 57759K, committed 59840K, reserved 1114112K
  class space    used 6662K, committed 7616K, reserved 1048576K
}
Event: 9.257 GC heap before
{Heap before GC invocations=28 (full 0):
 garbage-first heap   total reserved 2097152K, committed 79872K, used 70579K [0x0000000080000000, 0x0000000100000000)
  region size 1024K, 28 young (28672K), 3 survivors (3072K)
 Metaspace       used 62764K, committed 64896K, reserved 1114112K
  class space    used 7415K, committed 8384K, reserved 1048576K
}
Event: 9.261 GC heap after
{Heap after GC invocations=29 (full 0):
 garbage-first heap   total reserved 2097152K, committed 79872K, used 45524K [0x0000000080000000, 0x0000000100000000)
  region size 1024K, 2 young (2048K), 2 survivors (2048K)
 Metaspace       used 62764K, committed 64896K, reserved 1114112K
  class space    used 7415K, committed 8384K, reserved 1048576K
}
Event: 9.625 GC heap before
{Heap before GC invocations=29 (full 0):
 garbage-first heap   total reserved 2097152K, committed 79872K, used 71124K [0x0000000080000000, 0x0000000100000000)
  region size 1024K, 28 young (28672K), 2 survivors (2048K)
 Metaspace       used 67004K, committed 69120K, reserved 1114112K
  class space    used 7936K, committed 8896K, reserved 1048576K
}
Event: 9.633 GC heap after
{Heap after GC invocations=30 (full 0):
 garbage-first heap   total reserved 2097152K, committed 79872K, used 46005K [0x0000000080000000, 0x0000000100000000)
  region size 1024K, 3 young (3072K), 3 survivors (3072K)
 Metaspace       used 67004K, committed 69120K, reserved 1114112K
  class space    used 7936K, committed 8896K, reserved 1048576K
}
Event: 9.967 GC heap before
{Heap before GC invocations=30 (full 0):
 garbage-first heap   total reserved 2097152K, committed 79872K, used 69557K [0x0000000080000000, 0x0000000100000000)
  region size 1024K, 27 young (27648K), 3 survivors (3072K)
 Metaspace       used 70398K, committed 72512K, reserved 1114112K
  class space    used 8253K, committed 9216K, reserved 1048576K
}
Event: 9.971 GC heap after
{Heap after GC invocations=31 (full 0):
 garbage-first heap   total reserved 2097152K, committed 79872K, used 46940K [0x0000000080000000, 0x0000000100000000)
  region size 1024K, 4 young (4096K), 4 survivors (4096K)
 Metaspace       used 70398K, committed 72512K, reserved 1114112K
  class space    used 8253K, committed 9216K, reserved 1048576K
}
Event: 10.123 GC heap before
{Heap before GC invocations=32 (full 0):
 garbage-first heap   total reserved 2097152K, committed 80896K, used 69468K [0x0000000080000000, 0x0000000100000000)
  region size 1024K, 26 young (26624K), 4 survivors (4096K)
 Metaspace       used 70708K, committed 72832K, reserved 1114112K
  class space    used 8290K, committed 9216K, reserved 1048576K
}
Event: 10.132 GC heap after
{Heap after GC invocations=33 (full 0):
 garbage-first heap   total reserved 2097152K, committed 84992K, used 57622K [0x0000000080000000, 0x0000000100000000)
  region size 1024K, 4 young (4096K), 4 survivors (4096K)
 Metaspace       used 70708K, committed 72832K, reserved 1114112K
  class space    used 8290K, committed 9216K, reserved 1048576K
}
Event: 10.145 GC heap before
{Heap before GC invocations=33 (full 0):
 garbage-first heap   total reserved 2097152K, committed 84992K, used 72982K [0x0000000080000000, 0x0000000100000000)
  region size 1024K, 19 young (19456K), 4 survivors (4096K)
 Metaspace       used 70708K, committed 72832K, reserved 1114112K
  class space    used 8290K, committed 9216K, reserved 1048576K
}
Event: 10.152 GC heap after
{Heap after GC invocations=34 (full 0):
 garbage-first heap   total reserved 2097152K, committed 84992K, used 62464K [0x0000000080000000, 0x0000000100000000)
  region size 1024K, 3 young (3072K), 3 survivors (3072K)
 Metaspace       used 70708K, committed 72832K, reserved 1114112K
  class space    used 8290K, committed 9216K, reserved 1048576K
}
Event: 10.256 GC heap before
{Heap before GC invocations=34 (full 0):
 garbage-first heap   total reserved 2097152K, committed 84992K, used 73728K [0x0000000080000000, 0x0000000100000000)
  region size 1024K, 15 young (15360K), 3 survivors (3072K)
 Metaspace       used 71182K, committed 73344K, reserved 1114112K
  class space    used 8350K, committed 9280K, reserved 1048576K
}

Dll operation events (15 events):
Event: 0.013 Loaded shared library C:\Program Files\Java\jdk-24\bin\java.dll
Event: 0.041 Loaded shared library C:\Program Files\Java\jdk-24\bin\jsvml.dll
Event: 0.082 Loaded shared library C:\Program Files\Java\jdk-24\bin\zip.dll
Event: 0.086 Loaded shared library C:\Program Files\Java\jdk-24\bin\instrument.dll
Event: 0.090 Loaded shared library C:\Program Files\Java\jdk-24\bin\net.dll
Event: 0.095 Loaded shared library C:\Program Files\Java\jdk-24\bin\nio.dll
Event: 0.099 Loaded shared library C:\Program Files\Java\jdk-24\bin\zip.dll
Event: 0.375 Loaded shared library C:\Program Files\Java\jdk-24\bin\jimage.dll
Event: 0.754 Loaded shared library C:\Program Files\Java\jdk-24\bin\verify.dll
Event: 0.785 Loaded shared library C:\Users\user\.gradle\native\660c5614fbf4a5f2a75b1949f50a0caf5cd603558e7d8a26e50b933a0cfb79d1\windows-amd64\native-platform.dll
Event: 0.801 Loaded shared library C:\Users\user\.gradle\native\0.2.8\x86_64-windows-gnu\gradle-fileevents.dll
Event: 1.754 Loaded shared library C:\Program Files\Java\jdk-24\bin\management.dll
Event: 1.759 Loaded shared library C:\Program Files\Java\jdk-24\bin\management_ext.dll
Event: 1.923 Loaded shared library C:\Program Files\Java\jdk-24\bin\extnet.dll
Event: 2.201 Loaded shared library C:\Program Files\Java\jdk-24\bin\sunmscapi.dll

Deoptimization events (20 events):
Event: 10.191 Thread 0x000001fd05f140e0 DEOPT PACKING pc=0x000001fcaa88f6ee sp=0x00000023d87f52d0
Event: 10.191 Thread 0x000001fd05f140e0 DEOPT UNPACKING pc=0x000001fcb15a5722 sp=0x00000023d87f4840 mode 0
Event: 10.193 Thread 0x000001fd05f140e0 DEOPT PACKING pc=0x000001fcaa88f6ee sp=0x00000023d87f52d0
Event: 10.193 Thread 0x000001fd05f140e0 DEOPT UNPACKING pc=0x000001fcb15a5722 sp=0x00000023d87f4840 mode 0
Event: 10.217 Thread 0x000001fd05f140e0 Uncommon trap: trap_request=0xffffffbe fr.pc=0x000001fcb1d445f0 relative=0x0000000000000910
Event: 10.217 Thread 0x000001fd05f140e0 Uncommon trap: reason=profile_predicate action=maybe_recompile pc=0x000001fcb1d445f0 method=java.util.regex.Pattern$BnM.optimize(Ljava/util/regex/Pattern$Node;)Ljava/util/regex/Pattern$Node; @ 67 c2
Event: 10.217 Thread 0x000001fd05f140e0 DEOPT PACKING pc=0x000001fcb1d445f0 sp=0x00000023d87f4f40
Event: 10.217 Thread 0x000001fd05f140e0 DEOPT UNPACKING pc=0x000001fcb1666702 sp=0x00000023d87f4e70 mode 2
Event: 10.218 Thread 0x000001fd05f140e0 Uncommon trap: trap_request=0xffffff4d fr.pc=0x000001fcb1c75b80 relative=0x00000000000009c0
Event: 10.218 Thread 0x000001fd05f140e0 Uncommon trap: reason=unstable_if action=reinterpret pc=0x000001fcb1c75b80 method=java.util.regex.Pattern.atom()Ljava/util/regex/Pattern$Node; @ 14 c2
Event: 10.218 Thread 0x000001fd05f140e0 DEOPT PACKING pc=0x000001fcb1c75b80 sp=0x00000023d87f4210
Event: 10.218 Thread 0x000001fd05f140e0 DEOPT UNPACKING pc=0x000001fcb1666702 sp=0x00000023d87f4198 mode 2
Event: 10.220 Thread 0x000001fd05f140e0 Uncommon trap: trap_request=0xffffff4d fr.pc=0x000001fcb1d45250 relative=0x0000000000001570
Event: 10.220 Thread 0x000001fd05f140e0 Uncommon trap: reason=unstable_if action=reinterpret pc=0x000001fcb1d45250 method=java.util.regex.Pattern$BnM.optimize(Ljava/util/regex/Pattern$Node;)Ljava/util/regex/Pattern$Node; @ 22 c2
Event: 10.220 Thread 0x000001fd05f140e0 DEOPT PACKING pc=0x000001fcb1d45250 sp=0x00000023d87f4f40
Event: 10.220 Thread 0x000001fd05f140e0 DEOPT UNPACKING pc=0x000001fcb1666702 sp=0x00000023d87f4e68 mode 2
Event: 10.220 Thread 0x000001fd05f140e0 Uncommon trap: trap_request=0xffffff4d fr.pc=0x000001fcb1b6bcfc relative=0x000000000000063c
Event: 10.220 Thread 0x000001fd05f140e0 Uncommon trap: reason=unstable_if action=reinterpret pc=0x000001fcb1b6bcfc method=java.lang.String.replace(CC)Ljava/lang/String; @ 2 c2
Event: 10.220 Thread 0x000001fd05f140e0 DEOPT PACKING pc=0x000001fcb1b6bcfc sp=0x00000023d87f5b20
Event: 10.220 Thread 0x000001fd05f140e0 DEOPT UNPACKING pc=0x000001fcb1666702 sp=0x00000023d87f5ae0 mode 2

Classes loaded (20 events):
Event: 9.816 Loading class java/nio/charset/IllegalCharsetNameException
Event: 9.816 Loading class java/nio/charset/IllegalCharsetNameException done
Event: 9.816 Loading class java/nio/charset/UnsupportedCharsetException
Event: 9.816 Loading class java/nio/charset/UnsupportedCharsetException done
Event: 9.817 Loading class sun/nio/cs/MS1251
Event: 9.817 Loading class sun/nio/cs/MS1251 done
Event: 10.012 Loading class java/beans/PropertyChangeSupport
Event: 10.012 Loading class java/beans/PropertyChangeSupport done
Event: 10.013 Loading class java/beans/PropertyChangeSupport$PropertyChangeListenerMap
Event: 10.013 Loading class java/beans/ChangeListenerMap
Event: 10.013 Loading class java/beans/ChangeListenerMap done
Event: 10.013 Loading class java/beans/PropertyChangeSupport$PropertyChangeListenerMap done
Event: 10.013 Loading class java/beans/PropertyChangeListener
Event: 10.013 Loading class java/beans/PropertyChangeListener done
Event: 10.217 Loading class java/util/regex/Pattern$Bound
Event: 10.218 Loading class java/util/regex/Pattern$Bound done
Event: 10.219 Loading class java/util/regex/Pattern$LookBehindEndNode
Event: 10.220 Loading class java/util/regex/Pattern$LookBehindEndNode done
Event: 10.220 Loading class java/util/regex/Pattern$NotBehind
Event: 10.220 Loading class java/util/regex/Pattern$NotBehind done

Classes unloaded (0 events):
No events

Classes redefined (0 events):
No events

Internal exceptions (20 events):
Event: 8.875 Thread 0x000001fd05f140e0 Exception <a 'java/lang/NoSuchMethodError'{0x0000000084a07410}: 'java.lang.Object java.lang.invoke.DirectMethodHandle$Holder.invokeSpecial(java.lang.Object, java.lang.Object, java.lang.Object, java.lang.Object, long)'> (0x0000000084a07410) 
thrown [s\open\src\hotspot\share\interpreter\linkResolver.cpp, line 805]
Event: 8.876 Thread 0x000001fd05f140e0 Exception <a 'java/lang/NoSuchMethodError'{0x0000000084a29650}: 'int java.lang.invoke.DelegatingMethodHandle$Holder.reinvoke_L(java.lang.Object, java.lang.Object, java.lang.Object, long, java.lang.Object, java.lang.Object)'> (0x0000000084a29650) 
thrown [s\open\src\hotspot\share\interpreter\linkResolver.cpp, line 805]
Event: 8.877 Thread 0x000001fd05f140e0 Exception <a 'java/lang/NoSuchMethodError'{0x0000000084a4b4b0}: 'int java.lang.invoke.DelegatingMethodHandle$Holder.reinvoke_L(java.lang.Object, java.lang.Object, java.lang.Object, long, int, int)'> (0x0000000084a4b4b0) 
thrown [s\open\src\hotspot\share\interpreter\linkResolver.cpp, line 805]
Event: 8.877 Thread 0x000001fd05f140e0 Exception <a 'java/lang/NoSuchMethodError'{0x0000000084a6d160}: 'int java.lang.invoke.DelegatingMethodHandle$Holder.reinvoke_L(java.lang.Object, java.lang.Object, java.lang.Object, long, long, long)'> (0x0000000084a6d160) 
thrown [s\open\src\hotspot\share\interpreter\linkResolver.cpp, line 805]
Event: 8.878 Thread 0x000001fd05f140e0 Exception <a 'java/lang/NoSuchMethodError'{0x0000000084a8eeb8}: 'int java.lang.invoke.DelegatingMethodHandle$Holder.reinvoke_L(java.lang.Object, java.lang.Object, java.lang.Object, long, int)'> (0x0000000084a8eeb8) 
thrown [s\open\src\hotspot\share\interpreter\linkResolver.cpp, line 805]
Event: 8.878 Thread 0x000001fd05f140e0 Exception <a 'java/lang/NoSuchMethodError'{0x0000000084ab03e0}: 'long java.lang.invoke.DelegatingMethodHandle$Holder.reinvoke_L(java.lang.Object, java.lang.Object, java.lang.Object)'> (0x0000000084ab03e0) 
thrown [s\open\src\hotspot\share\interpreter\linkResolver.cpp, line 805]
Event: 8.879 Thread 0x000001fd05f140e0 Exception <a 'java/lang/NoSuchMethodError'{0x0000000084ad2678}: 'void java.lang.invoke.DelegatingMethodHandle$Holder.reinvoke_L(java.lang.Object, java.lang.Object, java.lang.Object, long, java.lang.Object, long, long)'> (0x0000000084ad2678) 
thrown [s\open\src\hotspot\share\interpreter\linkResolver.cpp, line 805]
Event: 8.879 Thread 0x000001fd05f140e0 Exception <a 'java/lang/NoSuchMethodError'{0x0000000084ae4038}: 'long java.lang.invoke.Invokers$Holder.invokeExact_MT(java.lang.Object, java.lang.Object, java.lang.Object)'> (0x0000000084ae4038) 
thrown [s\open\src\hotspot\share\interpreter\linkResolver.cpp, line 805]
Event: 8.971 Thread 0x000001fd05f140e0 Exception <a 'java/lang/NoSuchMethodError'{0x000000008456ab58}: 'java.lang.Object java.lang.invoke.DirectMethodHandle$Holder.invokeStatic(java.lang.Object, java.lang.Object, int, java.lang.Object, int)'> (0x000000008456ab58) 
thrown [s\open\src\hotspot\share\interpreter\linkResolver.cpp, line 805]
Event: 9.115 Thread 0x000001fd05f140e0 Exception <a 'sun/nio/fs/WindowsException'{0x0000000083dfeaa8}> (0x0000000083dfeaa8) 
thrown [s\open\src\hotspot\share\prims\jni.cpp, line 518]
Event: 9.638 Thread 0x000001fd05f140e0 Exception <a 'java/lang/NoSuchMethodError'{0x00000000fff4aa00}: 'java.lang.Object java.lang.invoke.DirectMethodHandle$Holder.invokeStatic(java.lang.Object, java.lang.Object, java.lang.Object, java.lang.Object, int, java.lang.Object)'> (0x00000000fff4aa00) 
thrown [s\open\src\hotspot\share\interpreter\linkResolver.cpp, line 805]
Event: 9.672 Thread 0x000001fd05f140e0 Exception <a 'java/lang/NoSuchMethodError'{0x0000000084b88e58}: 'long java.lang.invoke.DirectMethodHandle$Holder.invokeStatic(java.lang.Object, java.lang.Object, int)'> (0x0000000084b88e58) 
thrown [s\open\src\hotspot\share\interpreter\linkResolver.cpp, line 805]
Event: 9.672 Thread 0x000001fd05f140e0 Exception <a 'java/lang/NoSuchMethodError'{0x0000000084b9a840}: 'long java.lang.invoke.DelegatingMethodHandle$Holder.reinvoke_L(java.lang.Object, java.lang.Object, int)'> (0x0000000084b9a840) 
thrown [s\open\src\hotspot\share\interpreter\linkResolver.cpp, line 805]
Event: 9.673 Thread 0x000001fd05f140e0 Exception <a 'java/lang/NoSuchMethodError'{0x0000000084bb4298}: 'java.lang.Object java.lang.invoke.DelegatingMethodHandle$Holder.reinvoke_L(java.lang.Object, int, long, java.lang.Object, java.lang.Object, int, java.lang.Object)'> (0x0000000084bb4298) 
thrown [s\open\src\hotspot\share\interpreter\linkResolver.cpp, line 805]
Event: 9.990 Thread 0x000001fd05f140e0 Exception <a 'java/lang/IncompatibleClassChangeError'{0x0000000084be8aa8}: Found class java.lang.Object, but interface was expected> (0x0000000084be8aa8) 
thrown [s\open\src\hotspot\share\interpreter\linkResolver.cpp, line 872]
Event: 10.026 Thread 0x000001fd05f140e0 Exception <a 'java/lang/NoSuchMethodError'{0x0000000084c3e6a8}: 'java.lang.Object java.lang.invoke.DirectMethodHandle$Holder.invokeStatic(java.lang.Object, java.lang.Object, long, long)'> (0x0000000084c3e6a8) 
thrown [s\open\src\hotspot\share\interpreter\linkResolver.cpp, line 805]
Event: 10.034 Thread 0x000001fd05f140e0 Exception <a 'java/lang/NoSuchMethodError'{0x0000000084c90bb8}: 'java.lang.Object java.lang.invoke.DirectMethodHandle$Holder.invokeStatic(java.lang.Object, java.lang.Object, java.lang.Object, long, java.lang.Object)'> (0x0000000084c90bb8) 
thrown [s\open\src\hotspot\share\interpreter\linkResolver.cpp, line 805]
Event: 10.035 Thread 0x000001fd05f140e0 Exception <a 'java/lang/NoSuchMethodError'{0x0000000084ca27b8}: 'java.lang.Object java.lang.invoke.DirectMethodHandle$Holder.newInvokeSpecial(java.lang.Object, java.lang.Object, java.lang.Object, long)'> (0x0000000084ca27b8) 
thrown [s\open\src\hotspot\share\interpreter\linkResolver.cpp, line 805]
Event: 10.035 Thread 0x000001fd05f140e0 Exception <a 'java/lang/NoSuchMethodError'{0x0000000084cabf78}: 'java.lang.Object java.lang.invoke.Invokers$Holder.linkToTargetMethod(java.lang.Object, java.lang.Object, long, java.lang.Object)'> (0x0000000084cabf78) 
thrown [s\open\src\hotspot\share\interpreter\linkResolver.cpp, line 805]
Event: 10.158 Thread 0x000001fd05f140e0 Implicit null exception at 0x000001fcb1d2e465 to 0x000001fcb1d2e870

VM Operations (20 events):
Event: 9.693 Executing VM operation: HandshakeAllThreads (Deoptimize) done
Event: 9.765 Executing VM operation: HandshakeAllThreads (Deoptimize)
Event: 9.765 Executing VM operation: HandshakeAllThreads (Deoptimize) done
Event: 9.811 Executing VM operation: HandshakeAllThreads (Deoptimize)
Event: 9.811 Executing VM operation: HandshakeAllThreads (Deoptimize) done
Event: 9.884 Executing VM operation: HandshakeAllThreads (Deoptimize)
Event: 9.884 Executing VM operation: HandshakeAllThreads (Deoptimize) done
Event: 9.967 Executing VM operation: G1CollectForAllocation (G1 Evacuation Pause)
Event: 9.971 Executing VM operation: G1CollectForAllocation (G1 Evacuation Pause) done
Event: 10.004 Executing VM operation: G1PauseRemark
Event: 10.007 Executing VM operation: G1PauseRemark done
Event: 10.017 Executing VM operation: G1PauseCleanup
Event: 10.017 Executing VM operation: G1PauseCleanup done
Event: 10.111 Executing VM operation: HandshakeAllThreads (Deoptimize)
Event: 10.111 Executing VM operation: HandshakeAllThreads (Deoptimize) done
Event: 10.123 Executing VM operation: G1CollectForAllocation (G1 Evacuation Pause)
Event: 10.132 Executing VM operation: G1CollectForAllocation (G1 Evacuation Pause) done
Event: 10.145 Executing VM operation: G1CollectForAllocation (G1 Evacuation Pause)
Event: 10.152 Executing VM operation: G1CollectForAllocation (G1 Evacuation Pause) done
Event: 10.256 Executing VM operation: G1CollectForAllocation (G1 Evacuation Pause)

Memory protections (0 events):
No events

Nmethod flushes (20 events):
Event: 10.007 Thread 0x000001fcbe71d0b0 flushing  nmethod 0x000001fcaa1a1908
Event: 10.007 Thread 0x000001fcbe71d0b0 flushing  nmethod 0x000001fcaa1ca088
Event: 10.007 Thread 0x000001fcbe71d0b0 flushing  nmethod 0x000001fcaa1f2508
Event: 10.007 Thread 0x000001fcbe71d0b0 flushing  nmethod 0x000001fcaa230508
Event: 10.007 Thread 0x000001fcbe71d0b0 flushing  nmethod 0x000001fcaa231088
Event: 10.007 Thread 0x000001fcbe71d0b0 flushing  nmethod 0x000001fcaa28dd08
Event: 10.007 Thread 0x000001fcbe71d0b0 flushing  nmethod 0x000001fcaa342708
Event: 10.007 Thread 0x000001fcbe71d0b0 flushing  nmethod 0x000001fcaa3da508
Event: 10.007 Thread 0x000001fcbe71d0b0 flushing  nmethod 0x000001fcaa4ede88
Event: 10.007 Thread 0x000001fcbe71d0b0 flushing  nmethod 0x000001fcaa601208
Event: 10.007 Thread 0x000001fcbe71d0b0 flushing  nmethod 0x000001fcaa65c308
Event: 10.007 Thread 0x000001fcbe71d0b0 flushing  nmethod 0x000001fcaa65d088
Event: 10.007 Thread 0x000001fcbe71d0b0 flushing  nmethod 0x000001fcaa665788
Event: 10.007 Thread 0x000001fcbe71d0b0 flushing  nmethod 0x000001fcaa667408
Event: 10.007 Thread 0x000001fcbe71d0b0 flushing  nmethod 0x000001fcaa6ef708
Event: 10.007 Thread 0x000001fcbe71d0b0 flushing  nmethod 0x000001fcaa778d88
Event: 10.007 Thread 0x000001fcbe71d0b0 flushing  nmethod 0x000001fcaa7a4288
Event: 10.007 Thread 0x000001fcbe71d0b0 flushing  nmethod 0x000001fcaa7a4c08
Event: 10.007 Thread 0x000001fcbe71d0b0 flushing  nmethod 0x000001fcaa7ba988
Event: 10.007 Thread 0x000001fcbe71d0b0 flushing  nmethod 0x000001fcaa7bc308

Events (20 events):
Event: 4.889 Thread 0x000001fd05f140e0 Thread added: 0x000001fd07737d60
Event: 4.897 Thread 0x000001fd05f140e0 Thread added: 0x000001fd077384b0
Event: 5.476 Thread 0x000001fd05f140e0 Thread added: 0x000001fd07738c00
Event: 5.522 Thread 0x000001fd05f140e0 Thread added: 0x000001fd07739aa0
Event: 5.689 Thread 0x000001fd05f140e0 Thread added: 0x000001fd0773a1f0
Event: 5.719 Thread 0x000001fd05f140e0 Thread added: 0x000001fd06b1efc0
Event: 6.259 Thread 0x000001fd05f140e0 Thread added: 0x000001fd06b1d280
Event: 6.994 Thread 0x000001fd05f140e0 Thread added: 0x000001fd06b1fe60
Event: 6.997 Thread 0x000001fd05f140e0 Thread added: 0x000001fd06b20d00
Event: 7.000 Thread 0x000001fd05f140e0 Thread added: 0x000001fd06b205b0
Event: 7.005 Thread 0x000001fd05f140e0 Thread added: 0x000001fd06b1d9d0
Event: 7.019 Thread 0x000001fd05f140e0 Thread added: 0x000001fd06b21450
Event: 7.022 Thread 0x000001fd05f140e0 Thread added: 0x000001fd06b1e120
Event: 7.025 Thread 0x000001fd05f140e0 Thread added: 0x000001fd06b1f710
Event: 7.087 Thread 0x000001fd05f140e0 Thread added: 0x000001fd06b1e870
Event: 7.293 Thread 0x000001fd05f140e0 Thread added: 0x000001fd06b21ba0
Event: 7.389 Thread 0x000001fd05f140e0 Thread added: 0x000001fd06b24030
Event: 7.453 Thread 0x000001fd05f140e0 Thread added: 0x000001fd06b222f0
Event: 7.477 Thread 0x000001fd05f140e0 Thread added: 0x000001fd06b22a40
Event: 7.485 Thread 0x000001fd05f140e0 Thread added: 0x000001fd06b24780


Dynamic libraries:
0x00007ff7eb670000 - 0x00007ff7eb680000 	C:\Program Files\Java\jdk-24\bin\java.exe
0x00007ff8182c0000 - 0x00007ff818527000 	C:\WINDOWS\SYSTEM32\ntdll.dll
0x00007ff816dd0000 - 0x00007ff816e9b000 	C:\WINDOWS\System32\KERNEL32.DLL
0x00007ff8156f0000 - 0x00007ff815af2000 	C:\WINDOWS\System32\KERNELBASE.dll
0x00007ff815bc0000 - 0x00007ff815d0c000 	C:\WINDOWS\System32\ucrtbase.dll
0x00007ff8101b0000 - 0x00007ff8101cb000 	C:\Program Files\Java\jdk-24\bin\VCRUNTIME140.dll
0x00007ff810190000 - 0x00007ff8101a6000 	C:\Program Files\Java\jdk-24\bin\jli.dll
0x00007ff817b20000 - 0x00007ff817cef000 	C:\WINDOWS\System32\USER32.dll
0x00007ffff5750000 - 0x00007ffff59e0000 	C:\WINDOWS\WinSxS\amd64_microsoft.windows.common-controls_6595b64144ccf1df_6.0.26100.9278_none_3e0d1ba8e3303201\COMCTL32.dll
0x00007ff815b90000 - 0x00007ff815bb7000 	C:\WINDOWS\System32\win32u.dll
0x00007ff816ea0000 - 0x00007ff816ecb000 	C:\WINDOWS\System32\GDI32.dll
0x00007ff8166b0000 - 0x00007ff816759000 	C:\WINDOWS\System32\msvcrt.dll
0x00007ff815eb0000 - 0x00007ff815fd9000 	C:\WINDOWS\System32\gdi32full.dll
0x00007ff8154c0000 - 0x00007ff815563000 	C:\WINDOWS\System32\msvcp_win.dll
0x00007ff817a50000 - 0x00007ff817a81000 	C:\WINDOWS\System32\IMM32.DLL
0x00007ff810180000 - 0x00007ff81018c000 	C:\Program Files\Java\jdk-24\bin\vcruntime140_1.dll
0x00007ffffb1e0000 - 0x00007ffffb26e000 	C:\Program Files\Java\jdk-24\bin\msvcp140.dll
0x00007fff6d330000 - 0x00007fff6e0d2000 	C:\Program Files\Java\jdk-24\bin\server\jvm.dll
0x00007ff816760000 - 0x00007ff81681c000 	C:\WINDOWS\System32\ADVAPI32.dll
0x00007ff816500000 - 0x00007ff8165a9000 	C:\WINDOWS\System32\sechost.dll
0x00007ff816910000 - 0x00007ff816a28000 	C:\WINDOWS\System32\RPCRT4.dll
0x00007ff817a90000 - 0x00007ff817b10000 	C:\WINDOWS\System32\WS2_32.dll
0x00007ff815320000 - 0x00007ff81537e000 	C:\WINDOWS\SYSTEM32\POWRPROF.dll
0x00007ff80b870000 - 0x00007ff80b8a6000 	C:\WINDOWS\SYSTEM32\WINMM.dll
0x00007ff80b230000 - 0x00007ff80b23b000 	C:\WINDOWS\SYSTEM32\VERSION.dll
0x00007ff815300000 - 0x00007ff815315000 	C:\WINDOWS\SYSTEM32\UMPDC.dll
0x00007ff814190000 - 0x00007ff8141ab000 	C:\WINDOWS\SYSTEM32\kernel.appcore.dll
0x00007ff808ed0000 - 0x00007ff808eda000 	C:\Program Files\Java\jdk-24\bin\jimage.dll
0x00007ffffeff0000 - 0x00007fffff23c000 	C:\WINDOWS\SYSTEM32\DBGHELP.DLL
0x00007ff816170000 - 0x00007ff8164f5000 	C:\WINDOWS\System32\combase.dll
0x00007ff816830000 - 0x00007ff816909000 	C:\WINDOWS\System32\OLEAUT32.dll
0x00007ffff60e0000 - 0x00007ffff611b000 	C:\WINDOWS\SYSTEM32\dbgcore.DLL
0x00007ff815630000 - 0x00007ff8156dc000 	C:\WINDOWS\System32\bcryptPrimitives.dll
0x00007ff808ec0000 - 0x00007ff808ecf000 	C:\Program Files\Java\jdk-24\bin\instrument.dll
0x00007ff806ca0000 - 0x00007ff806cbe000 	C:\Program Files\Java\jdk-24\bin\java.dll
0x00007ff816a30000 - 0x00007ff816bca000 	C:\WINDOWS\System32\ole32.dll
0x00007ff816ed0000 - 0x00007ff817668000 	C:\WINDOWS\System32\SHELL32.dll
0x00007ff812f40000 - 0x00007ff8137ee000 	C:\WINDOWS\SYSTEM32\windows.storage.dll
0x00007ff8176c0000 - 0x00007ff8177bb000 	C:\WINDOWS\System32\SHCORE.dll
0x00007ff8177c0000 - 0x00007ff817826000 	C:\WINDOWS\System32\shlwapi.dll
0x00007ff8153e0000 - 0x00007ff815409000 	C:\WINDOWS\SYSTEM32\profapi.dll
0x00007fffe5a80000 - 0x00007fffe5b57000 	C:\Program Files\Java\jdk-24\bin\jsvml.dll
0x00007ff806c00000 - 0x00007ff806c17000 	C:\Program Files\Java\jdk-24\bin\zip.dll
0x00007ff808eb0000 - 0x00007ff808ec0000 	C:\Program Files\Java\jdk-24\bin\net.dll
0x00007ff814750000 - 0x00007ff8147bc000 	C:\WINDOWS\system32\mswsock.dll
0x00007ff8061d0000 - 0x00007ff8061e6000 	C:\Program Files\Java\jdk-24\bin\nio.dll
0x00007ff806c90000 - 0x00007ff806ca0000 	C:\Program Files\Java\jdk-24\bin\verify.dll
0x00007ff801950000 - 0x00007ff801977000 	C:\Users\user\.gradle\native\660c5614fbf4a5f2a75b1949f50a0caf5cd603558e7d8a26e50b933a0cfb79d1\windows-amd64\native-platform.dll
0x00007ffffb2c0000 - 0x00007ffffb337000 	C:\Users\user\.gradle\native\0.2.8\x86_64-windows-gnu\gradle-fileevents.dll
0x00007ff8060c0000 - 0x00007ff8060ca000 	C:\Program Files\Java\jdk-24\bin\management.dll
0x00007ff8060b0000 - 0x00007ff8060bb000 	C:\Program Files\Java\jdk-24\bin\management_ext.dll
0x00007ff816140000 - 0x00007ff816148000 	C:\WINDOWS\System32\PSAPI.DLL
0x00007ff813bb0000 - 0x00007ff813be3000 	C:\WINDOWS\SYSTEM32\IPHLPAPI.DLL
0x00007ff8178f0000 - 0x00007ff8178fa000 	C:\WINDOWS\System32\NSI.dll
0x00007ff805970000 - 0x00007ff805979000 	C:\Program Files\Java\jdk-24\bin\extnet.dll
0x00007ff814a40000 - 0x00007ff814a5b000 	C:\WINDOWS\SYSTEM32\CRYPTSP.dll
0x00007ff8140f0000 - 0x00007ff814129000 	C:\WINDOWS\system32\rsaenh.dll
0x00007ff814800000 - 0x00007ff814834000 	C:\WINDOWS\SYSTEM32\USERENV.dll
0x00007ff8153b0000 - 0x00007ff8153da000 	C:\WINDOWS\SYSTEM32\bcrypt.dll
0x00007ff814a60000 - 0x00007ff814a6c000 	C:\WINDOWS\SYSTEM32\CRYPTBASE.dll
0x00007ff805960000 - 0x00007ff80596e000 	C:\Program Files\Java\jdk-24\bin\sunmscapi.dll
0x00007ff815d20000 - 0x00007ff815e9e000 	C:\WINDOWS\System32\CRYPT32.dll
0x00007ff814c80000 - 0x00007ff814cb0000 	C:\WINDOWS\SYSTEM32\ncrypt.dll
0x00007ff814c30000 - 0x00007ff814c6f000 	C:\WINDOWS\SYSTEM32\NTASN1.dll
0x00007fffe9980000 - 0x00007fffe9988000 	C:\WINDOWS\system32\wshunix.dll

JVMTI agents:
C:\Users\user\.gradle\wrapper\dists\gradle-9.6.0-bin\42k10rwplmzkhuboz9kdazi7s\gradle-9.6.0\lib\agents\gradle-instrumentation-agent-9.6.0.jar path:C:\Program Files\Java\jdk-24\bin\instrument.dll, loaded, initialized, instrumentlib options:none

dbghelp: loaded successfully - version: 4.0.5 - missing functions: none
symbol engine: initialized successfully - sym options: 0x614 - pdb path: .;C:\Program Files\Java\jdk-24\bin;C:\WINDOWS\SYSTEM32;C:\WINDOWS\WinSxS\amd64_microsoft.windows.common-controls_6595b64144ccf1df_6.0.26100.9278_none_3e0d1ba8e3303201;C:\Program Files\Java\jdk-24\bin\server;C:\Users\user\.gradle\native\660c5614fbf4a5f2a75b1949f50a0caf5cd603558e7d8a26e50b933a0cfb79d1\windows-amd64;C:\Users\user\.gradle\native\0.2.8\x86_64-windows-gnu

VM Arguments:
jvm_args: --add-opens=java.base/java.lang=ALL-UNNAMED --add-opens=java.base/java.lang.invoke=ALL-UNNAMED --add-opens=java.base/java.util=ALL-UNNAMED --add-opens=java.prefs/java.util.prefs=ALL-UNNAMED --add-exports=jdk.compiler/com.sun.tools.javac.api=ALL-UNNAMED --add-exports=jdk.compiler/com.sun.tools.javac.util=ALL-UNNAMED --add-opens=java.base/java.nio.charset=ALL-UNNAMED --add-opens=java.base/java.net=ALL-UNNAMED --add-opens=java.base/java.util.concurrent=ALL-UNNAMED --add-opens=java.base/java.util.concurrent.atomic=ALL-UNNAMED --add-opens=java.xml/javax.xml.namespace=ALL-UNNAMED --add-opens=java.base/java.time=ALL-UNNAMED --enable-native-access=ALL-UNNAMED -Xmx2048m -Dfile.encoding=UTF-8 -Duser.country=US -Duser.language=en -Duser.variant -javaagent:C:\Users\user\.gradle\wrapper\dists\gradle-9.6.0-bin\42k10rwplmzkhuboz9kdazi7s\gradle-9.6.0\lib\agents\gradle-instrumentation-agent-9.6.0.jar 
java_command: org.gradle.launcher.daemon.bootstrap.GradleDaemon 9.6.0
java_class_path (initial): C:\Users\user\.gradle\wrapper\dists\gradle-9.6.0-bin\42k10rwplmzkhuboz9kdazi7s\gradle-9.6.0\lib\gradle-daemon-main-9.6.0.jar
Launcher Type: SUN_STANDARD

[Global flags]
     intx CICompilerCount                          = 4                                         {product} {ergonomic}
     uint ConcGCThreads                            = 2                                         {product} {ergonomic}
     uint G1ConcRefinementThreads                  = 8                                         {product} {ergonomic}
   size_t G1HeapRegionSize                         = 1048576                                   {product} {ergonomic}
   size_t InitialHeapSize                          = 54525952                                  {product} {ergonomic}
   size_t MarkStackSize                            = 4194304                                   {product} {ergonomic}
   size_t MarkStackSizeMax                         = 536870912                                 {product} {ergonomic}
   size_t MaxHeapSize                              = 2147483648                                {product} {command line}
   size_t MaxNewSize                               = 1287651328                                {product} {ergonomic}
   size_t MinHeapDeltaBytes                        = 1048576                                   {product} {ergonomic}
   size_t MinHeapSize                              = 8388608                                   {product} {ergonomic}
    uintx NonNMethodCodeHeapSize                   = 5832704                                {pd product} {ergonomic}
    uintx NonProfiledCodeHeapSize                  = 122945536                              {pd product} {ergonomic}
    uintx ProfiledCodeHeapSize                     = 122880000                              {pd product} {ergonomic}
    uintx ReservedCodeCacheSize                    = 251658240                              {pd product} {ergonomic}
     bool SegmentedCodeCache                       = true                                      {product} {ergonomic}
   size_t SoftMaxHeapSize                          = 2147483648                             {manageable} {ergonomic}
     bool UseCompressedOops                        = true                           {product lp64_product} {ergonomic}
     bool UseG1GC                                  = true                                      {product} {ergonomic}
     bool UseLargePagesIndividualAllocation        = false                                  {pd product} {ergonomic}

Logging:
Log output configuration:
 #0: stdout all=warning uptime,level,tags foldmultilines=false
 #1: stderr all=off uptime,level,tags foldmultilines=false

Environment Variables:
PATH=C:\Program Files\Common Files\Oracle\Java\javapath;C:\WINDOWS\system32;C:\WINDOWS;C:\WINDOWS\System32\Wbem;C:\WINDOWS\System32\WindowsPowerShell\v1.0\;C:\WINDOWS\System32\OpenSSH\;C:\Program Files\Git\cmd;C:\Program Files\Microsoft SQL Server\170\Tools\Binn\;C:\Program Files\Microsoft SQL Server\Client SDK\ODBC\170\Tools\Binn\;C:\Program Files\dotnet\;C:\Program Files (x86)\Microsoft SQL Server\160\DTS\Binn\;C:\Users\user\AppData\Local\Microsoft\WindowsApps;C:\Users\user\AppData\Local\Programs\Microsoft VS Code\bin;C:\Users\user\.dotnet\tools;C:\Users\user\AppData\Local\GitHubDesktop\bin
USERNAME=user
OS=Windows_NT
PROCESSOR_IDENTIFIER=AMD64 Family 23 Model 160 Stepping 0, AuthenticAMD
TMP=C:\Users\user\AppData\Local\Temp
TEMP=C:\Users\user\AppData\Local\Temp




Periodic native trim disabled

---------------  S Y S T E M  ---------------

OS:
 Windows 11 , 64 bit Build 26100 (10.0.26100.9444)
OS uptime: 7 days 0:32 hours

CPU: total 8 (initial active 8) (8 cores per cpu, 2 threads per core) family 23 model 160 stepping 0 microcode 0x8a00006, cx8, cmov, fxsr, ht, mmx, 3dnowpref, sse, sse2, sse3, ssse3, sse4a, sse4.1, sse4.2, popcnt, lzcnt, tsc, tscinvbit, avx, avx2, aes, clmul, bmi1, bmi2, adx, sha, fma, vzeroupper, clflush, clflushopt, rdtscp, rdpid, f16c
Processor Information for the first 8 processors :
  Max Mhz: 2401, Current Mhz: 2401, Mhz Limit: 2401

Memory: 4k page, system-wide physical 3317M (118M free)
TotalPageFile size 13557M (AvailPageFile size 36M)
current process WorkingSet (physical memory assigned to process): 207M, peak: 241M
current process commit charge ("private bytes"): 304M, peak: 386M

vm_info: Java HotSpot(TM) 64-Bit Server VM (24.0.1+9-30) for windows-amd64 JRE (24.0.1+9-30), built on 2025-03-05T07:23:45Z with MS VC++ 17.6 (VS2022)

END.
