#
# There is insufficient memory for the Java Runtime Environment to continue.
# Native memory allocation (malloc) failed to allocate 9236880 bytes. Error detail: Chunk::new
# Possible reasons:
#   The system is out of physical RAM or swap space
#   This process is running with CompressedOops enabled, and the Java Heap may be blocking the growth of the native heap
# Possible solutions:
#   Reduce memory load on the system
#   Increase physical memory or swap space
#   Check if swap backing store is full
#   Decrease Java heap size (-Xmx/-Xms)
#   Decrease number of Java threads
#   Decrease Java thread stack sizes (-Xss)
#   Set larger code cache with -XX:ReservedCodeCacheSize=
#   JVM is running with Unscaled Compressed Oops mode in which the Java heap is
#     placed in the first 4GB address space. The Java Heap base address is the
#     maximum limit for the native heap growth. Please use -XX:HeapBaseMinAddress
#     to set the Java Heap base and to place the Java Heap above 4GB virtual address.
# This output file may be truncated or incomplete.
#
#  Out of Memory Error (arena.cpp:162), pid=10572, tid=14500
#
# JRE version: Java(TM) SE Runtime Environment (24.0.1+9) (build 24.0.1+9-30)
# Java VM: Java HotSpot(TM) 64-Bit Server VM (24.0.1+9-30, mixed mode, sharing, tiered, compressed oops, compressed class ptrs, g1 gc, windows-amd64)
# No core dump will be written. Minidumps are not enabled by default on client versions of Windows
#

---------------  S U M M A R Y ------------

Command Line: --add-opens=java.base/java.lang=ALL-UNNAMED --add-opens=java.base/java.lang.invoke=ALL-UNNAMED --add-opens=java.base/java.util=ALL-UNNAMED --add-opens=java.prefs/java.util.prefs=ALL-UNNAMED --add-exports=jdk.compiler/com.sun.tools.javac.api=ALL-UNNAMED --add-exports=jdk.compiler/com.sun.tools.javac.util=ALL-UNNAMED --add-opens=java.base/java.nio.charset=ALL-UNNAMED --add-opens=java.base/java.net=ALL-UNNAMED --add-opens=java.base/java.util.concurrent=ALL-UNNAMED --add-opens=java.base/java.util.concurrent.atomic=ALL-UNNAMED --add-opens=java.xml/javax.xml.namespace=ALL-UNNAMED --add-opens=java.base/java.time=ALL-UNNAMED --enable-native-access=ALL-UNNAMED -Xmx2048m -Dfile.encoding=UTF-8 -Duser.country=US -Duser.language=en -Duser.variant -javaagent:C:\Users\user\.gradle\wrapper\dists\gradle-9.6.0-bin\42k10rwplmzkhuboz9kdazi7s\gradle-9.6.0\lib\agents\gradle-instrumentation-agent-9.6.0.jar org.gradle.launcher.daemon.bootstrap.GradleDaemon 9.6.0

Host: AMD Ryzen 3 7320U with Radeon Graphics         , 8 cores, 3G,  Windows 11 , 64 bit Build 26100 (10.0.26100.9444)
Time: Thu Sep 24 20:52:04 2026 South Africa Standard Time elapsed time: 6.078249 seconds (0d 0h 0m 6s)

---------------  T H R E A D  ---------------

Current thread (0x00000270ab0edf00):  JavaThread "C2 CompilerThread0" daemon [_thread_in_native, id=14500, stack(0x000000d9a4e00000,0x000000d9a4f00000) (1024K)]


Current CompileTask:
C2:6078 3876       4       java.lang.invoke.InvokerBytecodeGenerator::emitStaticInvoke (260 bytes)

Stack: [0x000000d9a4e00000,0x000000d9a4f00000]
Native frames: (J=compiled Java code, j=interpreted, Vv=VM code, C=native code)
V  [jvm.dll+0x730739]  (no source info available)
V  [jvm.dll+0x8d9b23]  (no source info available)
V  [jvm.dll+0x8dc00d]  (no source info available)
V  [jvm.dll+0x8dc683]  (no source info available)
V  [jvm.dll+0x2aa086]  (no source info available)
V  [jvm.dll+0xcedef]  (no source info available)
V  [jvm.dll+0xcf04f]  (no source info available)
V  [jvm.dll+0x154d83]  (no source info available)
V  [jvm.dll+0x735f5f]  (no source info available)
V  [jvm.dll+0x26fa1c]  (no source info available)
V  [jvm.dll+0x26ea3f]  (no source info available)
V  [jvm.dll+0x1e9d60]  (no source info available)
V  [jvm.dll+0x27e1fb]  (no source info available)
V  [jvm.dll+0x27c49a]  (no source info available)
V  [jvm.dll+0x42f456]  (no source info available)
V  [jvm.dll+0x87d76b]  (no source info available)
V  [jvm.dll+0x72ee55]  (no source info available)
C  [ucrtbase.dll+0x2cd30]  (no source info available)
C  [KERNEL32.DLL+0x2cd87]  (no source info available)
C  [ntdll.dll+0xacaec]  (no source info available)

Lock stack of current Java thread (top to bottom):


---------------  P R O C E S S  ---------------

Threads class SMR info:
_java_thread_list=0x00000270f33ee920, length=30, elements={
0x000002708e1ee400, 0x00000270ab0dfcd0, 0x00000270ab0e0410, 0x00000270ab0e3690,
0x00000270ab0e41c0, 0x00000270ab0e5d00, 0x00000270ab0ea080, 0x00000270ab0edf00,
0x00000270ab0eea80, 0x00000270ab2c0d50, 0x00000270ab36fc80, 0x00000270f25bb010,
0x00000270f2665540, 0x00000270f26ed800, 0x00000270f26edf50, 0x00000270f26ec960,
0x00000270f26eac20, 0x00000270f26eb370, 0x00000270f26ed0b0, 0x00000270f26ebac0,
0x00000270f26ec210, 0x00000270f2b87a30, 0x00000270f2b855a0, 0x00000270f2b84e50,
0x00000270f2b86b90, 0x00000270f2b86440, 0x00000270f2b888d0, 0x00000270f2b88180,
0x00000270f2b85cf0, 0x00000270f2b8bc00
}

Java Threads: ( => current thread )
  0x000002708e1ee400 JavaThread "main"                              [_thread_blocked, id=3624, stack(0x000000d9a4000000,0x000000d9a4100000) (1024K)]
  0x00000270ab0dfcd0 JavaThread "Reference Handler"          daemon [_thread_blocked, id=15916, stack(0x000000d9a4800000,0x000000d9a4900000) (1024K)]
  0x00000270ab0e0410 JavaThread "Finalizer"                  daemon [_thread_blocked, id=16288, stack(0x000000d9a4900000,0x000000d9a4a00000) (1024K)]
  0x00000270ab0e3690 JavaThread "Signal Dispatcher"          daemon [_thread_blocked, id=9220, stack(0x000000d9a4a00000,0x000000d9a4b00000) (1024K)]
  0x00000270ab0e41c0 JavaThread "Attach Listener"            daemon [_thread_blocked, id=12016, stack(0x000000d9a4b00000,0x000000d9a4c00000) (1024K)]
  0x00000270ab0e5d00 JavaThread "Service Thread"             daemon [_thread_blocked, id=10696, stack(0x000000d9a4c00000,0x000000d9a4d00000) (1024K)]
  0x00000270ab0ea080 JavaThread "Monitor Deflation Thread"   daemon [_thread_blocked, id=7524, stack(0x000000d9a4d00000,0x000000d9a4e00000) (1024K)]
=>0x00000270ab0edf00 JavaThread "C2 CompilerThread0"         daemon [_thread_in_native, id=14500, stack(0x000000d9a4e00000,0x000000d9a4f00000) (1024K)]
  0x00000270ab0eea80 JavaThread "C1 CompilerThread0"         daemon [_thread_blocked, id=21320, stack(0x000000d9a4f00000,0x000000d9a5000000) (1024K)]
  0x00000270ab2c0d50 JavaThread "Common-Cleaner"             daemon [_thread_blocked, id=15236, stack(0x000000d9a5000000,0x000000d9a5100000) (1024K)]
  0x00000270ab36fc80 JavaThread "Notification Thread"        daemon [_thread_blocked, id=12400, stack(0x000000d9a5100000,0x000000d9a5200000) (1024K)]
  0x00000270f25bb010 JavaThread "Daemon health stats"               [_thread_blocked, id=8768, stack(0x000000d9a5300000,0x000000d9a5400000) (1024K)]
  0x00000270f2665540 JavaThread "Incoming local TCP Connector on port 59382"        [_thread_in_native, id=8544, stack(0x000000d9a5600000,0x000000d9a5700000) (1024K)]
  0x00000270f26ed800 JavaThread "Daemon periodic checks"            [_thread_blocked, id=11568, stack(0x000000d9a5700000,0x000000d9a5800000) (1024K)]
  0x00000270f26edf50 JavaThread "Daemon"                            [_thread_blocked, id=21496, stack(0x000000d9a5800000,0x000000d9a5900000) (1024K)]
  0x00000270f26ec960 JavaThread "Handler for socket connection from /127.0.0.1:59382 to /127.0.0.1:59383"        [_thread_in_native, id=10316, stack(0x000000d9a5900000,0x000000d9a5a00000) (1024K)]
  0x00000270f26eac20 JavaThread "Cancel handler"                    [_thread_blocked, id=10200, stack(0x000000d9a5a00000,0x000000d9a5b00000) (1024K)]
  0x00000270f26eb370 JavaThread "Daemon worker"                     [_thread_in_Java, id=9060, stack(0x000000d9a5b00000,0x000000d9a5c00000) (1024K)]
  0x00000270f26ed0b0 JavaThread "Asynchronous log dispatcher for DefaultDaemonConnection: socket connection from /127.0.0.1:59382 to /127.0.0.1:59383"        [_thread_blocked, id=6116, stack(0x000000d9a5c00000,0x000000d9a5d00000) (1024K)]
  0x00000270f26ebac0 JavaThread "Stdin handler"                     [_thread_blocked, id=4420, stack(0x000000d9a5d00000,0x000000d9a5e00000) (1024K)]
  0x00000270f26ec210 JavaThread "Daemon client event forwarder"        [_thread_blocked, id=6828, stack(0x000000d9a5e00000,0x000000d9a5f00000) (1024K)]
  0x00000270f2b87a30 JavaThread "Cache worker for journal cache (C:\Users\user\.gradle\caches\journal-1)"        [_thread_blocked, id=20360, stack(0x000000d9a6300000,0x000000d9a6400000) (1024K)]
  0x00000270f2b855a0 JavaThread "File lock request listener"        [_thread_in_native, id=13076, stack(0x000000d9a6400000,0x000000d9a6500000) (1024K)]
  0x00000270f2b84e50 JavaThread "Cache worker for file hash cache (C:\Users\user\.gradle\caches\9.6.0\fileHashes)"        [_thread_blocked, id=13920, stack(0x000000d9a6500000,0x000000d9a6600000) (1024K)]
  0x00000270f2b86b90 JavaThread "Cache worker for file hash cache (C:\Users\user\AndroidStudioProjects\SmartPantryManager\.gradle\9.6.0\fileHashes)"        [_thread_blocked, id=9916, stack(0x000000d9a6700000,0x000000d9a6800000) (1024K)]
  0x00000270f2b86440 JavaThread "Cache worker for checksums cache (C:\Users\user\AndroidStudioProjects\SmartPantryManager\.gradle\9.6.0\checksums)"        [_thread_blocked, id=14004, stack(0x000000d9a6800000,0x000000d9a6900000) (1024K)]
  0x00000270f2b888d0 JavaThread "Cache worker for Build Output Cleanup Cache (C:\Users\user\AndroidStudioProjects\SmartPantryManager\.gradle\buildOutputCleanup)"        [_thread_blocked, id=4792, stack(0x000000d9a6900000,0x000000d9a6a00000) (1024K)]
  0x00000270f2b88180 JavaThread "Cache worker for file content cache (C:\Users\user\.gradle\caches\9.6.0\fileContent)"        [_thread_blocked, id=1504, stack(0x000000d9a6a00000,0x000000d9a6b00000) (1024K)]
  0x00000270f2b85cf0 JavaThread "File watcher server"        daemon [_thread_in_native, id=17288, stack(0x000000d9a6b00000,0x000000d9a6c00000) (1024K)]
  0x00000270f2b8bc00 JavaThread "File watcher consumer"      daemon [_thread_blocked, id=12356, stack(0x000000d9a6c00000,0x000000d9a6d00000) (1024K)]
Total: 30

Other Threads:
  0x00000270ab0cd170 VMThread "VM Thread"                           [id=21300, stack(0x000000d9a4700000,0x000000d9a4800000) (1024K)]
  0x00000270aaf96b10 WatcherThread "VM Periodic Task Thread"        [id=13136, stack(0x000000d9a4600000,0x000000d9a4700000) (1024K)]
  0x000002708e246fa0 WorkerThread "GC Thread#0"                     [id=15072, stack(0x000000d9a4100000,0x000000d9a4200000) (1024K)]
  0x00000270f14d4ff0 WorkerThread "GC Thread#1"                     [id=7724, stack(0x000000d9a5200000,0x000000d9a5300000) (1024K)]
  0x00000270f25d72a0 WorkerThread "GC Thread#2"                     [id=15104, stack(0x000000d9a5400000,0x000000d9a5500000) (1024K)]
  0x00000270f25d7650 WorkerThread "GC Thread#3"                     [id=17064, stack(0x000000d9a5500000,0x000000d9a5600000) (1024K)]
  0x00000270f28ddf80 WorkerThread "GC Thread#4"                     [id=16556, stack(0x000000d9a5f00000,0x000000d9a6000000) (1024K)]
  0x00000270f1885680 WorkerThread "GC Thread#5"                     [id=16608, stack(0x000000d9a6000000,0x000000d9a6100000) (1024K)]
  0x00000270f28afb90 WorkerThread "GC Thread#6"                     [id=9488, stack(0x000000d9a6100000,0x000000d9a6200000) (1024K)]
  0x00000270f28aecd0 WorkerThread "GC Thread#7"                     [id=14672, stack(0x000000d9a6200000,0x000000d9a6300000) (1024K)]
  0x000002708e296ce0 ConcurrentGCThread "G1 Main Marker"            [id=17896, stack(0x000000d9a4200000,0x000000d9a4300000) (1024K)]
  0x000002708e2985b0 WorkerThread "G1 Conc#0"                       [id=12312, stack(0x000000d9a4300000,0x000000d9a4400000) (1024K)]
  0x00000270f28aff40 WorkerThread "G1 Conc#1"                       [id=18628, stack(0x000000d9a6600000,0x000000d9a6700000) (1024K)]
  0x00000270aaf73120 ConcurrentGCThread "G1 Refine#0"               [id=14872, stack(0x000000d9a4400000,0x000000d9a4500000) (1024K)]
  0x00000270aaf75960 ConcurrentGCThread "G1 Service"                [id=14704, stack(0x000000d9a4500000,0x000000d9a4600000) (1024K)]
Total: 15

Threads with active compile tasks:
C2 CompilerThread0  6182 3876       4       java.lang.invoke.InvokerBytecodeGenerator::emitStaticInvoke (260 bytes)
Total: 1

VM state: not at safepoint (normal execution)

VM Mutex/Monitor currently owned by a thread: None

Heap address: 0x0000000080000000, size: 2048 MB, Compressed Oops mode: 32-bit

CDS archive(s) mapped at: [0x00000270ac000000-0x00000270acd40000-0x00000270acd40000), size 13893632, SharedBaseAddress: 0x00000270ac000000, ArchiveRelocationMode: 1.
Compressed class space mapped at: 0x00000270ad000000-0x00000270ed000000, reserved size: 1073741824
UseCompressedClassPointers 1, UseCompactObjectHeaders 0
Narrow klass pointer bits 32, Max shift 3
Narrow klass base: 0x00000270ac000000, Narrow klass shift: 0
Encoding Range: [0x00000270ac000000 - 0x00000271ac000000), (4294967296 bytes)
Klass Range:    [0x00000270ac000000 - 0x00000270ed000000), (1090519040 bytes)
Klass ID Range:  [8 - 1090519033) (1090519025)

GC Precious Log:
 CardTable entry size: 512
 Card Set container configuration: InlinePtr #cards 5 size 8 Array Of Cards #cards 10 size 36 Howl #buckets 4 coarsen threshold 1843 Howl Bitmap #cards 512 size 80 coarsen threshold 460 Card regions per heap region 1 cards per card region 2048
 CPUs: 8 total, 8 available
 Memory: 3317M
 Large Page Support: Disabled
 NUMA Support: Disabled
 Compressed Oops: Enabled (32-bit)
 Heap Region Size: 1M
 Heap Min Capacity: 8M
 Heap Initial Capacity: 52M
 Heap Max Capacity: 2G
 Pre-touch: Disabled
 Parallel Workers: 8
 Concurrent Workers: 2
 Concurrent Refinement Workers: 8
 Periodic GC: Disabled

Heap:
 garbage-first heap   total reserved 2097152K, committed 66560K, used 33230K [0x0000000080000000, 0x0000000100000000)
  region size 1024K, 7 young (7168K), 4 survivors (4096K)
 Metaspace       used 36097K, committed 37568K, reserved 1114112K
  class space    used 4011K, committed 4672K, reserved 1048576K

Heap Regions: E=young(eden), S=young(survivor), O=old, HS=humongous(starts), HC=humongous(continues), CS=collection set, F=free, TAMS=top-at-mark-start, PB=parsable bottom
|   0|0x0000000080000000, 0x0000000080100000, 0x0000000080100000|100%|HS|  |TAMS 0x0000000080000000| PB 0x0000000080000000| Complete |  0
|   1|0x0000000080100000, 0x0000000080200000, 0x0000000080200000|100%|HC|  |TAMS 0x0000000080100000| PB 0x0000000080100000| Complete |  0
|   2|0x0000000080200000, 0x0000000080300000, 0x0000000080300000|100%|HC|  |TAMS 0x0000000080200000| PB 0x0000000080200000| Complete |  0
|   3|0x0000000080300000, 0x0000000080400000, 0x0000000080400000|100%|HC|  |TAMS 0x0000000080300000| PB 0x0000000080300000| Complete |  0
|   4|0x0000000080400000, 0x0000000080500000, 0x0000000080500000|100%| O|  |TAMS 0x0000000080400000| PB 0x0000000080400000| Untracked |  0
|   5|0x0000000080500000, 0x0000000080600000, 0x0000000080600000|100%| O|  |TAMS 0x0000000080500000| PB 0x0000000080500000| Untracked |  0
|   6|0x0000000080600000, 0x0000000080700000, 0x0000000080700000|100%| O|  |TAMS 0x0000000080600000| PB 0x0000000080600000| Untracked |  0
|   7|0x0000000080700000, 0x0000000080800000, 0x0000000080800000|100%| O|  |TAMS 0x0000000080700000| PB 0x0000000080700000| Untracked |  0
|   8|0x0000000080800000, 0x0000000080900000, 0x0000000080900000|100%| O|  |TAMS 0x0000000080800000| PB 0x0000000080800000| Untracked |  0
|   9|0x0000000080900000, 0x0000000080a00000, 0x0000000080a00000|100%| O|  |TAMS 0x0000000080900000| PB 0x0000000080900000| Untracked |  0
|  10|0x0000000080a00000, 0x0000000080a00000, 0x0000000080b00000|  0%| F|  |TAMS 0x0000000080a00000| PB 0x0000000080a00000| Untracked |  0
|  11|0x0000000080b00000, 0x0000000080c00000, 0x0000000080c00000|100%|HS|  |TAMS 0x0000000080b00000| PB 0x0000000080b00000| Complete |  0
|  12|0x0000000080c00000, 0x0000000080d00000, 0x0000000080d00000|100%| O|  |TAMS 0x0000000080c00000| PB 0x0000000080c00000| Untracked |  0
|  13|0x0000000080d00000, 0x0000000080e00000, 0x0000000080e00000|100%| O|  |TAMS 0x0000000080d00000| PB 0x0000000080d00000| Untracked |  0
|  14|0x0000000080e00000, 0x0000000080f00000, 0x0000000080f00000|100%| O|  |TAMS 0x0000000080e00000| PB 0x0000000080e00000| Untracked |  0
|  15|0x0000000080f00000, 0x0000000081000000, 0x0000000081000000|100%| O|  |TAMS 0x0000000080f00000| PB 0x0000000080f00000| Untracked |  0
|  16|0x0000000081000000, 0x0000000081100000, 0x0000000081100000|100%| O|  |TAMS 0x0000000081000000| PB 0x0000000081000000| Untracked |  0
|  17|0x0000000081100000, 0x0000000081200000, 0x0000000081200000|100%| O|  |TAMS 0x0000000081100000| PB 0x0000000081100000| Untracked |  0
|  18|0x0000000081200000, 0x0000000081300000, 0x0000000081300000|100%| O|  |TAMS 0x0000000081200000| PB 0x0000000081200000| Untracked |  0
|  19|0x0000000081300000, 0x0000000081400000, 0x0000000081400000|100%| O|  |TAMS 0x0000000081300000| PB 0x0000000081300000| Untracked |  0
|  20|0x0000000081400000, 0x0000000081500000, 0x0000000081500000|100%| O|  |TAMS 0x0000000081400000| PB 0x0000000081400000| Untracked |  0
|  21|0x0000000081500000, 0x0000000081600000, 0x0000000081600000|100%| O|  |TAMS 0x0000000081500000| PB 0x0000000081500000| Untracked |  0
|  22|0x0000000081600000, 0x0000000081700000, 0x0000000081700000|100%| O|  |TAMS 0x0000000081600000| PB 0x0000000081600000| Untracked |  0
|  23|0x0000000081700000, 0x0000000081800000, 0x0000000081800000|100%| O|  |TAMS 0x0000000081700000| PB 0x0000000081700000| Untracked |  0
|  24|0x0000000081800000, 0x0000000081900000, 0x0000000081900000|100%| O|  |TAMS 0x0000000081800000| PB 0x0000000081800000| Untracked |  0
|  25|0x0000000081900000, 0x0000000081a00000, 0x0000000081a00000|100%| O|  |TAMS 0x0000000081900000| PB 0x0000000081900000| Untracked |  0
|  26|0x0000000081a00000, 0x0000000081a198a8, 0x0000000081b00000|  9%| O|  |TAMS 0x0000000081a00000| PB 0x0000000081a00000| Untracked |  0
|  27|0x0000000081b00000, 0x0000000081b00000, 0x0000000081c00000|  0%| F|  |TAMS 0x0000000081b00000| PB 0x0000000081b00000| Untracked |  0
|  28|0x0000000081c00000, 0x0000000081d00000, 0x0000000081d00000|100%| O|  |TAMS 0x0000000081c00000| PB 0x0000000081c00000| Untracked |  0
|  29|0x0000000081d00000, 0x0000000081d5a298, 0x0000000081e00000| 35%| S|CS|TAMS 0x0000000081d00000| PB 0x0000000081d00000| Complete |  0
|  30|0x0000000081e00000, 0x0000000081f00000, 0x0000000081f00000|100%| S|CS|TAMS 0x0000000081e00000| PB 0x0000000081e00000| Complete |  0
|  31|0x0000000081f00000, 0x0000000082000000, 0x0000000082000000|100%| S|CS|TAMS 0x0000000081f00000| PB 0x0000000081f00000| Complete |  0
|  32|0x0000000082000000, 0x0000000082100000, 0x0000000082100000|100%| S|CS|TAMS 0x0000000082000000| PB 0x0000000082000000| Complete |  0
|  33|0x0000000082100000, 0x0000000082100000, 0x0000000082200000|  0%| F|  |TAMS 0x0000000082100000| PB 0x0000000082100000| Untracked |  0
|  34|0x0000000082200000, 0x0000000082200000, 0x0000000082300000|  0%| F|  |TAMS 0x0000000082200000| PB 0x0000000082200000| Untracked |  0
|  35|0x0000000082300000, 0x0000000082300000, 0x0000000082400000|  0%| F|  |TAMS 0x0000000082300000| PB 0x0000000082300000| Untracked |  0
|  36|0x0000000082400000, 0x0000000082400000, 0x0000000082500000|  0%| F|  |TAMS 0x0000000082400000| PB 0x0000000082400000| Untracked |  0
|  37|0x0000000082500000, 0x0000000082500000, 0x0000000082600000|  0%| F|  |TAMS 0x0000000082500000| PB 0x0000000082500000| Untracked |  0
|  38|0x0000000082600000, 0x0000000082600000, 0x0000000082700000|  0%| F|  |TAMS 0x0000000082600000| PB 0x0000000082600000| Untracked |  0
|  39|0x0000000082700000, 0x0000000082700000, 0x0000000082800000|  0%| F|  |TAMS 0x0000000082700000| PB 0x0000000082700000| Untracked |  0
|  40|0x0000000082800000, 0x0000000082800000, 0x0000000082900000|  0%| F|  |TAMS 0x0000000082800000| PB 0x0000000082800000| Untracked |  0
|  41|0x0000000082900000, 0x0000000082900000, 0x0000000082a00000|  0%| F|  |TAMS 0x0000000082900000| PB 0x0000000082900000| Untracked |  0
|  42|0x0000000082a00000, 0x0000000082a00000, 0x0000000082b00000|  0%| F|  |TAMS 0x0000000082a00000| PB 0x0000000082a00000| Untracked |  0
|  43|0x0000000082b00000, 0x0000000082b00000, 0x0000000082c00000|  0%| F|  |TAMS 0x0000000082b00000| PB 0x0000000082b00000| Untracked |  0
|  44|0x0000000082c00000, 0x0000000082c00000, 0x0000000082d00000|  0%| F|  |TAMS 0x0000000082c00000| PB 0x0000000082c00000| Untracked |  0
|  45|0x0000000082d00000, 0x0000000082d00000, 0x0000000082e00000|  0%| F|  |TAMS 0x0000000082d00000| PB 0x0000000082d00000| Untracked |  0
|  46|0x0000000082e00000, 0x0000000082e00000, 0x0000000082f00000|  0%| F|  |TAMS 0x0000000082e00000| PB 0x0000000082e00000| Untracked |  0
|  47|0x0000000082f00000, 0x0000000082f00000, 0x0000000083000000|  0%| F|  |TAMS 0x0000000082f00000| PB 0x0000000082f00000| Untracked |  0
|  48|0x0000000083000000, 0x0000000083000000, 0x0000000083100000|  0%| F|  |TAMS 0x0000000083000000| PB 0x0000000083000000| Untracked |  0
|  49|0x0000000083100000, 0x0000000083100000, 0x0000000083200000|  0%| F|  |TAMS 0x0000000083100000| PB 0x0000000083100000| Untracked |  0
|  50|0x0000000083200000, 0x0000000083200000, 0x0000000083300000|  0%| F|  |TAMS 0x0000000083200000| PB 0x0000000083200000| Untracked |  0
|  51|0x0000000083300000, 0x0000000083300000, 0x0000000083400000|  0%| F|  |TAMS 0x0000000083300000| PB 0x0000000083300000| Untracked |  0
|  52|0x0000000083400000, 0x0000000083400000, 0x0000000083500000|  0%| F|  |TAMS 0x0000000083400000| PB 0x0000000083400000| Untracked |  0
|  53|0x0000000083500000, 0x0000000083500000, 0x0000000083600000|  0%| F|  |TAMS 0x0000000083500000| PB 0x0000000083500000| Untracked |  0
|  54|0x0000000083600000, 0x0000000083600000, 0x0000000083700000|  0%| F|  |TAMS 0x0000000083600000| PB 0x0000000083600000| Untracked |  0
|  55|0x0000000083700000, 0x0000000083700000, 0x0000000083800000|  0%| F|  |TAMS 0x0000000083700000| PB 0x0000000083700000| Untracked |  0
|  56|0x0000000083800000, 0x0000000083800000, 0x0000000083900000|  0%| F|  |TAMS 0x0000000083800000| PB 0x0000000083800000| Untracked |  0
|  57|0x0000000083900000, 0x0000000083900000, 0x0000000083a00000|  0%| F|  |TAMS 0x0000000083900000| PB 0x0000000083900000| Untracked |  0
|  58|0x0000000083a00000, 0x0000000083a00000, 0x0000000083b00000|  0%| F|  |TAMS 0x0000000083a00000| PB 0x0000000083a00000| Untracked |  0
|  59|0x0000000083b00000, 0x0000000083b00000, 0x0000000083c00000|  0%| F|  |TAMS 0x0000000083b00000| PB 0x0000000083b00000| Untracked |  0
|  60|0x0000000083c00000, 0x0000000083c00000, 0x0000000083d00000|  0%| F|  |TAMS 0x0000000083c00000| PB 0x0000000083c00000| Untracked |  0
|  61|0x0000000083d00000, 0x0000000083d84010, 0x0000000083e00000| 51%| E|  |TAMS 0x0000000083d00000| PB 0x0000000083d00000| Complete |  0
|  62|0x0000000083e00000, 0x0000000083f00000, 0x0000000083f00000|100%| E|CS|TAMS 0x0000000083e00000| PB 0x0000000083e00000| Complete |  0
|2046|0x00000000ffe00000, 0x00000000fff00000, 0x00000000fff00000|100%| O|  |TAMS 0x00000000ffe00000| PB 0x00000000ffe00000| Untracked |  0
|2047|0x00000000fff00000, 0x0000000100000000, 0x0000000100000000|100%| E|CS|TAMS 0x00000000fff00000| PB 0x00000000fff00000| Complete |  0

Card table byte_map: [0x00000270a62d0000,0x00000270a66d0000] _byte_map_base: 0x00000270a5ed0000

Marking Bits: (CMBitMap*) 0x000002708e2475c0
 Bits: [0x00000270a66d0000, 0x00000270a86d0000)

Polling page: 0x000002708bd50000

Metaspace:

Usage:
  Non-class:     31.34 MB used.
      Class:      3.92 MB used.
       Both:     35.26 MB used.

Virtual space:
  Non-class space:       64.00 MB reserved,      32.12 MB ( 50%) committed,  1 nodes.
      Class space:        1.00 GB reserved,       4.56 MB ( <1%) committed,  1 nodes.
             Both:        1.06 GB reserved,      36.69 MB (  3%) committed. 

Chunk freelists:
   Non-Class:  15.86 MB
       Class:  11.43 MB
        Both:  27.29 MB

MaxMetaspaceSize: unlimited
CompressedClassSpaceSize: 1.00 GB
Initial GC threshold: 21.00 MB
Current GC threshold: 45.75 MB
CDS: on
 - commit_granule_bytes: 65536.
 - commit_granule_words: 8192.
 - virtual_space_node_default_size: 8388608.
 - enlarge_chunks_in_place: 1.
UseCompressedClassPointers 1, UseCompactObjectHeaders 0
Narrow klass pointer bits 32, Max shift 3
Narrow klass base: 0x00000270ac000000, Narrow klass shift: 0
Encoding Range: [0x00000270ac000000 - 0x00000271ac000000), (4294967296 bytes)
Klass Range:    [0x00000270ac000000 - 0x00000270ed000000), (1090519040 bytes)
Klass ID Range:  [8 - 1090519033) (1090519025)


Internal statistics:

num_allocs_failed_limit: 3.
num_arena_births: 2368.
num_arena_deaths: 0.
num_vsnodes_births: 2.
num_vsnodes_deaths: 0.
num_space_committed: 587.
num_space_uncommitted: 0.
num_chunks_returned_to_freelist: 3.
num_chunks_taken_from_freelist: 3946.
num_chunk_merges: 3.
num_chunk_splits: 2623.
num_chunks_enlarged: 1655.
num_inconsistent_stats: 0.

CodeHeap 'non-profiled nmethods': size=120064Kb used=1505Kb max_used=1505Kb free=118558Kb
 bounds [0x000002709e550000, 0x000002709e7c0000, 0x00000270a5a90000]
CodeHeap 'profiled nmethods': size=120000Kb used=6050Kb max_used=6117Kb free=113949Kb
 bounds [0x0000027096a90000, 0x0000027097090000, 0x000002709dfc0000]
CodeHeap 'non-nmethods': size=5696Kb used=1479Kb max_used=1626Kb free=4216Kb
 bounds [0x000002709dfc0000, 0x000002709e230000, 0x000002709e550000]
CodeCache: size=245760Kb, used=9034Kb, max_used=9248Kb, free=236723Kb
 total_blobs=4281, nmethods=3639, adapters=545, full_count=0
Compilation: enabled, stopped_count=0, restarted_count=0

Compilation events (20 events):
Event: 6.027 Thread 0x00000270ab0eea80 4007       3       java.util.stream.MatchOps$$Lambda/0x800000005::get (12 bytes)
Event: 6.028 Thread 0x00000270ab0eea80 nmethod 4007 0x0000027096e70308 code [0x0000027096e70440, 0x0000027096e70838]
Event: 6.028 Thread 0x00000270ab0eea80 4013       3       jdk.internal.classfile.impl.ClassReaderImpl::skipAttributeHolder (113 bytes)
Event: 6.028 Thread 0x00000270ab0eea80 nmethod 4013 0x0000027096b28488 code [0x0000027096b286c0, 0x0000027096b29830]
Event: 6.028 Thread 0x00000270ab0eea80 4008       1       com.google.common.collect.LinkedHashMultimap$ValueSet::size (5 bytes)
Event: 6.028 Thread 0x00000270ab0eea80 nmethod 4008 0x000002709e6c6108 code [0x000002709e6c6200, 0x000002709e6c62c8]
Event: 6.028 Thread 0x00000270ab0eea80 4009       1       com.google.common.collect.LinkedHashMultimap$ValueSet::access$100 (5 bytes)
Event: 6.028 Thread 0x00000270ab0eea80 nmethod 4009 0x000002709e6c6408 code [0x000002709e6c6500, 0x000002709e6c65a8]
Event: 6.028 Thread 0x00000270ab0eea80 3997       3       java.util.stream.MatchOps$1MatchSink::accept (44 bytes)
Event: 6.028 Thread 0x00000270ab0eea80 nmethod 3997 0x0000027096e6ff88 code [0x0000027096e700a0, 0x0000027096e702f8]
Event: 6.028 Thread 0x00000270ab0eea80 4012       3       org.objectweb.asm.AnnotationWriter::putAnnotations (67 bytes)
Event: 6.029 Thread 0x00000270ab0eea80 nmethod 4012 0x0000027096b27a88 code [0x0000027096b27c20, 0x0000027096b283f8]
Event: 6.029 Thread 0x00000270ab0eea80 4011       3       org.objectweb.asm.AnnotationWriter::computeAnnotationsSize (66 bytes)
Event: 6.029 Thread 0x00000270ab0eea80 nmethod 4011 0x0000027096b27408 code [0x0000027096b27560, 0x0000027096b27a38]
Event: 6.058 Thread 0x00000270ab0eea80 4015       3       java.lang.invoke.MemberName::equals (26 bytes)
Event: 6.059 Thread 0x00000270ab0eea80 nmethod 4015 0x0000027096b26e88 code [0x0000027096b26fc0, 0x0000027096b27390]
Event: 6.073 Thread 0x00000270ab0eea80 4017       3       org.objectweb.asm.ClassWriter::visitMethod (57 bytes)
Event: 6.074 Thread 0x00000270ab0eea80 nmethod 4017 0x0000027096b26988 code [0x0000027096b26ac0, 0x0000027096b26e18]
Event: 6.074 Thread 0x00000270ab0eea80 4020       3       org.objectweb.asm.Frame::setInputFrameFromDescriptor (175 bytes)
Event: 6.075 Thread 0x00000270ab0eea80 nmethod 4020 0x0000027096ae7f08 code [0x0000027096ae80a0, 0x0000027096ae89a0]

GC Heap History (20 events):
Event: 2.064 GC heap before
{Heap before GC invocations=3 (full 0):
 garbage-first heap   total reserved 2097152K, committed 55296K, used 38402K [0x0000000080000000, 0x0000000100000000)
  region size 1024K, 23 young (23552K), 3 survivors (3072K)
 Metaspace       used 7610K, committed 7936K, reserved 1114112K
  class space    used 749K, committed 896K, reserved 1048576K
}
Event: 2.067 GC heap after
{Heap after GC invocations=4 (full 0):
 garbage-first heap   total reserved 2097152K, committed 55296K, used 19974K [0x0000000080000000, 0x0000000100000000)
  region size 1024K, 2 young (2048K), 2 survivors (2048K)
 Metaspace       used 7610K, committed 7936K, reserved 1114112K
  class space    used 749K, committed 896K, reserved 1048576K
}
Event: 2.676 GC heap before
{Heap before GC invocations=4 (full 0):
 garbage-first heap   total reserved 2097152K, committed 55296K, used 40454K [0x0000000080000000, 0x0000000100000000)
  region size 1024K, 22 young (22528K), 2 survivors (2048K)
 Metaspace       used 11985K, committed 12416K, reserved 1114112K
  class space    used 1216K, committed 1408K, reserved 1048576K
}
Event: 2.679 GC heap after
{Heap after GC invocations=5 (full 0):
 garbage-first heap   total reserved 2097152K, committed 55296K, used 22100K [0x0000000080000000, 0x0000000100000000)
  region size 1024K, 3 young (3072K), 3 survivors (3072K)
 Metaspace       used 11985K, committed 12416K, reserved 1114112K
  class space    used 1216K, committed 1408K, reserved 1048576K
}
Event: 3.129 GC heap before
{Heap before GC invocations=5 (full 0):
 garbage-first heap   total reserved 2097152K, committed 55296K, used 40532K [0x0000000080000000, 0x0000000100000000)
  region size 1024K, 22 young (22528K), 3 survivors (3072K)
 Metaspace       used 15429K, committed 15872K, reserved 1114112K
  class space    used 1598K, committed 1792K, reserved 1048576K
}
Event: 3.134 GC heap after
{Heap after GC invocations=6 (full 0):
 garbage-first heap   total reserved 2097152K, committed 55296K, used 23384K [0x0000000080000000, 0x0000000100000000)
  region size 1024K, 2 young (2048K), 2 survivors (2048K)
 Metaspace       used 15429K, committed 15872K, reserved 1114112K
  class space    used 1598K, committed 1792K, reserved 1048576K
}
Event: 3.511 GC heap before
{Heap before GC invocations=6 (full 0):
 garbage-first heap   total reserved 2097152K, committed 55296K, used 41816K [0x0000000080000000, 0x0000000100000000)
  region size 1024K, 21 young (21504K), 2 survivors (2048K)
 Metaspace       used 18500K, committed 19008K, reserved 1114112K
  class space    used 1941K, committed 2176K, reserved 1048576K
}
Event: 3.514 GC heap after
{Heap after GC invocations=7 (full 0):
 garbage-first heap   total reserved 2097152K, committed 55296K, used 24240K [0x0000000080000000, 0x0000000100000000)
  region size 1024K, 3 young (3072K), 3 survivors (3072K)
 Metaspace       used 18500K, committed 19008K, reserved 1114112K
  class space    used 1941K, committed 2176K, reserved 1048576K
}
Event: 3.797 GC heap before
{Heap before GC invocations=7 (full 0):
 garbage-first heap   total reserved 2097152K, committed 55296K, used 42672K [0x0000000080000000, 0x0000000100000000)
  region size 1024K, 22 young (22528K), 3 survivors (3072K)
 Metaspace       used 20798K, committed 21504K, reserved 1114112K
  class space    used 2221K, committed 2560K, reserved 1048576K
}
Event: 3.800 GC heap after
{Heap after GC invocations=8 (full 0):
 garbage-first heap   total reserved 2097152K, committed 55296K, used 25425K [0x0000000080000000, 0x0000000100000000)
  region size 1024K, 3 young (3072K), 3 survivors (3072K)
 Metaspace       used 20798K, committed 21504K, reserved 1114112K
  class space    used 2221K, committed 2560K, reserved 1048576K
}
Event: 4.200 GC heap before
{Heap before GC invocations=9 (full 0):
 garbage-first heap   total reserved 2097152K, committed 55296K, used 44881K [0x0000000080000000, 0x0000000100000000)
  region size 1024K, 23 young (23552K), 3 survivors (3072K)
 Metaspace       used 23280K, committed 24064K, reserved 1114112K
  class space    used 2496K, committed 2880K, reserved 1048576K
}
Event: 4.203 GC heap after
{Heap after GC invocations=10 (full 0):
 garbage-first heap   total reserved 2097152K, committed 55296K, used 26869K [0x0000000080000000, 0x0000000100000000)
  region size 1024K, 3 young (3072K), 3 survivors (3072K)
 Metaspace       used 23280K, committed 24064K, reserved 1114112K
  class space    used 2496K, committed 2880K, reserved 1048576K
}
Event: 4.520 GC heap before
{Heap before GC invocations=10 (full 0):
 garbage-first heap   total reserved 2097152K, committed 55296K, used 46325K [0x0000000080000000, 0x0000000100000000)
  region size 1024K, 22 young (22528K), 3 survivors (3072K)
 Metaspace       used 25280K, committed 26176K, reserved 1114112K
  class space    used 2779K, committed 3200K, reserved 1048576K
}
Event: 4.523 GC heap after
{Heap after GC invocations=11 (full 0):
 garbage-first heap   total reserved 2097152K, committed 55296K, used 28070K [0x0000000080000000, 0x0000000100000000)
  region size 1024K, 3 young (3072K), 3 survivors (3072K)
 Metaspace       used 25280K, committed 26176K, reserved 1114112K
  class space    used 2779K, committed 3200K, reserved 1048576K
}
Event: 4.660 GC heap before
{Heap before GC invocations=11 (full 0):
 garbage-first heap   total reserved 2097152K, committed 55296K, used 36262K [0x0000000080000000, 0x0000000100000000)
  region size 1024K, 13 young (13312K), 3 survivors (3072K)
 Metaspace       used 26299K, committed 27392K, reserved 1114112K
  class space    used 2906K, committed 3392K, reserved 1048576K
}
Event: 4.662 GC heap after
{Heap after GC invocations=12 (full 0):
 garbage-first heap   total reserved 2097152K, committed 55296K, used 28954K [0x0000000080000000, 0x0000000100000000)
  region size 1024K, 3 young (3072K), 3 survivors (3072K)
 Metaspace       used 26299K, committed 27392K, reserved 1114112K
  class space    used 2906K, committed 3392K, reserved 1048576K
}
Event: 4.985 GC heap before
{Heap before GC invocations=13 (full 0):
 garbage-first heap   total reserved 2097152K, committed 55296K, used 47386K [0x0000000080000000, 0x0000000100000000)
  region size 1024K, 20 young (20480K), 3 survivors (3072K)
 Metaspace       used 29440K, committed 30592K, reserved 1114112K
  class space    used 3182K, committed 3712K, reserved 1048576K
}
Event: 4.988 GC heap after
{Heap after GC invocations=14 (full 0):
 garbage-first heap   total reserved 2097152K, committed 55296K, used 29123K [0x0000000080000000, 0x0000000100000000)
  region size 1024K, 2 young (2048K), 2 survivors (2048K)
 Metaspace       used 29440K, committed 30592K, reserved 1114112K
  class space    used 3182K, committed 3712K, reserved 1048576K
}
Event: 5.373 GC heap before
{Heap before GC invocations=14 (full 0):
 garbage-first heap   total reserved 2097152K, committed 55296K, used 47555K [0x0000000080000000, 0x0000000100000000)
  region size 1024K, 20 young (20480K), 2 survivors (2048K)
 Metaspace       used 32605K, committed 33856K, reserved 1114112K
  class space    used 3521K, committed 4096K, reserved 1048576K
}
Event: 5.376 GC heap after
{Heap after GC invocations=15 (full 0):
 garbage-first heap   total reserved 2097152K, committed 66560K, used 29623K [0x0000000080000000, 0x0000000100000000)
  region size 1024K, 2 young (2048K), 2 survivors (2048K)
 Metaspace       used 32605K, committed 33856K, reserved 1114112K
  class space    used 3521K, committed 4096K, reserved 1048576K
}

Dll operation events (15 events):
Event: 0.017 Loaded shared library C:\Program Files\Java\jdk-24\bin\java.dll
Event: 0.044 Loaded shared library C:\Program Files\Java\jdk-24\bin\jsvml.dll
Event: 0.085 Loaded shared library C:\Program Files\Java\jdk-24\bin\zip.dll
Event: 0.089 Loaded shared library C:\Program Files\Java\jdk-24\bin\instrument.dll
Event: 0.094 Loaded shared library C:\Program Files\Java\jdk-24\bin\net.dll
Event: 0.100 Loaded shared library C:\Program Files\Java\jdk-24\bin\nio.dll
Event: 0.103 Loaded shared library C:\Program Files\Java\jdk-24\bin\zip.dll
Event: 0.441 Loaded shared library C:\Program Files\Java\jdk-24\bin\jimage.dll
Event: 0.944 Loaded shared library C:\Program Files\Java\jdk-24\bin\verify.dll
Event: 0.981 Loaded shared library C:\Users\user\.gradle\native\660c5614fbf4a5f2a75b1949f50a0caf5cd603558e7d8a26e50b933a0cfb79d1\windows-amd64\native-platform.dll
Event: 0.998 Loaded shared library C:\Users\user\.gradle\native\0.2.8\x86_64-windows-gnu\gradle-fileevents.dll
Event: 1.970 Loaded shared library C:\Program Files\Java\jdk-24\bin\management.dll
Event: 1.975 Loaded shared library C:\Program Files\Java\jdk-24\bin\management_ext.dll
Event: 2.124 Loaded shared library C:\Program Files\Java\jdk-24\bin\extnet.dll
Event: 2.392 Loaded shared library C:\Program Files\Java\jdk-24\bin\sunmscapi.dll

Deoptimization events (20 events):
Event: 5.539 Thread 0x00000270f26eb370 Uncommon trap: trap_request=0xffffff4d fr.pc=0x000002709e62ecd0 relative=0x0000000000000a30
Event: 5.539 Thread 0x00000270f26eb370 Uncommon trap: reason=unstable_if action=reinterpret pc=0x000002709e62ecd0 method=java.lang.invoke.LambdaForm$BasicType.basicType(C)Ljava/lang/invoke/LambdaForm$BasicType; @ 1 c2
Event: 5.539 Thread 0x00000270f26eb370 DEOPT PACKING pc=0x000002709e62ecd0 sp=0x000000d9a5bfae30
Event: 5.539 Thread 0x00000270f26eb370 DEOPT UNPACKING pc=0x000002709e0d6e82 sp=0x000000d9a5bfac30 mode 2
Event: 5.556 Thread 0x00000270f2b86b90 Uncommon trap: trap_request=0xffffff66 fr.pc=0x000002709e5efdac relative=0x000000000000068c
Event: 5.556 Thread 0x00000270f2b86b90 Uncommon trap: reason=speculate_class_check action=maybe_recompile pc=0x000002709e5efdac method=sun.security.provider.DigestBase.engineReset()V @ 11 c2
Event: 5.556 Thread 0x00000270f2b86b90 DEOPT PACKING pc=0x000002709e5efdac sp=0x000000d9a67fe780
Event: 5.556 Thread 0x00000270f2b86b90 DEOPT UNPACKING pc=0x000002709e0d6e82 sp=0x000000d9a67fe6f8 mode 2
Event: 5.600 Thread 0x00000270f2b8bc00 Uncommon trap: trap_request=0xffffff6e fr.pc=0x000002709e58eaa0 relative=0x00000000000006c0
Event: 5.600 Thread 0x00000270f2b8bc00 Uncommon trap: reason=loop_limit_check action=maybe_recompile pc=0x000002709e58eaa0 method=jdk.internal.classfile.impl.AttributeHolder.withAttribute(Ljava/lang/classfile/Attribute;)V @ 39 c2
Event: 5.600 Thread 0x00000270f2b8bc00 DEOPT PACKING pc=0x000002709e58eaa0 sp=0x000000d9a6cfe0b0
Event: 5.600 Thread 0x00000270f2b8bc00 DEOPT UNPACKING pc=0x000002709e0d6e82 sp=0x000000d9a6cfe080 mode 2
Event: 5.870 Thread 0x00000270f26eb370 Uncommon trap: trap_request=0xffffffde fr.pc=0x000002709e566bd4 relative=0x00000000000001d4
Event: 5.870 Thread 0x00000270f26eb370 Uncommon trap: reason=class_check action=maybe_recompile pc=0x000002709e566bd4 method=java.lang.String.equals(Ljava/lang/Object;)Z @ 8 c2
Event: 5.870 Thread 0x00000270f26eb370 DEOPT PACKING pc=0x000002709e566bd4 sp=0x000000d9a5bf9c90
Event: 5.870 Thread 0x00000270f26eb370 DEOPT UNPACKING pc=0x000002709e0d6e82 sp=0x000000d9a5bf9c28 mode 2
Event: 5.965 Thread 0x00000270f26eb370 Uncommon trap: trap_request=0xffffff4d fr.pc=0x000002709e5f6afc relative=0x00000000000002bc
Event: 5.965 Thread 0x00000270f26eb370 Uncommon trap: reason=unstable_if action=reinterpret pc=0x000002709e5f6afc method=java.util.HashMap.hash(Ljava/lang/Object;)I @ 1 c2
Event: 5.965 Thread 0x00000270f26eb370 DEOPT PACKING pc=0x000002709e5f6afc sp=0x000000d9a5bf8f20
Event: 5.965 Thread 0x00000270f26eb370 DEOPT UNPACKING pc=0x000002709e0d6e82 sp=0x000000d9a5bf8db8 mode 2

Classes loaded (20 events):
Event: 5.288 Loading class java/util/concurrent/CancellationException
Event: 5.288 Loading class java/util/concurrent/CancellationException done
Event: 5.316 Loading class java/util/concurrent/locks/AbstractQueuedSynchronizer$SharedNode
Event: 5.316 Loading class java/util/concurrent/locks/AbstractQueuedSynchronizer$SharedNode done
Event: 5.327 Loading class java/util/ArrayDeque$DeqSpliterator
Event: 5.327 Loading class java/util/ArrayDeque$DeqSpliterator done
Event: 5.368 Loading class java/nio/file/FileAlreadyExistsException
Event: 5.368 Loading class java/nio/file/FileAlreadyExistsException done
Event: 5.386 Loading class com/sun/crypto/provider/AESCipher$General
Event: 5.387 Loading class com/sun/crypto/provider/AESCipher
Event: 5.387 Loading class com/sun/crypto/provider/AESCipher done
Event: 5.387 Loading class com/sun/crypto/provider/AESCipher$General done
Event: 5.387 Loading class com/sun/crypto/provider/CounterMode
Event: 5.387 Loading class com/sun/crypto/provider/CounterMode done
Event: 5.539 Loading class jdk/internal/reflect/MethodHandleBooleanFieldAccessorImpl
Event: 5.540 Loading class jdk/internal/reflect/MethodHandleBooleanFieldAccessorImpl done
Event: 5.963 Loading class java/lang/reflect/AnnotatedType
Event: 5.964 Loading class java/lang/reflect/AnnotatedType done
Event: 5.978 Loading class java/lang/SafeVarargs
Event: 5.978 Loading class java/lang/SafeVarargs done

Classes unloaded (0 events):
No events

Classes redefined (0 events):
No events

Internal exceptions (20 events):
Event: 5.240 Thread 0x00000270f26eb370 Exception <a 'java/lang/NoSuchMethodError'{0x00000000829b09a0}: 'java.lang.Object java.lang.invoke.DirectMethodHandle$Holder.newInvokeSpecial(java.lang.Object, java.lang.Object, java.lang.Object, java.lang.Object, java.lang.Object, java.lang.Object, java.lang.Object, java.lang.Object, java.lang.Object, java.lang.Object, java.lang.Object, java.lang.Object, java.lang.Object, java.lang.Object)'> (0x00000000829b09a0) 
thrown [s\open\src\hotspot\share\interpreter\linkResolver.cpp, line 805]
Event: 5.257 Thread 0x00000270f26eb370 Exception <a 'java/lang/NoSuchMethodError'{0x00000000828c0480}: 'java.lang.Object java.lang.invoke.DirectMethodHandle$Holder.invokeStatic(java.lang.Object, int, java.lang.Object)'> (0x00000000828c0480) 
thrown [s\open\src\hotspot\share\interpreter\linkResolver.cpp, line 805]
Event: 5.273 Thread 0x00000270f26eb370 Exception <a 'java/lang/IncompatibleClassChangeError'{0x0000000082777ac8}: Found class java.lang.Object, but interface was expected> (0x0000000082777ac8) 
thrown [s\open\src\hotspot\share\interpreter\linkResolver.cpp, line 872]
Event: 5.323 Thread 0x00000270f26eb370 Exception <a 'java/lang/NoSuchMethodError'{0x0000000082598650}: 'int java.lang.invoke.DirectMethodHandle$Holder.invokeVirtual(java.lang.Object, java.lang.Object)'> (0x0000000082598650) 
thrown [s\open\src\hotspot\share\interpreter\linkResolver.cpp, line 805]
Event: 5.368 Thread 0x00000270f26eb370 Exception <a 'sun/nio/fs/WindowsException'{0x00000000823e7888}> (0x00000000823e7888) 
thrown [s\open\src\hotspot\share\prims\jni.cpp, line 518]
Event: 5.370 Thread 0x00000270f26eb370 Exception <a 'sun/nio/fs/WindowsException'{0x00000000823e9360}> (0x00000000823e9360) 
thrown [s\open\src\hotspot\share\prims\jni.cpp, line 518]
Event: 5.433 Thread 0x00000270f26eb370 Exception <a 'java/lang/NoSuchMethodError'{0x0000000083d12be8}: 'java.lang.Object java.lang.invoke.DirectMethodHandle$Holder.newInvokeSpecial(java.lang.Object, java.lang.Object, long)'> (0x0000000083d12be8) 
thrown [s\open\src\hotspot\share\interpreter\linkResolver.cpp, line 805]
Event: 5.433 Thread 0x00000270f26eb370 Exception <a 'java/lang/NoSuchMethodError'{0x0000000083d1be48}: 'java.lang.Object java.lang.invoke.Invokers$Holder.linkToTargetMethod(java.lang.Object, long, java.lang.Object)'> (0x0000000083d1be48) 
thrown [s\open\src\hotspot\share\interpreter\linkResolver.cpp, line 805]
Event: 5.455 Thread 0x00000270f26eb370 Exception <a 'java/lang/NoSuchMethodError'{0x0000000083c08700}: 'int java.lang.invoke.DirectMethodHandle$Holder.invokeSpecial(java.lang.Object, java.lang.Object, java.lang.Object, java.lang.Object)'> (0x0000000083c08700) 
thrown [s\open\src\hotspot\share\interpreter\linkResolver.cpp, line 805]
Event: 5.459 Thread 0x00000270f26eb370 Exception <a 'java/lang/NoSuchMethodError'{0x0000000083c33008}: 'int java.lang.invoke.DirectMethodHandle$Holder.invokeInterface(java.lang.Object, java.lang.Object)'> (0x0000000083c33008) 
thrown [s\open\src\hotspot\share\interpreter\linkResolver.cpp, line 805]
Event: 5.541 Thread 0x00000270f26eb370 Exception <a 'java/lang/NoSuchMethodError'{0x0000000083a99610}: 'void java.lang.invoke.DelegatingMethodHandle$Holder.reinvoke_L(java.lang.Object, java.lang.Object, int)'> (0x0000000083a99610) 
thrown [s\open\src\hotspot\share\interpreter\linkResolver.cpp, line 805]
Event: 5.542 Thread 0x00000270f26eb370 Exception <a 'java/lang/NoSuchMethodError'{0x0000000083aaa110}: 'int java.lang.invoke.Invokers$Holder.invokeExact_MT(java.lang.Object, java.lang.Object, java.lang.Object)'> (0x0000000083aaa110) 
thrown [s\open\src\hotspot\share\interpreter\linkResolver.cpp, line 805]
Event: 5.553 Thread 0x00000270f26eb370 Exception <a 'sun/nio/fs/WindowsException'{0x0000000083905978}> (0x0000000083905978) 
thrown [s\open\src\hotspot\share\prims\jni.cpp, line 518]
Event: 5.617 Thread 0x00000270f26eb370 Exception <a 'java/lang/NoSuchMethodError'{0x0000000083881fd8}: 'void java.lang.invoke.DirectMethodHandle$Holder.invokeInterface(java.lang.Object, java.lang.Object, java.lang.Object, java.lang.Object, java.lang.Object)'> (0x0000000083881fd8) 
thrown [s\open\src\hotspot\share\interpreter\linkResolver.cpp, line 805]
Event: 5.803 Thread 0x00000270f26eb370 Exception <a 'java/lang/NoSuchMethodError'{0x000000008348c630}: 'java.lang.Object java.lang.invoke.DirectMethodHandle$Holder.invokeVirtual(java.lang.Object, java.lang.Object, java.lang.Object, java.lang.Object, java.lang.Object, java.lang.Object, java.lang.Object, java.lang.Object, java.lang.Object, java.lang.Object, java.lang.Object, java.lang.Object, java.lang.Object, java.lang.Object, java.lang.Object)'> (0x000000008348c630) 
thrown [s\open\src\hotspot\share\interpreter\linkResolver.cpp, line 805]
Event: 5.871 Thread 0x00000270f26eb370 Exception <a 'java/lang/NoSuchMethodError'{0x00000000831366d0}: 'java.lang.Object java.lang.invoke.DirectMethodHandle$Holder.newInvokeSpecial(java.lang.Object, java.lang.Object, java.lang.Object, java.lang.Object, java.lang.Object, java.lang.Object, java.lang.Object, java.lang.Object, java.lang.Object, java.lang.Object, java.lang.Object, java.lang.Object)'> (0x00000000831366d0) 
thrown [s\open\src\hotspot\share\interpreter\linkResolver.cpp, line 805]
Event: 5.922 Thread 0x00000270f26eb370 Exception <a 'java/lang/NoSuchMethodError'{0x0000000082f4ae78}: 'java.lang.Object java.lang.invoke.DirectMethodHandle$Holder.invokeVirtual(java.lang.Object, java.lang.Object, java.lang.Object, java.lang.Object, java.lang.Object, java.lang.Object, java.lang.Object, java.lang.Object, java.lang.Object, java.lang.Object, java.lang.Object, java.lang.Object, java.lang.Object, java.lang.Object, java.lang.Object, java.lang.Object, java.lang.Object, java.lang.Object, java.lang.Object, java.lang.Object, java.lang.Ob
Event: 5.923 Thread 0x00000270f26eb370 Exception <a 'java/lang/NoSuchMethodError'{0x0000000082f56128}: 'java.lang.Object java.lang.invoke.DirectMethodHandle$Holder.invokeSpecial(java.lang.Object, java.lang.Object, java.lang.Object, java.lang.Object, java.lang.Object, java.lang.Object, java.lang.Object, java.lang.Object, java.lang.Object, java.lang.Object, java.lang.Object, java.lang.Object, java.lang.Object, java.lang.Object, java.lang.Object, java.lang.Object, java.lang.Object, java.lang.Object, java.lang.Object, java.lang.Object, java.lang.Ob
Event: 5.924 Thread 0x00000270f26eb370 Exception <a 'java/lang/NoSuchMethodError'{0x0000000082f61970}: 'java.lang.Object java.lang.invoke.DelegatingMethodHandle$Holder.reinvoke_L(java.lang.Object, java.lang.Object, java.lang.Object, java.lang.Object, java.lang.Object, java.lang.Object, java.lang.Object, java.lang.Object, java.lang.Object, java.lang.Object, java.lang.Object, java.lang.Object, java.lang.Object, java.lang.Object, java.lang.Object, java.lang.Object, java.lang.Object, java.lang.Object, java.lang.Object, java.lang.Object, java.lang.O
Event: 5.965 Thread 0x00000270f26eb370 Implicit null exception at 0x000002709e5f6888 to 0x000002709e5f6ae0

VM Operations (20 events):
Event: 4.685 Executing VM operation: G1PauseCleanup
Event: 4.685 Executing VM operation: G1PauseCleanup done
Event: 4.730 Executing VM operation: HandshakeAllThreads (Deoptimize)
Event: 4.730 Executing VM operation: HandshakeAllThreads (Deoptimize) done
Event: 4.731 Executing VM operation: HandshakeAllThreads (Deoptimize)
Event: 4.731 Executing VM operation: HandshakeAllThreads (Deoptimize) done
Event: 4.851 Executing VM operation: HandshakeAllThreads (Deoptimize)
Event: 4.851 Executing VM operation: HandshakeAllThreads (Deoptimize) done
Event: 4.912 Executing VM operation: HandshakeAllThreads (Deoptimize)
Event: 4.912 Executing VM operation: HandshakeAllThreads (Deoptimize) done
Event: 4.919 Executing VM operation: HandshakeAllThreads (Deoptimize)
Event: 4.919 Executing VM operation: HandshakeAllThreads (Deoptimize) done
Event: 4.985 Executing VM operation: G1CollectForAllocation (G1 Evacuation Pause)
Event: 4.988 Executing VM operation: G1CollectForAllocation (G1 Evacuation Pause) done
Event: 5.069 Executing VM operation: HandshakeAllThreads (Deoptimize)
Event: 5.069 Executing VM operation: HandshakeAllThreads (Deoptimize) done
Event: 5.373 Executing VM operation: G1CollectForAllocation (G1 Evacuation Pause)
Event: 5.376 Executing VM operation: G1CollectForAllocation (G1 Evacuation Pause) done
Event: 5.971 Executing VM operation: HandshakeAllThreads (Deoptimize)
Event: 5.971 Executing VM operation: HandshakeAllThreads (Deoptimize) done

Memory protections (0 events):
No events

Nmethod flushes (20 events):
Event: 4.680 Thread 0x00000270ab0cd170 flushing  nmethod 0x0000027096b00408
Event: 4.680 Thread 0x00000270ab0cd170 flushing  nmethod 0x0000027096b00708
Event: 4.680 Thread 0x00000270ab0cd170 flushing  nmethod 0x0000027096b00b88
Event: 4.680 Thread 0x00000270ab0cd170 flushing  nmethod 0x0000027096b55088
Event: 4.680 Thread 0x00000270ab0cd170 flushing  nmethod 0x0000027096b55808
Event: 4.680 Thread 0x00000270ab0cd170 flushing  nmethod 0x0000027096b5eb88
Event: 4.680 Thread 0x00000270ab0cd170 flushing  nmethod 0x0000027096b60188
Event: 4.680 Thread 0x00000270ab0cd170 flushing  nmethod 0x0000027096bbc908
Event: 4.680 Thread 0x00000270ab0cd170 flushing  nmethod 0x0000027096bc0b08
Event: 4.680 Thread 0x00000270ab0cd170 flushing  nmethod 0x0000027096c0c588
Event: 4.680 Thread 0x00000270ab0cd170 flushing  nmethod 0x0000027096c0d888
Event: 4.680 Thread 0x00000270ab0cd170 flushing  nmethod 0x0000027096c41308
Event: 4.680 Thread 0x00000270ab0cd170 flushing  nmethod 0x0000027096c47588
Event: 4.680 Thread 0x00000270ab0cd170 flushing  nmethod 0x0000027096d3f108
Event: 4.680 Thread 0x00000270ab0cd170 flushing  nmethod 0x0000027096d41e88
Event: 4.680 Thread 0x00000270ab0cd170 flushing  nmethod 0x0000027096d43488
Event: 4.680 Thread 0x00000270ab0cd170 flushing  nmethod 0x0000027096d43e08
Event: 4.680 Thread 0x00000270ab0cd170 flushing  nmethod 0x0000027096de4b08
Event: 4.680 Thread 0x00000270ab0cd170 flushing  nmethod 0x0000027096e40988
Event: 4.680 Thread 0x00000270ab0cd170 flushing  nmethod 0x0000027096e41108

Events (20 events):
Event: 0.125 Thread 0x000002708e1ee400 Thread added: 0x00000270ab36fc80
Event: 2.013 Thread 0x000002708e1ee400 Thread added: 0x00000270f25bb010
Event: 2.276 Thread 0x000002708e1ee400 Thread added: 0x00000270f2665540
Event: 2.352 Thread 0x000002708e1ee400 Thread added: 0x00000270f26ed800
Event: 2.428 Thread 0x00000270f2665540 Thread added: 0x00000270f26edf50
Event: 2.432 Thread 0x00000270f26edf50 Thread added: 0x00000270f26ec960
Event: 2.468 Thread 0x00000270f26edf50 Thread added: 0x00000270f26eac20
Event: 2.479 Thread 0x00000270f26edf50 Thread added: 0x00000270f26eb370
Event: 2.484 Thread 0x00000270f26eb370 Thread added: 0x00000270f26ed0b0
Event: 2.511 Thread 0x00000270f26eb370 Thread added: 0x00000270f26ebac0
Event: 2.520 Thread 0x00000270f26eb370 Thread added: 0x00000270f26ec210
Event: 3.062 Thread 0x00000270f26eb370 Thread added: 0x00000270f2b87a30
Event: 3.071 Thread 0x00000270f26eb370 Thread added: 0x00000270f2b855a0
Event: 3.189 Thread 0x00000270f26eb370 Thread added: 0x00000270f2b84e50
Event: 4.192 Thread 0x00000270f26eb370 Thread added: 0x00000270f2b86b90
Event: 4.241 Thread 0x00000270f26eb370 Thread added: 0x00000270f2b86440
Event: 4.429 Thread 0x00000270f26eb370 Thread added: 0x00000270f2b888d0
Event: 4.863 Thread 0x00000270f26eb370 Thread added: 0x00000270f2b88180
Event: 5.316 Thread 0x00000270f26eb370 Thread added: 0x00000270f2b85cf0
Event: 5.322 Thread 0x00000270f26eb370 Thread added: 0x00000270f2b8bc00


Dynamic libraries:
0x00007ff6e85d0000 - 0x00007ff6e85e0000 	C:\Program Files\Java\jdk-24\bin\java.exe
0x00007ff8182c0000 - 0x00007ff818527000 	C:\WINDOWS\SYSTEM32\ntdll.dll
0x00007ff816dd0000 - 0x00007ff816e9b000 	C:\WINDOWS\System32\KERNEL32.DLL
0x00007ff8156f0000 - 0x00007ff815af2000 	C:\WINDOWS\System32\KERNELBASE.dll
0x00007ff815bc0000 - 0x00007ff815d0c000 	C:\WINDOWS\System32\ucrtbase.dll
0x00007ff8101b0000 - 0x00007ff8101cb000 	C:\Program Files\Java\jdk-24\bin\VCRUNTIME140.dll
0x00007ff810190000 - 0x00007ff8101a6000 	C:\Program Files\Java\jdk-24\bin\jli.dll
0x00007ff817b20000 - 0x00007ff817cef000 	C:\WINDOWS\System32\USER32.dll
0x00007ff815b90000 - 0x00007ff815bb7000 	C:\WINDOWS\System32\win32u.dll
0x00007ff816ea0000 - 0x00007ff816ecb000 	C:\WINDOWS\System32\GDI32.dll
0x00007ff815eb0000 - 0x00007ff815fd9000 	C:\WINDOWS\System32\gdi32full.dll
0x00007ffff5750000 - 0x00007ffff59e0000 	C:\WINDOWS\WinSxS\amd64_microsoft.windows.common-controls_6595b64144ccf1df_6.0.26100.9278_none_3e0d1ba8e3303201\COMCTL32.dll
0x00007ff8154c0000 - 0x00007ff815563000 	C:\WINDOWS\System32\msvcp_win.dll
0x00007ff8166b0000 - 0x00007ff816759000 	C:\WINDOWS\System32\msvcrt.dll
0x00007ff817a50000 - 0x00007ff817a81000 	C:\WINDOWS\System32\IMM32.DLL
0x00007ff810180000 - 0x00007ff81018c000 	C:\Program Files\Java\jdk-24\bin\vcruntime140_1.dll
0x00007ffffb1e0000 - 0x00007ffffb26e000 	C:\Program Files\Java\jdk-24\bin\msvcp140.dll
0x00007fff6d330000 - 0x00007fff6e0d2000 	C:\Program Files\Java\jdk-24\bin\server\jvm.dll
0x00007ff816760000 - 0x00007ff81681c000 	C:\WINDOWS\System32\ADVAPI32.dll
0x00007ff816500000 - 0x00007ff8165a9000 	C:\WINDOWS\System32\sechost.dll
0x00007ff816910000 - 0x00007ff816a28000 	C:\WINDOWS\System32\RPCRT4.dll
0x00007ff817a90000 - 0x00007ff817b10000 	C:\WINDOWS\System32\WS2_32.dll
0x00007ff815320000 - 0x00007ff81537e000 	C:\WINDOWS\SYSTEM32\POWRPROF.dll
0x00007ff80b870000 - 0x00007ff80b8a6000 	C:\WINDOWS\SYSTEM32\WINMM.dll
0x00007ff80b230000 - 0x00007ff80b23b000 	C:\WINDOWS\SYSTEM32\VERSION.dll
0x00007ff815300000 - 0x00007ff815315000 	C:\WINDOWS\SYSTEM32\UMPDC.dll
0x00007ff814190000 - 0x00007ff8141ab000 	C:\WINDOWS\SYSTEM32\kernel.appcore.dll
0x00007ff808ed0000 - 0x00007ff808eda000 	C:\Program Files\Java\jdk-24\bin\jimage.dll
0x00007ffffeff0000 - 0x00007fffff23c000 	C:\WINDOWS\SYSTEM32\DBGHELP.DLL
0x00007ff816170000 - 0x00007ff8164f5000 	C:\WINDOWS\System32\combase.dll
0x00007ff816830000 - 0x00007ff816909000 	C:\WINDOWS\System32\OLEAUT32.dll
0x00007ffff60e0000 - 0x00007ffff611b000 	C:\WINDOWS\SYSTEM32\dbgcore.DLL
0x00007ff815630000 - 0x00007ff8156dc000 	C:\WINDOWS\System32\bcryptPrimitives.dll
0x00007ff808ec0000 - 0x00007ff808ecf000 	C:\Program Files\Java\jdk-24\bin\instrument.dll
0x00007ff806ca0000 - 0x00007ff806cbe000 	C:\Program Files\Java\jdk-24\bin\java.dll
0x00007ff816a30000 - 0x00007ff816bca000 	C:\WINDOWS\System32\ole32.dll
0x00007ff816ed0000 - 0x00007ff817668000 	C:\WINDOWS\System32\SHELL32.dll
0x00007ff812f40000 - 0x00007ff8137ee000 	C:\WINDOWS\SYSTEM32\windows.storage.dll
0x00007ff8176c0000 - 0x00007ff8177bb000 	C:\WINDOWS\System32\SHCORE.dll
0x00007ff8177c0000 - 0x00007ff817826000 	C:\WINDOWS\System32\shlwapi.dll
0x00007ff8153e0000 - 0x00007ff815409000 	C:\WINDOWS\SYSTEM32\profapi.dll
0x00007fffe5a80000 - 0x00007fffe5b57000 	C:\Program Files\Java\jdk-24\bin\jsvml.dll
0x00007ff806c00000 - 0x00007ff806c17000 	C:\Program Files\Java\jdk-24\bin\zip.dll
0x00007ff808eb0000 - 0x00007ff808ec0000 	C:\Program Files\Java\jdk-24\bin\net.dll
0x00007ff814750000 - 0x00007ff8147bc000 	C:\WINDOWS\system32\mswsock.dll
0x00007ff8061d0000 - 0x00007ff8061e6000 	C:\Program Files\Java\jdk-24\bin\nio.dll
0x00007ff806c90000 - 0x00007ff806ca0000 	C:\Program Files\Java\jdk-24\bin\verify.dll
0x00007ff801950000 - 0x00007ff801977000 	C:\Users\user\.gradle\native\660c5614fbf4a5f2a75b1949f50a0caf5cd603558e7d8a26e50b933a0cfb79d1\windows-amd64\native-platform.dll
0x00007ffffb2c0000 - 0x00007ffffb337000 	C:\Users\user\.gradle\native\0.2.8\x86_64-windows-gnu\gradle-fileevents.dll
0x00007ff8060c0000 - 0x00007ff8060ca000 	C:\Program Files\Java\jdk-24\bin\management.dll
0x00007ff8060b0000 - 0x00007ff8060bb000 	C:\Program Files\Java\jdk-24\bin\management_ext.dll
0x00007ff816140000 - 0x00007ff816148000 	C:\WINDOWS\System32\PSAPI.DLL
0x00007ff813bb0000 - 0x00007ff813be3000 	C:\WINDOWS\SYSTEM32\IPHLPAPI.DLL
0x00007ff8178f0000 - 0x00007ff8178fa000 	C:\WINDOWS\System32\NSI.dll
0x00007ff805970000 - 0x00007ff805979000 	C:\Program Files\Java\jdk-24\bin\extnet.dll
0x00007ff814a40000 - 0x00007ff814a5b000 	C:\WINDOWS\SYSTEM32\CRYPTSP.dll
0x00007ff8140f0000 - 0x00007ff814129000 	C:\WINDOWS\system32\rsaenh.dll
0x00007ff814800000 - 0x00007ff814834000 	C:\WINDOWS\SYSTEM32\USERENV.dll
0x00007ff8153b0000 - 0x00007ff8153da000 	C:\WINDOWS\SYSTEM32\bcrypt.dll
0x00007ff814a60000 - 0x00007ff814a6c000 	C:\WINDOWS\SYSTEM32\CRYPTBASE.dll
0x00007ff805960000 - 0x00007ff80596e000 	C:\Program Files\Java\jdk-24\bin\sunmscapi.dll
0x00007ff815d20000 - 0x00007ff815e9e000 	C:\WINDOWS\System32\CRYPT32.dll
0x00007ff814c80000 - 0x00007ff814cb0000 	C:\WINDOWS\SYSTEM32\ncrypt.dll
0x00007ff814c30000 - 0x00007ff814c6f000 	C:\WINDOWS\SYSTEM32\NTASN1.dll
0x00007fffe9980000 - 0x00007fffe9988000 	C:\WINDOWS\system32\wshunix.dll

JVMTI agents:
C:\Users\user\.gradle\wrapper\dists\gradle-9.6.0-bin\42k10rwplmzkhuboz9kdazi7s\gradle-9.6.0\lib\agents\gradle-instrumentation-agent-9.6.0.jar path:C:\Program Files\Java\jdk-24\bin\instrument.dll, loaded, initialized, instrumentlib options:none

dbghelp: loaded successfully - version: 4.0.5 - missing functions: none
symbol engine: initialized successfully - sym options: 0x614 - pdb path: .;C:\Program Files\Java\jdk-24\bin;C:\WINDOWS\SYSTEM32;C:\WINDOWS\WinSxS\amd64_microsoft.windows.common-controls_6595b64144ccf1df_6.0.26100.9278_none_3e0d1ba8e3303201;C:\Program Files\Java\jdk-24\bin\server;C:\Users\user\.gradle\native\660c5614fbf4a5f2a75b1949f50a0caf5cd603558e7d8a26e50b933a0cfb79d1\windows-amd64;C:\Users\user\.gradle\native\0.2.8\x86_64-windows-gnu

VM Arguments:
jvm_args: --add-opens=java.base/java.lang=ALL-UNNAMED --add-opens=java.base/java.lang.invoke=ALL-UNNAMED --add-opens=java.base/java.util=ALL-UNNAMED --add-opens=java.prefs/java.util.prefs=ALL-UNNAMED --add-exports=jdk.compiler/com.sun.tools.javac.api=ALL-UNNAMED --add-exports=jdk.compiler/com.sun.tools.javac.util=ALL-UNNAMED --add-opens=java.base/java.nio.charset=ALL-UNNAMED --add-opens=java.base/java.net=ALL-UNNAMED --add-opens=java.base/java.util.concurrent=ALL-UNNAMED --add-opens=java.base/java.util.concurrent.atomic=ALL-UNNAMED --add-opens=java.xml/javax.xml.namespace=ALL-UNNAMED --add-opens=java.base/java.time=ALL-UNNAMED --enable-native-access=ALL-UNNAMED -Xmx2048m -Dfile.encoding=UTF-8 -Duser.country=US -Duser.language=en -Duser.variant -javaagent:C:\Users\user\.gradle\wrapper\dists\gradle-9.6.0-bin\42k10rwplmzkhuboz9kdazi7s\gradle-9.6.0\lib\agents\gradle-instrumentation-agent-9.6.0.jar 
java_command: org.gradle.launcher.daemon.bootstrap.GradleDaemon 9.6.0
java_class_path (initial): C:\Users\user\.gradle\wrapper\dists\gradle-9.6.0-bin\42k10rwplmzkhuboz9kdazi7s\gradle-9.6.0\lib\gradle-daemon-main-9.6.0.jar
Launcher Type: SUN_STANDARD

[Global flags]
     intx CICompilerCount                          = 4                                         {product} {ergonomic}
     uint ConcGCThreads                            = 2                                         {product} {ergonomic}
     uint G1ConcRefinementThreads                  = 8                                         {product} {ergonomic}
   size_t G1HeapRegionSize                         = 1048576                                   {product} {ergonomic}
   size_t InitialHeapSize                          = 54525952                                  {product} {ergonomic}
   size_t MarkStackSize                            = 4194304                                   {product} {ergonomic}
   size_t MarkStackSizeMax                         = 536870912                                 {product} {ergonomic}
   size_t MaxHeapSize                              = 2147483648                                {product} {command line}
   size_t MaxNewSize                               = 1287651328                                {product} {ergonomic}
   size_t MinHeapDeltaBytes                        = 1048576                                   {product} {ergonomic}
   size_t MinHeapSize                              = 8388608                                   {product} {ergonomic}
    uintx NonNMethodCodeHeapSize                   = 5832704                                {pd product} {ergonomic}
    uintx NonProfiledCodeHeapSize                  = 122945536                              {pd product} {ergonomic}
    uintx ProfiledCodeHeapSize                     = 122880000                              {pd product} {ergonomic}
    uintx ReservedCodeCacheSize                    = 251658240                              {pd product} {ergonomic}
     bool SegmentedCodeCache                       = true                                      {product} {ergonomic}
   size_t SoftMaxHeapSize                          = 2147483648                             {manageable} {ergonomic}
     bool UseCompressedOops                        = true                           {product lp64_product} {ergonomic}
     bool UseG1GC                                  = true                                      {product} {ergonomic}
     bool UseLargePagesIndividualAllocation        = false                                  {pd product} {ergonomic}

Logging:
Log output configuration:
 #0: stdout all=warning uptime,level,tags foldmultilines=false
 #1: stderr all=off uptime,level,tags foldmultilines=false

Environment Variables:
PATH=C:\Program Files\Common Files\Oracle\Java\javapath;C:\WINDOWS\system32;C:\WINDOWS;C:\WINDOWS\System32\Wbem;C:\WINDOWS\System32\WindowsPowerShell\v1.0\;C:\WINDOWS\System32\OpenSSH\;C:\Program Files\Git\cmd;C:\Program Files\Microsoft SQL Server\170\Tools\Binn\;C:\Program Files\Microsoft SQL Server\Client SDK\ODBC\170\Tools\Binn\;C:\Program Files\dotnet\;C:\Program Files (x86)\Microsoft SQL Server\160\DTS\Binn\;C:\Users\user\AppData\Local\Microsoft\WindowsApps;C:\Users\user\AppData\Local\Programs\Microsoft VS Code\bin;C:\Users\user\.dotnet\tools;C:\Users\user\AppData\Local\GitHubDesktop\bin
USERNAME=user
OS=Windows_NT
PROCESSOR_IDENTIFIER=AMD64 Family 23 Model 160 Stepping 0, AuthenticAMD
TMP=C:\Users\user\AppData\Local\Temp
TEMP=C:\Users\user\AppData\Local\Temp




Periodic native trim disabled

---------------  S Y S T E M  ---------------

OS:
 Windows 11 , 64 bit Build 26100 (10.0.26100.9444)
OS uptime: 7 days 0:31 hours

CPU: total 8 (initial active 8) (8 cores per cpu, 2 threads per core) family 23 model 160 stepping 0 microcode 0x8a00006, cx8, cmov, fxsr, ht, mmx, 3dnowpref, sse, sse2, sse3, ssse3, sse4a, sse4.1, sse4.2, popcnt, lzcnt, tsc, tscinvbit, avx, avx2, aes, clmul, bmi1, bmi2, adx, sha, fma, vzeroupper, clflush, clflushopt, rdtscp, rdpid, f16c
Processor Information for the first 8 processors :
  Max Mhz: 2401, Current Mhz: 2401, Mhz Limit: 2401

Memory: 4k page, system-wide physical 3317M (18M free)
TotalPageFile size 13557M (AvailPageFile size 12M)
current process WorkingSet (physical memory assigned to process): 206M, peak: 206M
current process commit charge ("private bytes"): 255M, peak: 266M

vm_info: Java HotSpot(TM) 64-Bit Server VM (24.0.1+9-30) for windows-amd64 JRE (24.0.1+9-30), built on 2025-03-05T07:23:45Z with MS VC++ 17.6 (VS2022)

END.
